 CertLogon#1

 Timestamp is 67a523c5 (Thu Feb  6 23:04:05 2025)

 Preferred load address is 0000000140000000

 Start         Length     Name                   Class
 0001:00000000 000003b4H .text$mn                CODE
 0001:000003b4 0000074cH .text$mn$cpp            CODE
 0001:00000b00 00000500H .text$mn$cpp$s          CODE
 0001:00001000 000004b0H .text$mn$cpp$u          CODE
 0001:000014b0 00000000H .text$mn$cpp$v          CODE
 0001:000014b0 00000008H .text$nm                CODE
 0001:000014b8 00000108H .text$zz                CODE
 0002:00000000 00000000H .idata$5                DATA
 0002:00000000 000000b4H .rdata                  DATA
 0002:000000b4 0000006cH .rdata$zzzdbg           DATA
 0002:00000120 00000098H .xdata                  DATA
 0002:000001b4 00000000H .edata                  DATA
 0002:000001b4 00000000H .idata$2                DATA
 0002:000001b4 00000000H .idata$3                DATA
 0002:000001b8 00000000H .idata$4                DATA
 0002:000001b8 00000000H .idata$6                DATA
 0003:00000000 00000000H .data                   DATA
 0003:00000000 00000008H .bss                    DATA
 0004:00000000 00000060H .pdata                  DATA

  Address         Publics by Value              Rva+Base               Lib:Object

 0000:00000000       __AbsoluteZero             0000000000000000     <absolute>
 0000:00000000       __arm64x_extra_rfe_table   0000000000000000     <absolute>
 0000:00000000       __arm64x_extra_rfe_table_size 0000000000000000     <absolute>
 0000:00000000       __arm64x_native_entrypoint 0000000000000000     <absolute>
 0000:00000000       __arm64x_redirection_metadata 0000000000000000     <absolute>
 0000:00000000       __arm64x_redirection_metadata_count 0000000000000000     <absolute>
 0000:00000000       __dynamic_value_reloc_table 0000000000000000     <absolute>
 0000:00000000       __enclave_config           0000000000000000     <absolute>
 0000:00000000       __guard_check_icall_a64n_fptr 0000000000000000     <absolute>
 0000:00000000       __guard_eh_cont_count      0000000000000000     <absolute>
 0000:00000000       __guard_eh_cont_table      0000000000000000     <absolute>
 0000:00000000       __guard_fids_count         0000000000000000     <absolute>
 0000:00000000       __guard_fids_table         0000000000000000     <absolute>
 0000:00000000       __guard_flags              0000000000000000     <absolute>
 0000:00000000       __guard_iat_count          0000000000000000     <absolute>
 0000:00000000       __guard_iat_table          0000000000000000     <absolute>
 0000:00000000       __guard_longjmp_count      0000000000000000     <absolute>
 0000:00000000       __guard_longjmp_table      0000000000000000     <absolute>
 0000:00000000       __hybrid_auxiliary_delayload_iat 0000000000000000     <absolute>
 0000:00000000       __hybrid_auxiliary_delayload_iat_copy 0000000000000000     <absolute>
 0000:00000000       __hybrid_auxiliary_iat     0000000000000000     <absolute>
 0000:00000000       __hybrid_auxiliary_iat_copy 0000000000000000     <absolute>
 0000:00000000       __hybrid_code_map          0000000000000000     <absolute>
 0000:00000000       __hybrid_code_map_count    0000000000000000     <absolute>
 0000:00000000       __hybrid_image_info_bitfield 0000000000000000     <absolute>
 0000:00000000       __volatile_metadata        0000000000000000     <absolute>
 0000:00000000       __x64_code_ranges_to_entry_points 0000000000000000     <absolute>
 0000:00000000       __x64_code_ranges_to_entry_points_count 0000000000000000     <absolute>
 0000:00000000       __ImageBase                0000000140000000     <linker-defined>
 0001:00000000       ?epASM@@YAXXZ              0000000140001000 f   x64.obj
 0001:0000000a       __chkstk                   000000014000100a f   x64.obj
 0001:0000012e       LogonUserW                 000000014000112e f   x64.obj
 0001:00000141       CredFree                   0000000140001141 f   x64.obj
 0001:00000154       ImpersonateLoggedOnUser    0000000140001154 f   x64.obj
 0001:00000167       CredMarshalCredentialW     0000000140001167 f   x64.obj
 0001:0000017a       CryptHashCertificate2      000000014000117a f   x64.obj
 0001:0000018d       PFXImportCertStore         000000014000118d f   x64.obj
 0001:000001a0       CertAddCertificateContextToStore 00000001400011a0 f   x64.obj
 0001:000001b3       CertGetCertificateContextProperty 00000001400011b3 f   x64.obj
 0001:000001c6       CertEnumCertificatesInStore 00000001400011c6 f   x64.obj
 0001:000001d9       CertOpenStore              00000001400011d9 f   x64.obj
 0001:000001ec       CertFreeCertificateContext 00000001400011ec f   x64.obj
 0001:000001ff       CertCloseStore             00000001400011ff f   x64.obj
 0001:00000212       GetLastError               0000000140001212 f   x64.obj
 0001:00000225       LocalAlloc                 0000000140001225 f   x64.obj
 0001:00000238       GetCommandLineW            0000000140001238 f   x64.obj
 0001:0000024b       FormatMessageW             000000014000124b f   x64.obj
 0001:0000025e       GetModuleHandleW           000000014000125e f   x64.obj
 0001:00000271       LocalFree                  0000000140001271 f   x64.obj
 0001:00000284       ExitProcess                0000000140001284 f   x64.obj
 0001:00000297       MessageBoxW                0000000140001297 f   x64.obj
 0001:000002aa       NCryptDeleteKey            00000001400012aa f   x64.obj
 0001:000002bd       NCryptFreeObject           00000001400012bd f   x64.obj
 0001:000002d0       NCryptOpenKey              00000001400012d0 f   x64.obj
 0001:000002e3       NCryptOpenStorageProvider  00000001400012e3 f   x64.obj
 0001:000002f6       NtClose                    00000001400012f6 f   x64.obj
 0001:00000309       RtlFreeUnicodeString       0000000140001309 f   x64.obj
 0001:0000031c       NtQueryInformationFile     000000014000131c f   x64.obj
 0001:0000032f       wcschr                     000000014000132f f   x64.obj
 0001:00000342       NtOpenFile                 0000000140001342 f   x64.obj
 0001:00000355       RtlDosPathNameToNtPathName_U_WithStatus 0000000140001355 f   x64.obj
 0001:00000368       NtReadFile                 0000000140001368 f   x64.obj
 0001:0000037b       RtlInitUnicodeString       000000014000137b f   x64.obj
 0001:0000038e       LdrLoadDll                 000000014000138e f   x64.obj
 0001:000003a1       LdrGetProcedureAddress     00000001400013a1 f   x64.obj
 0001:000003b4       ?NameFromCert@@YAJPEBU_CERT_CONTEXT@@PEAPEA_WPEA_K@Z 00000001400013b4 f   ep.obj
 0001:00000568       ?PFXImport@@YAJPEB_W0PEAPEA_WPEA_K@Z 0000000140001568 f   ep.obj
 0001:0000072c       ?DemoLogon@@YAJPEA_W0@Z    000000014000172c f   ep.obj
 0001:000007d4       ?ShowErrorBox@@YAHPEAUHWND__@@JPEB_W@Z 00000001400017d4 f   ep.obj
 0001:00000888       ?ep@@YAXXZ                 0000000140001888 f   ep.obj
 0001:00000908       ?GetNtBase@@YAPEAXXZ       0000000140001908 f   ScEntry:GetFuncAddr.obj
 0001:00000924       ?get_hmod@@YAPEAXPEB_W@Z   0000000140001924 f   ScEntry:GetFuncAddr.obj
 0001:00000980       ?GetFuncAddressEx@@YAPEAXPEAU_IMAGE_DOS_HEADER@@PEBD@Z 0000000140001980 f   ScEntry:GetFuncAddr.obj
 0001:00000b00       ??_C@_15ELPOAHMG@?$AAM?$AAY@FNODOBFM@ 0000000140001b00     ep.obj
 0001:00000b10       ??_C@_19DILNDFJH@?$AAS?$AAH?$AAA?$AA1@FNODOBFM@ 0000000140001b10     ep.obj
 0001:00000b20       ??_C@_1M@OAIMIKLP@?$AAn?$AAt?$AAd?$AAl?$AAl@FNODOBFM@ 0000000140001b20     ep.obj
 0001:00000b30       ??_C@_1BE@KDLLNMG@?$AAP?$AAF?$AAX?$AA?5?$AAL?$AAo?$AAg?$AAo?$AAn@FNODOBFM@ 0000000140001b30     ep.obj
 0001:000014b0       ?sc_end@@YAPEAXXZ          00000001400024b0 f   ScEntry:prepare.obj
 0001:000014b8       ?ScEntry@@YAXPEAU_PEB@@@Z  00000001400024b8 f   ScEntry:prepare.obj
 0002:00000000       ??_C@_0BF@EKFKPNAI@RtlInitUnicodeString@ 0000000140003000     ScEntry:prepare.obj
 0002:00000018       ??_C@_1BI@NEOFKCPM@?$AAp?$AAr?$AAe?$AAp?$AAa?$AAr?$AAe?$AA?4?$AAd?$AAl?$AAl@ 0000000140003018     ScEntry:prepare.obj
 0002:00000030       ??_C@_0L@HOFGLFDL@LdrLoadDll@ 0000000140003030     ScEntry:prepare.obj
 0002:00000040       ??_C@_0BH@GKPJJDBO@LdrGetProcedureAddress@ 0000000140003040     ScEntry:prepare.obj
 0002:00000058       ??_C@_0N@FIGJGHFN@LdrUnloadDll@ 0000000140003058     ScEntry:prepare.obj
 0002:00000068       ??_C@_0BD@JDDPIELM@RtlExitUserProcess@ 0000000140003068     ScEntry:prepare.obj
 0003:00000000       __@@_PchSym_@00@UfhvihUsziibUwlxfnvmghUtrgsfyUhxUgnkUcGEUivovzhvUxvigoltlmKxwBUhgwzucOlyq@4B2008FD98C1DD4 0000000140004000     stdafx.obj
 0003:00000004       __@@_PchSym_@00@UfhvihUsziibUwlxfnvmghUtrgsfyUhxUgnkUcGEUivovzhvUhxvmgibUhgwzucOlyq@4B2008FD98C1DD4 0000000140004004     ScEntry:stdafx.obj

 entry point at        0001:000014b8

 Static symbols

 0000:ffffa000       .debug$S                   0000000140000000     ntdllp:ntdll.dll
 0000:ffffa000       .debug$S                   0000000140000000     ntdllp:ntdll.dll
 0002:ffffd000       .idata$6                   0000000140000000     ntdllp:ntdll.dll
 0001:00000057       common_imp_call            0000000140001057 f   x64.obj
 0001:000000aa       protect                    00000001400010aa f   x64.obj
 0001:00001000       ?LogonUserW                0000000140002000     x64.obj
 0001:00001000       @imp_begin@                0000000140002000     x64.obj
 0001:00001018       ?CredFree                  0000000140002018     x64.obj
 0001:00001030       ?ImpersonateLoggedOnUser   0000000140002030     x64.obj
 0001:00001050       ?CredMarshalCredentialW    0000000140002050     x64.obj
 0001:00001070       @advapi32                  0000000140002070     x64.obj
 0001:00001098       ?CryptHashCertificate2     0000000140002098     x64.obj
 0001:000010b8       ?PFXImportCertStore        00000001400020b8     x64.obj
 0001:000010d8       ?CertAddCertificateContextToStore 00000001400020d8     x64.obj
 0001:00001108       ?CertGetCertificateContextProperty 0000000140002108     x64.obj
 0001:00001138       ?CertEnumCertificatesInStore 0000000140002138     x64.obj
 0001:00001160       ?CertOpenStore             0000000140002160     x64.obj
 0001:00001178       ?CertFreeCertificateContext 0000000140002178     x64.obj
 0001:000011a0       ?CertCloseStore            00000001400021a0     x64.obj
 0001:000011b8       @crypt32                   00000001400021b8     x64.obj
 0001:000011d8       ?GetLastError              00000001400021d8     x64.obj
 0001:000011f0       ?LocalAlloc                00000001400021f0     x64.obj
 0001:00001208       ?GetCommandLineW           0000000140002208     x64.obj
 0001:00001220       ?FormatMessageW            0000000140002220     x64.obj
 0001:00001238       ?GetModuleHandleW          0000000140002238     x64.obj
 0001:00001258       ?LocalFree                 0000000140002258     x64.obj
 0001:00001270       ?ExitProcess               0000000140002270     x64.obj
 0001:00001288       @kernel32                  0000000140002288     x64.obj
 0001:000012b0       ?MessageBoxW               00000001400022b0     x64.obj
 0001:000012c8       @user32                    00000001400022c8     x64.obj
 0001:000012e8       ?NCryptDeleteKey           00000001400022e8     x64.obj
 0001:00001300       ?NCryptFreeObject          0000000140002300     x64.obj
 0001:00001320       ?NCryptOpenKey             0000000140002320     x64.obj
 0001:00001338       ?NCryptOpenStorageProvider 0000000140002338     x64.obj
 0001:00001360       @ncrypt                    0000000140002360     x64.obj
 0001:00001380       ?NtClose                   0000000140002380     x64.obj
 0001:00001390       ?RtlFreeUnicodeString      0000000140002390     x64.obj
 0001:000013b0       ?NtQueryInformationFile    00000001400023b0     x64.obj
 0001:000013d0       ?wcschr                    00000001400023d0     x64.obj
 0001:000013e0       ?NtOpenFile                00000001400023e0     x64.obj
 0001:000013f8       ?RtlDosPathNameToNtPathName_U_WithStatus 00000001400023f8     x64.obj
 0001:00001428       ?NtReadFile                0000000140002428     x64.obj
 0001:00001440       ?RtlInitUnicodeString      0000000140002440     x64.obj
 0001:00001460       ?LdrLoadDll                0000000140002460     x64.obj
 0001:00001478       ?LdrGetProcedureAddress    0000000140002478     x64.obj
 0001:00001498       @ntdllp                    0000000140002498     x64.obj
 0002:00000120       $unwind$?NameFromCert@@YAJPEBU_CERT_CONTEXT@@PEAPEA_WPEA_K@Z 0000000140003120     ep.obj
 0002:0000013c       $unwind$?PFXImport@@YAJPEB_W0PEAPEA_WPEA_K@Z 000000014000313c     ep.obj
 0002:00000158       $unwind$?DemoLogon@@YAJPEA_W0@Z 0000000140003158     ep.obj
 0002:00000160       $unwind$?ShowErrorBox@@YAHPEAUHWND__@@JPEB_W@Z 0000000140003160     ep.obj
 0002:00000170       $unwind$?ep@@YAXXZ         0000000140003170     ep.obj
 0002:00000184       $unwind$?ScEntry@@YAXPEAU_PEB@@@Z 0000000140003184     ScEntry:prepare.obj
 0002:00000194       $unwind$?get_hmod@@YAPEAXPEB_W@Z 0000000140003194     ScEntry:GetFuncAddr.obj
 0002:0000019c       $unwind$?GetFuncAddressEx@@YAPEAXPEAU_IMAGE_DOS_HEADER@@PEBD@Z 000000014000319c     ScEntry:GetFuncAddr.obj
