 CertLogon

 Timestamp is 6742324b (Sat Nov 23 21:51:39 2024)

 Preferred load address is 0000000140000000

 Start         Length     Name                   Class
 0001:00000000 000007acH .text$mn                CODE
 0001:000007ac 00000704H .text$mn$cpp            CODE
 0001:00000eb0 00000044H .text$mn$cpp$s          CODE
 0001:00000ef4 00000008H .text$nm                CODE
 0001:00000efc 00000115H .text$zz                CODE
 0002:00000000 00000000H .idata$5                DATA
 0002:00000000 0000007cH .rdata                  DATA
 0002:0000007c 0000009cH .xdata                  DATA
 0002:00000114 00000000H .edata                  DATA
 0002:00000114 00000000H .idata$2                DATA
 0002:00000114 00000000H .idata$3                DATA
 0002:00000118 00000000H .idata$4                DATA
 0002:00000118 00000000H .idata$6                DATA
 0003:00000000 00000000H .data                   DATA
 0003:00000000 00000008H .bss                    DATA
 0004:00000000 00000060H .pdata                  DATA

  Address         Publics by Value              Rva+Base               Lib:Object

 0000:00000000       __AbsoluteZero             0000000000000000     <absolute>
 0000:00000000       __arm64x_extra_rfe_table   0000000000000000     <absolute>
 0000:00000000       __arm64x_extra_rfe_table_size 0000000000000000     <absolute>
 0000:00000000       __arm64x_native_entrypoint 0000000000000000     <absolute>
 0000:00000000       __arm64x_redirection_metadata 0000000000000000     <absolute>
 0000:00000000       __arm64x_redirection_metadata_count 0000000000000000     <absolute>
 0000:00000000       __dynamic_value_reloc_table 0000000000000000     <absolute>
 0000:00000000       __enclave_config           0000000000000000     <absolute>
 0000:00000000       __guard_check_icall_a64n_fptr 0000000000000000     <absolute>
 0000:00000000       __guard_eh_cont_count      0000000000000000     <absolute>
 0000:00000000       __guard_eh_cont_table      0000000000000000     <absolute>
 0000:00000000       __guard_fids_count         0000000000000000     <absolute>
 0000:00000000       __guard_fids_table         0000000000000000     <absolute>
 0000:00000000       __guard_flags              0000000000000000     <absolute>
 0000:00000000       __guard_iat_count          0000000000000000     <absolute>
 0000:00000000       __guard_iat_table          0000000000000000     <absolute>
 0000:00000000       __guard_longjmp_count      0000000000000000     <absolute>
 0000:00000000       __guard_longjmp_table      0000000000000000     <absolute>
 0000:00000000       __hybrid_auxiliary_delayload_iat 0000000000000000     <absolute>
 0000:00000000       __hybrid_auxiliary_delayload_iat_copy 0000000000000000     <absolute>
 0000:00000000       __hybrid_auxiliary_iat     0000000000000000     <absolute>
 0000:00000000       __hybrid_auxiliary_iat_copy 0000000000000000     <absolute>
 0000:00000000       __hybrid_code_map          0000000000000000     <absolute>
 0000:00000000       __hybrid_code_map_count    0000000000000000     <absolute>
 0000:00000000       __hybrid_image_info_bitfield 0000000000000000     <absolute>
 0000:00000000       __volatile_metadata        0000000000000000     <absolute>
 0000:00000000       __x64_code_ranges_to_entry_points 0000000000000000     <absolute>
 0000:00000000       __x64_code_ranges_to_entry_points_count 0000000000000000     <absolute>
 0000:00000000       __ImageBase                0000000140000000     <linker-defined>
 0001:00000000       ?epASM@@YAXPEAU_PEB@@@Z    0000000140001000 f   x64.obj
 0001:0000005c       LogonUserW                 000000014000105c f   x64.obj
 0001:00000083       CredFree                   0000000140001083 f   x64.obj
 0001:000000a9       ImpersonateLoggedOnUser    00000001400010a9 f   x64.obj
 0001:000000e0       CredMarshalCredentialW     00000001400010e0 f   x64.obj
 0001:00000142       CryptHashCertificate2      0000000140001142 f   x64.obj
 0001:00000176       PFXImportCertStore         0000000140001176 f   x64.obj
 0001:000001a3       CertAddCertificateContextToStore 00000001400011a3 f   x64.obj
 0001:000001e1       CertGetCertificateContextProperty 00000001400011e1 f   x64.obj
 0001:00000222       CertEnumCertificatesInStore 0000000140001222 f   x64.obj
 0001:0000025c       CertOpenStore              000000014000125c f   x64.obj
 0001:00000286       CertFreeCertificateContext 0000000140001286 f   x64.obj
 0001:000002bb       CertCloseStore             00000001400012bb f   x64.obj
 0001:00000310       GetLastError               0000000140001310 f   x64.obj
 0001:0000033d       LocalAlloc                 000000014000133d f   x64.obj
 0001:00000363       GetCommandLineW            0000000140001363 f   x64.obj
 0001:00000390       FormatMessageW             0000000140001390 f   x64.obj
 0001:000003bf       GetModuleHandleW           00000001400013bf f   x64.obj
 0001:000003e9       LocalFree                  00000001400013e9 f   x64.obj
 0001:00000412       ExitProcess                0000000140001412 f   x64.obj
 0001:0000046a       MessageBoxW                000000014000146a f   x64.obj
 0001:000004be       NCryptDeleteKey            00000001400014be f   x64.obj
 0001:000004e8       NCryptFreeObject           00000001400014e8 f   x64.obj
 0001:00000519       NCryptOpenKey              0000000140001519 f   x64.obj
 0001:00000546       NCryptOpenStorageProvider  0000000140001546 f   x64.obj
 0001:000005a6       NtClose                    00000001400015a6 f   x64.obj
 0001:000005c8       RtlFreeUnicodeString       00000001400015c8 f   x64.obj
 0001:000005fd       NtQueryInformationFile     00000001400015fd f   x64.obj
 0001:0000062f       wcschr                     000000014000162f f   x64.obj
 0001:0000064f       NtOpenFile                 000000014000164f f   x64.obj
 0001:00000673       RtlDosPathNameToNtPathName_U_WithStatus 0000000140001673 f   x64.obj
 0001:000006b8       NtReadFile                 00000001400016b8 f   x64.obj
 0001:000006e3       RtlInitUnicodeString       00000001400016e3 f   x64.obj
 0001:00000715       LdrLoadDll                 0000000140001715 f   x64.obj
 0001:0000073b       LdrGetProcedureAddress     000000014000173b f   x64.obj
 0001:0000076f       __chkstk                   000000014000176f f   x64.obj
 0001:000007ac       ?NameFromCert@@YAJPEBU_CERT_CONTEXT@@PEAPEA_WPEA_K@Z 00000001400017ac f   ep.obj
 0001:00000960       ?PFXImport@@YAJPEB_W0PEAPEA_WPEA_K@Z 0000000140001960 f   ep.obj
 0001:00000b24       ?DemoLogon@@YAJPEA_W0@Z    0000000140001b24 f   ep.obj
 0001:00000bcc       ?ShowErrorBox@@YAHPEAUHWND__@@JPEB_W@Z 0000000140001bcc f   ep.obj
 0001:00000c80       ?ep@@YAXPEAU_PEB@@@Z       0000000140001c80 f   ep.obj
 0001:00000d00       ?get_hmod@@YAPEAXPEB_W@Z   0000000140001d00 f   ScEntry:GetFuncAddr.obj
 0001:00000d5c       ?GetFuncAddressEx@@YAPEAXPEAU_IMAGE_DOS_HEADER@@PEBD@Z 0000000140001d5c f   ScEntry:GetFuncAddr.obj
 0001:00000eb0       ??_C@_15ELPOAHMG@?$AAM?$AAY@FNODOBFM@ 0000000140001eb0     ep.obj
 0001:00000ec0       ??_C@_19DILNDFJH@?$AAS?$AAH?$AAA?$AA1@FNODOBFM@ 0000000140001ec0     ep.obj
 0001:00000ed0       ??_C@_1M@OAIMIKLP@?$AAn?$AAt?$AAd?$AAl?$AAl@FNODOBFM@ 0000000140001ed0     ep.obj
 0001:00000ee0       ??_C@_1BE@KDLLNMG@?$AAP?$AAF?$AAX?$AA?5?$AAL?$AAo?$AAg?$AAo?$AAn@FNODOBFM@ 0000000140001ee0     ep.obj
 0001:00000ef4       ?sc_end@@YAPEAXXZ          0000000140001ef4 f   ScEntry:prepare.obj
 0001:00000efc       ?ScEntry@@YAXPEAU_PEB@@@Z  0000000140001efc f   ScEntry:prepare.obj
 0002:00000000       ??_C@_0BF@EKFKPNAI@RtlInitUnicodeString@ 0000000140003000     ScEntry:prepare.obj
 0002:00000018       ??_C@_1BI@NEOFKCPM@?$AAp?$AAr?$AAe?$AAp?$AAa?$AAr?$AAe?$AA?4?$AAd?$AAl?$AAl@ 0000000140003018     ScEntry:prepare.obj
 0002:00000030       ??_C@_0L@HOFGLFDL@LdrLoadDll@ 0000000140003030     ScEntry:prepare.obj
 0002:00000040       ??_C@_0BH@GKPJJDBO@LdrGetProcedureAddress@ 0000000140003040     ScEntry:prepare.obj
 0002:00000058       ??_C@_0N@FIGJGHFN@LdrUnloadDll@ 0000000140003058     ScEntry:prepare.obj
 0002:00000068       ??_C@_0BD@JDDPIELM@RtlExitUserProcess@ 0000000140003068     ScEntry:prepare.obj
 0003:00000000       __@@_PchSym_@00@UfhvihUsziibUwlxfnvmghUtrgsfyUhxUgnkUcGEUivovzhvUxvigoltlmUhgwzucOlyq@4B2008FD98C1DD4 0000000140004000     stdafx.obj
 0003:00000004       __@@_PchSym_@00@UfhvihUsziibUwlxfnvmghUtrgsfyUhxUgnkUcGEUivovzhvUhxvmgibUhgwzucOlyq@4B2008FD98C1DD4 0000000140004004     ScEntry:stdafx.obj

 entry point at        0001:00000efc

 Static symbols

 0002:ffffd000       .idata$6                   0000000140000000     ntdllp:ntdll.dll
 0001:00000005       common_imp_call            0000000140001005 f   x64.obj
 0001:00000117       advapi32                   0000000140001117 f   x64.obj
 0001:000002e7       crypt32                    00000001400012e7 f   x64.obj
 0001:0000043c       kernel32                   000000014000143c f   x64.obj
 0001:00000494       user32                     0000000140001494 f   x64.obj
 0001:0000057a       ncrypt                     000000014000157a f   x64.obj
 0001:00000791       ntdllp                     0000000140001791 f   x64.obj
 0002:0000007c       $unwind$?NameFromCert@@YAJPEBU_CERT_CONTEXT@@PEAPEA_WPEA_K@Z 000000014000307c     ep.obj
 0002:00000098       $unwind$?PFXImport@@YAJPEB_W0PEAPEA_WPEA_K@Z 0000000140003098     ep.obj
 0002:000000b4       $unwind$?DemoLogon@@YAJPEA_W0@Z 00000001400030b4     ep.obj
 0002:000000bc       $unwind$?ShowErrorBox@@YAHPEAUHWND__@@JPEB_W@Z 00000001400030bc     ep.obj
 0002:000000cc       $unwind$?ep@@YAXPEAU_PEB@@@Z 00000001400030cc     ep.obj
 0002:000000e0       $unwind$?ScEntry@@YAXPEAU_PEB@@@Z 00000001400030e0     ScEntry:prepare.obj
 0002:000000f0       $unwind$?get_hmod@@YAPEAXPEB_W@Z 00000001400030f0     ScEntry:GetFuncAddr.obj
 0002:000000f8       $unwind$?GetFuncAddressEx@@YAPEAXPEAU_IMAGE_DOS_HEADER@@PEBD@Z 00000001400030f8     ScEntry:GetFuncAddr.obj
