 CertLogon2

 Timestamp is 6742327b (Sat Nov 23 21:52:27 2024)

 Preferred load address is 0000000140000000

 Start         Length     Name                   Class
 0001:00000000 00000a64H .text$mn                CODE
 0001:00000a64 00000dacH .text$mn$cpp            CODE
 0001:00001810 00000224H .text$mn$cpp$s          CODE
 0001:00001a34 00000008H .text$nm                CODE
 0001:00001a3c 00000115H .text$zz                CODE
 0002:00000000 00000000H .idata$5                DATA
 0002:00000000 0000007cH .rdata                  DATA
 0002:0000007c 000000e4H .xdata                  DATA
 0002:00000160 00000000H .edata                  DATA
 0002:00000160 00000000H .idata$2                DATA
 0002:00000160 00000000H .idata$3                DATA
 0002:00000160 00000000H .idata$4                DATA
 0002:00000160 00000000H .idata$6                DATA
 0003:00000000 00000000H .data                   DATA
 0003:00000000 00000008H .bss                    DATA
 0004:00000000 00000084H .pdata                  DATA

  Address         Publics by Value              Rva+Base               Lib:Object

 0000:00000000       __AbsoluteZero             0000000000000000     <absolute>
 0000:00000000       __arm64x_extra_rfe_table   0000000000000000     <absolute>
 0000:00000000       __arm64x_extra_rfe_table_size 0000000000000000     <absolute>
 0000:00000000       __arm64x_native_entrypoint 0000000000000000     <absolute>
 0000:00000000       __arm64x_redirection_metadata 0000000000000000     <absolute>
 0000:00000000       __arm64x_redirection_metadata_count 0000000000000000     <absolute>
 0000:00000000       __dynamic_value_reloc_table 0000000000000000     <absolute>
 0000:00000000       __enclave_config           0000000000000000     <absolute>
 0000:00000000       __guard_check_icall_a64n_fptr 0000000000000000     <absolute>
 0000:00000000       __guard_eh_cont_count      0000000000000000     <absolute>
 0000:00000000       __guard_eh_cont_table      0000000000000000     <absolute>
 0000:00000000       __guard_fids_count         0000000000000000     <absolute>
 0000:00000000       __guard_fids_table         0000000000000000     <absolute>
 0000:00000000       __guard_flags              0000000000000000     <absolute>
 0000:00000000       __guard_iat_count          0000000000000000     <absolute>
 0000:00000000       __guard_iat_table          0000000000000000     <absolute>
 0000:00000000       __guard_longjmp_count      0000000000000000     <absolute>
 0000:00000000       __guard_longjmp_table      0000000000000000     <absolute>
 0000:00000000       __hybrid_auxiliary_delayload_iat 0000000000000000     <absolute>
 0000:00000000       __hybrid_auxiliary_delayload_iat_copy 0000000000000000     <absolute>
 0000:00000000       __hybrid_auxiliary_iat     0000000000000000     <absolute>
 0000:00000000       __hybrid_auxiliary_iat_copy 0000000000000000     <absolute>
 0000:00000000       __hybrid_code_map          0000000000000000     <absolute>
 0000:00000000       __hybrid_code_map_count    0000000000000000     <absolute>
 0000:00000000       __hybrid_image_info_bitfield 0000000000000000     <absolute>
 0000:00000000       __volatile_metadata        0000000000000000     <absolute>
 0000:00000000       __x64_code_ranges_to_entry_points 0000000000000000     <absolute>
 0000:00000000       __x64_code_ranges_to_entry_points_count 0000000000000000     <absolute>
 0000:00000000       __ImageBase                0000000140000000     <linker-defined>
 0001:00000000       ?epASM@@YAXPEAU_PEB@@@Z    0000000140001000 f   x64.obj
 0001:0000005c       ImpersonateLoggedOnUser    000000014000105c f   x64.obj
 0001:000000ba       PFXImportCertStore         00000001400010ba f   x64.obj
 0001:000000eb       CertEnumCertificatesInStore 00000001400010eb f   x64.obj
 0001:00000124       CertGetCertificateContextProperty 0000000140001124 f   x64.obj
 0001:00000162       CertCloseStore             0000000140001162 f   x64.obj
 0001:0000018f       CertFreeCertificateContext 000000014000118f f   x64.obj
 0001:000001c3       CryptDecodeObjectEx        00000001400011c3 f   x64.obj
 0001:000001f4       CryptImportPublicKeyInfoEx2 00000001400011f4 f   x64.obj
 0001:00000258       ExitProcess                0000000140001258 f   x64.obj
 0001:00000284       LocalAlloc                 0000000140001284 f   x64.obj
 0001:000002ab       GetCommandLineW            00000001400012ab f   x64.obj
 0001:000002d8       GetLastError               00000001400012d8 f   x64.obj
 0001:00000305       GetModuleHandleW           0000000140001305 f   x64.obj
 0001:00000331       FormatMessageW             0000000140001331 f   x64.obj
 0001:0000035f       LocalFree                  000000014000135f f   x64.obj
 0001:000003b2       LsaConnectUntrusted        00000001400013b2 f   x64.obj
 0001:000003e4       LsaLogonUser               00000001400013e4 f   x64.obj
 0001:0000040d       LsaFreeReturnBuffer        000000014000140d f   x64.obj
 0001:0000043c       LsaDeregisterLogonProcess  000000014000143c f   x64.obj
 0001:00000472       LsaLookupAuthenticationPackage 0000000140001472 f   x64.obj
 0001:000004d8       MessageBoxW                00000001400014d8 f   x64.obj
 0001:0000052e       NCryptSignHash             000000014000152e f   x64.obj
 0001:00000557       NCryptDeleteKey            0000000140001557 f   x64.obj
 0001:00000580       BCryptDestroyKey           0000000140001580 f   x64.obj
 0001:000005b1       BCryptVerifySignature      00000001400015b1 f   x64.obj
 0001:000005e6       NCryptOpenKey              00000001400015e6 f   x64.obj
 0001:0000060e       NCryptFreeObject           000000014000160e f   x64.obj
 0001:00000639       NCryptExportKey            0000000140001639 f   x64.obj
 0001:00000668       NCryptImportKey            0000000140001668 f   x64.obj
 0001:00000698       NCryptSetProperty          0000000140001698 f   x64.obj
 0001:000006ca       NCryptFinalizeKey          00000001400016ca f   x64.obj
 0001:000006fa       NCryptGetProperty          00000001400016fa f   x64.obj
 0001:0000072a       BCryptGenRandom            000000014000172a f   x64.obj
 0001:00000758       NCryptOpenStorageProvider  0000000140001758 f   x64.obj
 0001:000007be       NtSetInformationThread     00000001400017be f   x64.obj
 0001:000007ef       wcschr                     00000001400017ef f   x64.obj
 0001:0000080f       RtlDosPathNameToNtPathName_U_WithStatus 000000014000180f f   x64.obj
 0001:00000850       _snwprintf                 0000000140001850 f   x64.obj
 0001:0000087b       RtlInitString              000000014000187b f   x64.obj
 0001:000008a6       NtClose                    00000001400018a6 f   x64.obj
 0001:000008c8       NtReadFile                 00000001400018c8 f   x64.obj
 0001:000008f3       NtQueryInformationFile     00000001400018f3 f   x64.obj
 0001:00000927       RtlFreeUnicodeString       0000000140001927 f   x64.obj
 0001:00000955       NtOpenFile                 0000000140001955 f   x64.obj
 0001:0000097b       __chkstk                   000000014000197b f   x64.obj
 0001:000009a1       RtlInitUnicodeString       00000001400019a1 f   x64.obj
 0001:000009d5       LdrLoadDll                 00000001400019d5 f   x64.obj
 0001:000009fb       LdrGetProcedureAddress     00000001400019fb f   x64.obj
 0001:00000a2f       memset                     0000000140001a2f f   x64.obj
 0001:00000a64       ?DoLogon@@YAJPEAPEAXPEAXK@Z 0000000140001a64 f   ep.obj
 0001:00000b90       ?CerificateLogon@@YAJPEAPEAXPEB_W111@Z 0000000140001b90 f   ep.obj
 0001:00000d40       ?WritePfxToKey@@YAJPEB_W000@Z 0000000140001d40 f   ep.obj
 0001:0000116c       ?GetPublickKey@@YAJ_KPEAPEAX@Z 000000014000216c f   ep.obj
 0001:00001290       ?TestKey@@YAJHPEB_W0@Z     0000000140002290 f   ep.obj
 0001:0000148c       ?ShowErrorBox@@YAHPEAUHWND__@@JPEB_W@Z 000000014000248c f   ep.obj
 0001:00001548       ?ep@@YAXPEAU_PEB@@@Z       0000000140002548 f   ep.obj
 0001:00001638       ??$HR@H@@YAHAEAJH@Z        0000000140002638 f i ep.obj
 0001:00001664       ?get_hmod@@YAPEAXPEB_W@Z   0000000140002664 f   ScEntry:GetFuncAddr.obj
 0001:000016c0       ?GetFuncAddressEx@@YAPEAXPEAU_IMAGE_DOS_HEADER@@PEBD@Z 00000001400026c0 f   ScEntry:GetFuncAddr.obj
 0001:00001810       ??_C@_08DEIMIBAF@Kerberos@FNODOBFM@ 0000000140002810     ep.obj
 0001:00001820       ??_C@_08GBLIGBPF@Winlogon@FNODOBFM@ 0000000140002820     ep.obj
 0001:00001830       ??_C@_1HI@EEGLMGDM@?$AA?$CF?$AAw?$AAs?$AA?$CF?$AAc?$AA?$CF?$AAw?$AAs?$AA?$CF?$AAc?$AA?$CF?$AAw?$AAs?$AA?$CF?$AAc@FNODOBFM@ 0000000140002830     ep.obj
 0001:000018b0       ??_C@_1BE@PFDIDPLD@?$AA?2?$AA?2?$AA?4?$AA?2?$AA?$CF?$AAs?$AA?2?$AA?$CF?$AAs@FNODOBFM@ 00000001400028b0     ep.obj
 0001:000018d0       ??_C@_0BI@MPLNOBGC@1?42?4840?4113549?41?412?41?43@FNODOBFM@ 00000001400028d0     ep.obj
 0001:000018f0       ??_C@_1CC@BDCMACAP@?$AAP?$AAK?$AAC?$AAS?$AA8?$AA_?$AAP?$AAR?$AAI?$AAV?$AAA?$AAT?$AAE?$AAK?$AAE@FNODOBFM@ 00000001400028f0     ep.obj
 0001:00001920       ??_C@_1FA@OAAKELHB@?$AAM?$AAi?$AAc?$AAr?$AAo?$AAs?$AAo?$AAf?$AAt?$AA?5?$AAS?$AAo?$AAf?$AAt?$AAw@FNODOBFM@ 0000000140002920     ep.obj
 0001:00001970       ??_C@_1DA@HMDKMDKC@?$AAS?$AAm?$AAa?$AAr?$AAt?$AAC?$AAa?$AAr?$AAd?$AAK?$AAe?$AAy?$AAC?$AAe?$AAr@FNODOBFM@ 0000000140002970     ep.obj
 0001:000019a0       ??_C@_1O@HECGKAIN@?$AAS?$AAH?$AAA?$AA2?$AA5?$AA6@FNODOBFM@ 00000001400029a0     ep.obj
 0001:000019b0       ??_C@_1M@OAIMIKLP@?$AAn?$AAt?$AAd?$AAl?$AAl@FNODOBFM@ 00000001400029b0     ep.obj
 0001:000019c0       ??_C@_1O@KLFLKFOB@?$AAR?$AAe?$AAa?$AAd?$AAe?$AAr@FNODOBFM@ 00000001400029c0     ep.obj
 0001:000019d0       ??_C@_1BE@FDKEOJEO@?$AAC?$AAo?$AAn?$AAt?$AAa?$AAi?$AAn?$AAe?$AAr@FNODOBFM@ 00000001400029d0     ep.obj
 0001:000019f0       ??_C@_13BBDEGPLJ@?$AA?$CK@FNODOBFM@ 00000001400029f0     ep.obj
 0001:00001a00       ??_C@_1CA@DGNKCCOJ@?$AAC?$AAe?$AAr?$AAi?$AAf?$AAi?$AAc?$AAa?$AAt?$AAe?$AAL?$AAo?$AAg?$AAo?$AAn@FNODOBFM@ 0000000140002a00     ep.obj
 0001:00001a20       ??_C@_1BE@KDLLNMG@?$AAP?$AAF?$AAX?$AA?5?$AAL?$AAo?$AAg?$AAo?$AAn@FNODOBFM@ 0000000140002a20     ep.obj
 0001:00001a34       ?sc_end@@YAPEAXXZ          0000000140002a34 f   ScEntry:prepare.obj
 0001:00001a3c       ?ScEntry@@YAXPEAU_PEB@@@Z  0000000140002a3c f   ScEntry:prepare.obj
 0002:00000000       ??_C@_0BF@EKFKPNAI@RtlInitUnicodeString@ 0000000140003000     ScEntry:prepare.obj
 0002:00000018       ??_C@_1BI@NEOFKCPM@?$AAp?$AAr?$AAe?$AAp?$AAa?$AAr?$AAe?$AA?4?$AAd?$AAl?$AAl@ 0000000140003018     ScEntry:prepare.obj
 0002:00000030       ??_C@_0L@HOFGLFDL@LdrLoadDll@ 0000000140003030     ScEntry:prepare.obj
 0002:00000040       ??_C@_0BH@GKPJJDBO@LdrGetProcedureAddress@ 0000000140003040     ScEntry:prepare.obj
 0002:00000058       ??_C@_0N@FIGJGHFN@LdrUnloadDll@ 0000000140003058     ScEntry:prepare.obj
 0002:00000068       ??_C@_0BD@JDDPIELM@RtlExitUserProcess@ 0000000140003068     ScEntry:prepare.obj
 0003:00000000       __@@_PchSym_@00@UfhvihUsziibUwlxfnvmghUtrgsfyUhxUgnkUcGEUivovzhvUxvigoltlmCUhgwzucOlyq@4B2008FD98C1DD4 0000000140004000     stdafx.obj
 0003:00000004       __@@_PchSym_@00@UfhvihUsziibUwlxfnvmghUtrgsfyUhxUgnkUcGEUivovzhvUhxvmgibUhgwzucOlyq@4B2008FD98C1DD4 0000000140004004     ScEntry:stdafx.obj

 entry point at        0001:00001a3c

 Static symbols

 0002:ffffd000       .idata$6                   0000000140000000     ntdllp:ntdll.dll
 0001:00000005       common_imp_call            0000000140001005 f   x64.obj
 0001:00000090       advapi32                   0000000140001090 f   x64.obj
 0001:0000022c       crypt32                    000000014000122c f   x64.obj
 0001:00000382       kernel32                   0000000140001382 f   x64.obj
 0001:000004af       Secur32                    00000001400014af f   x64.obj
 0001:00000504       user32                     0000000140001504 f   x64.obj
 0001:00000792       ncrypt                     0000000140001792 f   x64.obj
 0001:00000a4f       ntdllp                     0000000140001a4f f   x64.obj
 0002:0000007c       $unwind$?DoLogon@@YAJPEAPEAXPEAXK@Z 000000014000307c     ep.obj
 0002:00000094       $unwind$?CerificateLogon@@YAJPEAPEAXPEB_W111@Z 0000000140003094     ep.obj
 0002:000000b4       $unwind$?WritePfxToKey@@YAJPEB_W000@Z 00000001400030b4     ep.obj
 0002:000000d0       $unwind$?GetPublickKey@@YAJ_KPEAPEAX@Z 00000001400030d0     ep.obj
 0002:000000e8       $unwind$?TestKey@@YAJHPEB_W0@Z 00000001400030e8     ep.obj
 0002:000000fc       $unwind$?ShowErrorBox@@YAHPEAUHWND__@@JPEB_W@Z 00000001400030fc     ep.obj
 0002:00000110       $unwind$?ep@@YAXPEAU_PEB@@@Z 0000000140003110     ep.obj
 0002:00000120       $unwind$??$HR@H@@YAHAEAJH@Z 0000000140003120     ep.obj
 0002:0000012c       $unwind$?ScEntry@@YAXPEAU_PEB@@@Z 000000014000312c     ScEntry:prepare.obj
 0002:0000013c       $unwind$?get_hmod@@YAPEAXPEB_W@Z 000000014000313c     ScEntry:GetFuncAddr.obj
 0002:00000144       $unwind$?GetFuncAddressEx@@YAPEAXPEAU_IMAGE_DOS_HEADER@@PEBD@Z 0000000140003144     ScEntry:GetFuncAddr.obj
