 CertLogon#2

 Timestamp is 67a523bd (Thu Feb  6 23:03:57 2025)

 Preferred load address is 0000000140000000

 Start         Length     Name                   Class
 0001:00000000 000004c0H .text$mn                CODE
 0001:000004c0 00000e00H .text$mn$cpp            CODE
 0001:000012c0 00000d40H .text$mn$cpp$s          CODE
 0001:00002000 00000660H .text$mn$cpp$u          CODE
 0001:00002660 00000000H .text$mn$cpp$v          CODE
 0001:00002660 00000008H .text$nm                CODE
 0001:00002668 00000108H .text$zz                CODE
 0002:00000000 00000000H .idata$5                DATA
 0002:00000000 000000b4H .rdata                  DATA
 0002:000000b4 0000006cH .rdata$zzzdbg           DATA
 0002:00000120 000000e0H .xdata                  DATA
 0002:00000200 00000000H .edata                  DATA
 0002:00000200 00000000H .idata$2                DATA
 0002:00000200 00000000H .idata$3                DATA
 0002:00000200 00000000H .idata$4                DATA
 0002:00000200 00000000H .idata$6                DATA
 0003:00000000 00000000H .data                   DATA
 0003:00000000 00000008H .bss                    DATA
 0004:00000000 00000084H .pdata                  DATA

  Address         Publics by Value              Rva+Base               Lib:Object

 0000:00000000       __AbsoluteZero             0000000000000000     <absolute>
 0000:00000000       __arm64x_extra_rfe_table   0000000000000000     <absolute>
 0000:00000000       __arm64x_extra_rfe_table_size 0000000000000000     <absolute>
 0000:00000000       __arm64x_native_entrypoint 0000000000000000     <absolute>
 0000:00000000       __arm64x_redirection_metadata 0000000000000000     <absolute>
 0000:00000000       __arm64x_redirection_metadata_count 0000000000000000     <absolute>
 0000:00000000       __dynamic_value_reloc_table 0000000000000000     <absolute>
 0000:00000000       __enclave_config           0000000000000000     <absolute>
 0000:00000000       __guard_check_icall_a64n_fptr 0000000000000000     <absolute>
 0000:00000000       __guard_eh_cont_count      0000000000000000     <absolute>
 0000:00000000       __guard_eh_cont_table      0000000000000000     <absolute>
 0000:00000000       __guard_fids_count         0000000000000000     <absolute>
 0000:00000000       __guard_fids_table         0000000000000000     <absolute>
 0000:00000000       __guard_flags              0000000000000000     <absolute>
 0000:00000000       __guard_iat_count          0000000000000000     <absolute>
 0000:00000000       __guard_iat_table          0000000000000000     <absolute>
 0000:00000000       __guard_longjmp_count      0000000000000000     <absolute>
 0000:00000000       __guard_longjmp_table      0000000000000000     <absolute>
 0000:00000000       __hybrid_auxiliary_delayload_iat 0000000000000000     <absolute>
 0000:00000000       __hybrid_auxiliary_delayload_iat_copy 0000000000000000     <absolute>
 0000:00000000       __hybrid_auxiliary_iat     0000000000000000     <absolute>
 0000:00000000       __hybrid_auxiliary_iat_copy 0000000000000000     <absolute>
 0000:00000000       __hybrid_code_map          0000000000000000     <absolute>
 0000:00000000       __hybrid_code_map_count    0000000000000000     <absolute>
 0000:00000000       __hybrid_image_info_bitfield 0000000000000000     <absolute>
 0000:00000000       __volatile_metadata        0000000000000000     <absolute>
 0000:00000000       __x64_code_ranges_to_entry_points 0000000000000000     <absolute>
 0000:00000000       __x64_code_ranges_to_entry_points_count 0000000000000000     <absolute>
 0000:00000000       __ImageBase                0000000140000000     <linker-defined>
 0001:00000000       ?epASM@@YAXXZ              0000000140001000 f   x64.obj
 0001:0000000a       __chkstk                   000000014000100a f   x64.obj
 0001:0000012e       ImpersonateLoggedOnUser    000000014000112e f   x64.obj
 0001:00000141       CryptDecodeObjectEx        0000000140001141 f   x64.obj
 0001:00000154       CryptImportPublicKeyInfoEx2 0000000140001154 f   x64.obj
 0001:00000167       CertFreeCertificateContext 0000000140001167 f   x64.obj
 0001:0000017a       CertGetCertificateContextProperty 000000014000117a f   x64.obj
 0001:0000018d       CertEnumCertificatesInStore 000000014000118d f   x64.obj
 0001:000001a0       PFXImportCertStore         00000001400011a0 f   x64.obj
 0001:000001b3       CertCloseStore             00000001400011b3 f   x64.obj
 0001:000001c6       LocalAlloc                 00000001400011c6 f   x64.obj
 0001:000001d9       LocalFree                  00000001400011d9 f   x64.obj
 0001:000001ec       GetLastError               00000001400011ec f   x64.obj
 0001:000001ff       GetModuleHandleW           00000001400011ff f   x64.obj
 0001:00000212       FormatMessageW             0000000140001212 f   x64.obj
 0001:00000225       GetCommandLineW            0000000140001225 f   x64.obj
 0001:00000238       ExitProcess                0000000140001238 f   x64.obj
 0001:0000024b       LsaConnectUntrusted        000000014000124b f   x64.obj
 0001:0000025e       LsaLookupAuthenticationPackage 000000014000125e f   x64.obj
 0001:00000271       LsaLogonUser               0000000140001271 f   x64.obj
 0001:00000284       LsaDeregisterLogonProcess  0000000140001284 f   x64.obj
 0001:00000297       LsaFreeReturnBuffer        0000000140001297 f   x64.obj
 0001:000002aa       MessageBoxW                00000001400012aa f   x64.obj
 0001:000002bd       NCryptDeleteKey            00000001400012bd f   x64.obj
 0001:000002d0       BCryptDestroyKey           00000001400012d0 f   x64.obj
 0001:000002e3       BCryptVerifySignature      00000001400012e3 f   x64.obj
 0001:000002f6       NCryptOpenStorageProvider  00000001400012f6 f   x64.obj
 0001:00000309       NCryptOpenKey              0000000140001309 f   x64.obj
 0001:0000031c       NCryptFreeObject           000000014000131c f   x64.obj
 0001:0000032f       NCryptExportKey            000000014000132f f   x64.obj
 0001:00000342       NCryptImportKey            0000000140001342 f   x64.obj
 0001:00000355       NCryptSetProperty          0000000140001355 f   x64.obj
 0001:00000368       NCryptFinalizeKey          0000000140001368 f   x64.obj
 0001:0000037b       NCryptGetProperty          000000014000137b f   x64.obj
 0001:0000038e       BCryptGenRandom            000000014000138e f   x64.obj
 0001:000003a1       NCryptSignHash             00000001400013a1 f   x64.obj
 0001:000003b4       RtlFreeUnicodeString       00000001400013b4 f   x64.obj
 0001:000003c7       NtOpenFile                 00000001400013c7 f   x64.obj
 0001:000003da       RtlDosPathNameToNtPathName_U_WithStatus 00000001400013da f   x64.obj
 0001:000003ed       NtQueryInformationFile     00000001400013ed f   x64.obj
 0001:00000400       NtReadFile                 0000000140001400 f   x64.obj
 0001:00000413       NtClose                    0000000140001413 f   x64.obj
 0001:00000426       RtlInitString              0000000140001426 f   x64.obj
 0001:00000439       _snwprintf                 0000000140001439 f   x64.obj
 0001:0000044c       wcschr                     000000014000144c f   x64.obj
 0001:0000045f       NtSetInformationThread     000000014000145f f   x64.obj
 0001:00000472       RtlInitUnicodeString       0000000140001472 f   x64.obj
 0001:00000485       LdrLoadDll                 0000000140001485 f   x64.obj
 0001:00000498       LdrGetProcedureAddress     0000000140001498 f   x64.obj
 0001:000004ab       memset                     00000001400014ab f   x64.obj
 0001:000004c0       ?DoLogon@@YAJPEAPEAXPEAXK@Z 00000001400014c0 f   ep.obj
 0001:000005ec       ?CerificateLogon@@YAJPEAPEAXPEB_W111@Z 00000001400015ec f   ep.obj
 0001:0000079c       ?WritePfxToKey@@YAJPEB_W000@Z 000000014000179c f   ep.obj
 0001:00000bc8       ?GetPublickKey@@YAJ_KPEAPEAX@Z 0000000140001bc8 f   ep.obj
 0001:00000cec       ?TestKey@@YAJHPEB_W0@Z     0000000140001cec f   ep.obj
 0001:00000ee8       ?ShowErrorBox@@YAHPEAUHWND__@@JPEB_W@Z 0000000140001ee8 f   ep.obj
 0001:00000fa4       ?ep@@YAXXZ                 0000000140001fa4 f   ep.obj
 0001:00001094       ??$HR@H@@YAHAEAJH@Z        0000000140002094 f i ep.obj
 0001:000010c0       ?GetNtBase@@YAPEAXXZ       00000001400020c0 f   ScEntry:GetFuncAddr.obj
 0001:000010dc       ?get_hmod@@YAPEAXPEB_W@Z   00000001400020dc f   ScEntry:GetFuncAddr.obj
 0001:00001138       ?GetFuncAddressEx@@YAPEAXPEAU_IMAGE_DOS_HEADER@@PEBD@Z 0000000140002138 f   ScEntry:GetFuncAddr.obj
 0001:000012c0       ??_C@_08DEIMIBAF@Kerberos@FNODOBFM@ 00000001400022c0     ep.obj
 0001:000012d0       ??_C@_08GBLIGBPF@Winlogon@FNODOBFM@ 00000001400022d0     ep.obj
 0001:000012e0       ??_C@_1HI@EEGLMGDM@?$AA?$CF?$AAw?$AAs?$AA?$CF?$AAc?$AA?$CF?$AAw?$AAs?$AA?$CF?$AAc?$AA?$CF?$AAw?$AAs?$AA?$CF?$AAc@FNODOBFM@ 00000001400022e0     ep.obj
 0001:00001360       ??_C@_1BE@PFDIDPLD@?$AA?2?$AA?2?$AA?4?$AA?2?$AA?$CF?$AAs?$AA?2?$AA?$CF?$AAs@FNODOBFM@ 0000000140002360     ep.obj
 0001:00001380       ??_C@_0BI@MPLNOBGC@1?42?4840?4113549?41?412?41?43@FNODOBFM@ 0000000140002380     ep.obj
 0001:000013a0       ??_C@_1CC@BDCMACAP@?$AAP?$AAK?$AAC?$AAS?$AA8?$AA_?$AAP?$AAR?$AAI?$AAV?$AAA?$AAT?$AAE?$AAK?$AAE@FNODOBFM@ 00000001400023a0     ep.obj
 0001:000013d0       ??_C@_1FA@OAAKELHB@?$AAM?$AAi?$AAc?$AAr?$AAo?$AAs?$AAo?$AAf?$AAt?$AA?5?$AAS?$AAo?$AAf?$AAt?$AAw@FNODOBFM@ 00000001400023d0     ep.obj
 0001:00001420       ??_C@_1DA@HMDKMDKC@?$AAS?$AAm?$AAa?$AAr?$AAt?$AAC?$AAa?$AAr?$AAd?$AAK?$AAe?$AAy?$AAC?$AAe?$AAr@FNODOBFM@ 0000000140002420     ep.obj
 0001:00001450       ??_C@_1O@HECGKAIN@?$AAS?$AAH?$AAA?$AA2?$AA5?$AA6@FNODOBFM@ 0000000140002450     ep.obj
 0001:00001460       ??_C@_1M@OAIMIKLP@?$AAn?$AAt?$AAd?$AAl?$AAl@FNODOBFM@ 0000000140002460     ep.obj
 0001:00001470       ??_C@_1O@KLFLKFOB@?$AAR?$AAe?$AAa?$AAd?$AAe?$AAr@FNODOBFM@ 0000000140002470     ep.obj
 0001:00001480       ??_C@_1BE@FDKEOJEO@?$AAC?$AAo?$AAn?$AAt?$AAa?$AAi?$AAn?$AAe?$AAr@FNODOBFM@ 0000000140002480     ep.obj
 0001:000014a0       ??_C@_13BBDEGPLJ@?$AA?$CK@FNODOBFM@ 00000001400024a0     ep.obj
 0001:000014b0       ??_C@_1CA@DGNKCCOJ@?$AAC?$AAe?$AAr?$AAi?$AAf?$AAi?$AAc?$AAa?$AAt?$AAe?$AAL?$AAo?$AAg?$AAo?$AAn@FNODOBFM@ 00000001400024b0     ep.obj
 0001:000014d0       ??_C@_1BE@KDLLNMG@?$AAP?$AAF?$AAX?$AA?5?$AAL?$AAo?$AAg?$AAo?$AAn@FNODOBFM@ 00000001400024d0     ep.obj
 0001:00002660       ?sc_end@@YAPEAXXZ          0000000140003660 f   ScEntry:prepare.obj
 0001:00002668       ?ScEntry@@YAXPEAU_PEB@@@Z  0000000140003668 f   ScEntry:prepare.obj
 0002:00000000       ??_C@_0BF@EKFKPNAI@RtlInitUnicodeString@ 0000000140004000     ScEntry:prepare.obj
 0002:00000018       ??_C@_1BI@NEOFKCPM@?$AAp?$AAr?$AAe?$AAp?$AAa?$AAr?$AAe?$AA?4?$AAd?$AAl?$AAl@ 0000000140004018     ScEntry:prepare.obj
 0002:00000030       ??_C@_0L@HOFGLFDL@LdrLoadDll@ 0000000140004030     ScEntry:prepare.obj
 0002:00000040       ??_C@_0BH@GKPJJDBO@LdrGetProcedureAddress@ 0000000140004040     ScEntry:prepare.obj
 0002:00000058       ??_C@_0N@FIGJGHFN@LdrUnloadDll@ 0000000140004058     ScEntry:prepare.obj
 0002:00000068       ??_C@_0BD@JDDPIELM@RtlExitUserProcess@ 0000000140004068     ScEntry:prepare.obj
 0003:00000000       __@@_PchSym_@00@UfhvihUsziibUwlxfnvmghUtrgsfyUhxUgnkUcGEUivovzhvUxvigoltlmKxwCUhgwzucOlyq@4B2008FD98C1DD4 0000000140005000     stdafx.obj
 0003:00000004       __@@_PchSym_@00@UfhvihUsziibUwlxfnvmghUtrgsfyUhxUgnkUcGEUivovzhvUhxvmgibUhgwzucOlyq@4B2008FD98C1DD4 0000000140005004     ScEntry:stdafx.obj

 entry point at        0001:00002668

 Static symbols

 0000:ffff9000       .debug$S                   0000000140000000     ntdllp:ntdll.dll
 0000:ffff9000       .debug$S                   0000000140000000     ntdllp:ntdll.dll
 0002:ffffc000       .idata$6                   0000000140000000     ntdllp:ntdll.dll
 0001:00000057       common_imp_call            0000000140001057 f   x64.obj
 0001:000000aa       protect                    00000001400010aa f   x64.obj
 0001:00002000       ?ImpersonateLoggedOnUser   0000000140003000     x64.obj
 0001:00002000       @imp_begin@                0000000140003000     x64.obj
 0001:00002020       @advapi32                  0000000140003020     x64.obj
 0001:00002048       ?CryptDecodeObjectEx       0000000140003048     x64.obj
 0001:00002068       ?CryptImportPublicKeyInfoEx2 0000000140003068     x64.obj
 0001:00002090       ?CertFreeCertificateContext 0000000140003090     x64.obj
 0001:000020b8       ?CertGetCertificateContextProperty 00000001400030b8     x64.obj
 0001:000020e8       ?CertEnumCertificatesInStore 00000001400030e8     x64.obj
 0001:00002110       ?PFXImportCertStore        0000000140003110     x64.obj
 0001:00002130       ?CertCloseStore            0000000140003130     x64.obj
 0001:00002148       @crypt32                   0000000140003148     x64.obj
 0001:00002168       ?LocalAlloc                0000000140003168     x64.obj
 0001:00002180       ?LocalFree                 0000000140003180     x64.obj
 0001:00002198       ?GetLastError              0000000140003198     x64.obj
 0001:000021b0       ?GetModuleHandleW          00000001400031b0     x64.obj
 0001:000021d0       ?FormatMessageW            00000001400031d0     x64.obj
 0001:000021e8       ?GetCommandLineW           00000001400031e8     x64.obj
 0001:00002200       ?ExitProcess               0000000140003200     x64.obj
 0001:00002218       @kernel32                  0000000140003218     x64.obj
 0001:00002240       ?LsaConnectUntrusted       0000000140003240     x64.obj
 0001:00002260       ?LsaLookupAuthenticationPackage 0000000140003260     x64.obj
 0001:00002288       ?LsaLogonUser              0000000140003288     x64.obj
 0001:000022a0       ?LsaDeregisterLogonProcess 00000001400032a0     x64.obj
 0001:000022c8       ?LsaFreeReturnBuffer       00000001400032c8     x64.obj
 0001:000022e8       @Secur32                   00000001400032e8     x64.obj
 0001:00002308       ?MessageBoxW               0000000140003308     x64.obj
 0001:00002320       @user32                    0000000140003320     x64.obj
 0001:00002340       ?NCryptDeleteKey           0000000140003340     x64.obj
 0001:00002358       ?BCryptDestroyKey          0000000140003358     x64.obj
 0001:00002378       ?BCryptVerifySignature     0000000140003378     x64.obj
 0001:00002398       ?NCryptOpenStorageProvider 0000000140003398     x64.obj
 0001:000023c0       ?NCryptOpenKey             00000001400033c0     x64.obj
 0001:000023d8       ?NCryptFreeObject          00000001400033d8     x64.obj
 0001:000023f8       ?NCryptExportKey           00000001400033f8     x64.obj
 0001:00002410       ?NCryptImportKey           0000000140003410     x64.obj
 0001:00002428       ?NCryptSetProperty         0000000140003428     x64.obj
 0001:00002448       ?NCryptFinalizeKey         0000000140003448     x64.obj
 0001:00002468       ?NCryptGetProperty         0000000140003468     x64.obj
 0001:00002488       ?BCryptGenRandom           0000000140003488     x64.obj
 0001:000024a0       ?NCryptSignHash            00000001400034a0     x64.obj
 0001:000024b8       @ncrypt                    00000001400034b8     x64.obj
 0001:000024d8       ?RtlFreeUnicodeString      00000001400034d8     x64.obj
 0001:000024f8       ?NtOpenFile                00000001400034f8     x64.obj
 0001:00002510       ?RtlDosPathNameToNtPathName_U_WithStatus 0000000140003510     x64.obj
 0001:00002540       ?NtQueryInformationFile    0000000140003540     x64.obj
 0001:00002560       ?NtReadFile                0000000140003560     x64.obj
 0001:00002578       ?NtClose                   0000000140003578     x64.obj
 0001:00002588       ?RtlInitString             0000000140003588     x64.obj
 0001:000025a0       ?_snwprintf                00000001400035a0     x64.obj
 0001:000025b8       ?wcschr                    00000001400035b8     x64.obj
 0001:000025c8       ?NtSetInformationThread    00000001400035c8     x64.obj
 0001:000025e8       ?RtlInitUnicodeString      00000001400035e8     x64.obj
 0001:00002608       ?LdrLoadDll                0000000140003608     x64.obj
 0001:00002620       ?LdrGetProcedureAddress    0000000140003620     x64.obj
 0001:00002640       ?memset                    0000000140003640     x64.obj
 0001:00002650       @ntdllp                    0000000140003650     x64.obj
 0002:00000120       $unwind$?DoLogon@@YAJPEAPEAXPEAXK@Z 0000000140004120     ep.obj
 0002:00000138       $unwind$?CerificateLogon@@YAJPEAPEAXPEB_W111@Z 0000000140004138     ep.obj
 0002:00000158       $unwind$?WritePfxToKey@@YAJPEB_W000@Z 0000000140004158     ep.obj
 0002:00000174       $unwind$?GetPublickKey@@YAJ_KPEAPEAX@Z 0000000140004174     ep.obj
 0002:0000018c       $unwind$?TestKey@@YAJHPEB_W0@Z 000000014000418c     ep.obj
 0002:000001a0       $unwind$?ShowErrorBox@@YAHPEAUHWND__@@JPEB_W@Z 00000001400041a0     ep.obj
 0002:000001b4       $unwind$?ep@@YAXXZ         00000001400041b4     ep.obj
 0002:000001c4       $unwind$??$HR@H@@YAHAEAJH@Z 00000001400041c4     ep.obj
 0002:000001d0       $unwind$?ScEntry@@YAXPEAU_PEB@@@Z 00000001400041d0     ScEntry:prepare.obj
 0002:000001e0       $unwind$?get_hmod@@YAPEAXPEB_W@Z 00000001400041e0     ScEntry:GetFuncAddr.obj
 0002:000001e8       $unwind$?GetFuncAddressEx@@YAPEAXPEAU_IMAGE_DOS_HEADER@@PEBD@Z 00000001400041e8     ScEntry:GetFuncAddr.obj
