 CertLogon#2

 Timestamp is 67a02e49 (Mon Feb  3 04:47:37 2025)

 Preferred load address is 0000000140000000

 Start         Length     Name                   Class
 0001:00000000 00000a84H .text$mn                CODE
 0001:00000a84 00000ddcH .text$mn$cpp            CODE
 0001:00001860 00000224H .text$mn$cpp$s          CODE
 0001:00001a84 00000008H .text$nm                CODE
 0001:00001a8c 00000112H .text$zz                CODE
 0002:00000000 00000000H .idata$5                DATA
 0002:00000000 000000b4H .rdata                  DATA
 0002:000000b4 0000006cH .rdata$zzzdbg           DATA
 0002:00000120 000000e0H .xdata                  DATA
 0002:00000200 00000000H .edata                  DATA
 0002:00000200 00000000H .idata$2                DATA
 0002:00000200 00000000H .idata$3                DATA
 0002:00000200 00000000H .idata$4                DATA
 0002:00000200 00000000H .idata$6                DATA
 0003:00000000 00000000H .data                   DATA
 0003:00000000 00000008H .bss                    DATA
 0004:00000000 00000084H .pdata                  DATA

  Address         Publics by Value              Rva+Base               Lib:Object

 0000:00000000       __AbsoluteZero             0000000000000000     <absolute>
 0000:00000000       __arm64x_extra_rfe_table   0000000000000000     <absolute>
 0000:00000000       __arm64x_extra_rfe_table_size 0000000000000000     <absolute>
 0000:00000000       __arm64x_native_entrypoint 0000000000000000     <absolute>
 0000:00000000       __arm64x_redirection_metadata 0000000000000000     <absolute>
 0000:00000000       __arm64x_redirection_metadata_count 0000000000000000     <absolute>
 0000:00000000       __dynamic_value_reloc_table 0000000000000000     <absolute>
 0000:00000000       __enclave_config           0000000000000000     <absolute>
 0000:00000000       __guard_check_icall_a64n_fptr 0000000000000000     <absolute>
 0000:00000000       __guard_eh_cont_count      0000000000000000     <absolute>
 0000:00000000       __guard_eh_cont_table      0000000000000000     <absolute>
 0000:00000000       __guard_fids_count         0000000000000000     <absolute>
 0000:00000000       __guard_fids_table         0000000000000000     <absolute>
 0000:00000000       __guard_flags              0000000000000000     <absolute>
 0000:00000000       __guard_iat_count          0000000000000000     <absolute>
 0000:00000000       __guard_iat_table          0000000000000000     <absolute>
 0000:00000000       __guard_longjmp_count      0000000000000000     <absolute>
 0000:00000000       __guard_longjmp_table      0000000000000000     <absolute>
 0000:00000000       __hybrid_auxiliary_delayload_iat 0000000000000000     <absolute>
 0000:00000000       __hybrid_auxiliary_delayload_iat_copy 0000000000000000     <absolute>
 0000:00000000       __hybrid_auxiliary_iat     0000000000000000     <absolute>
 0000:00000000       __hybrid_auxiliary_iat_copy 0000000000000000     <absolute>
 0000:00000000       __hybrid_code_map          0000000000000000     <absolute>
 0000:00000000       __hybrid_code_map_count    0000000000000000     <absolute>
 0000:00000000       __hybrid_image_info_bitfield 0000000000000000     <absolute>
 0000:00000000       __volatile_metadata        0000000000000000     <absolute>
 0000:00000000       __x64_code_ranges_to_entry_points 0000000000000000     <absolute>
 0000:00000000       __x64_code_ranges_to_entry_points_count 0000000000000000     <absolute>
 0000:00000000       __ImageBase                0000000140000000     <linker-defined>
 0001:00000000       ?epASM@@YAXXZ              0000000140001000 f   x64.obj
 0001:00000005       __chkstk                   0000000140001005 f   x64.obj
 0001:000000a5       ImpersonateLoggedOnUser    00000001400010a5 f   x64.obj
 0001:00000102       CryptDecodeObjectEx        0000000140001102 f   x64.obj
 0001:00000134       CryptImportPublicKeyInfoEx2 0000000140001134 f   x64.obj
 0001:0000016c       CertFreeCertificateContext 000000014000116c f   x64.obj
 0001:000001a3       CertGetCertificateContextProperty 00000001400011a3 f   x64.obj
 0001:000001e2       CertEnumCertificatesInStore 00000001400011e2 f   x64.obj
 0001:0000021c       PFXImportCertStore         000000014000121c f   x64.obj
 0001:0000024b       CertCloseStore             000000014000124b f   x64.obj
 0001:000002a0       LocalAlloc                 00000001400012a0 f   x64.obj
 0001:000002cb       LocalFree                  00000001400012cb f   x64.obj
 0001:000002f2       GetLastError               00000001400012f2 f   x64.obj
 0001:0000031d       GetModuleHandleW           000000014000131d f   x64.obj
 0001:00000349       FormatMessageW             0000000140001349 f   x64.obj
 0001:00000377       GetCommandLineW            0000000140001377 f   x64.obj
 0001:000003a0       ExitProcess                00000001400013a0 f   x64.obj
 0001:000003fa       LsaConnectUntrusted        00000001400013fa f   x64.obj
 0001:0000042c       LsaLookupAuthenticationPackage 000000014000142c f   x64.obj
 0001:00000467       LsaLogonUser               0000000140001467 f   x64.obj
 0001:0000048d       LsaDeregisterLogonProcess  000000014000148d f   x64.obj
 0001:000004c2       LsaFreeReturnBuffer        00000001400014c2 f   x64.obj
 0001:00000520       MessageBoxW                0000000140001520 f   x64.obj
 0001:00000576       NCryptDeleteKey            0000000140001576 f   x64.obj
 0001:000005a0       BCryptDestroyKey           00000001400015a0 f   x64.obj
 0001:000005d1       BCryptVerifySignature      00000001400015d1 f   x64.obj
 0001:00000606       NCryptOpenStorageProvider  0000000140001606 f   x64.obj
 0001:0000063a       NCryptOpenKey              000000014000163a f   x64.obj
 0001:00000666       NCryptFreeObject           0000000140001666 f   x64.obj
 0001:00000691       NCryptExportKey            0000000140001691 f   x64.obj
 0001:000006c0       NCryptImportKey            00000001400016c0 f   x64.obj
 0001:000006f0       NCryptSetProperty          00000001400016f0 f   x64.obj
 0001:00000722       NCryptFinalizeKey          0000000140001722 f   x64.obj
 0001:00000752       NCryptGetProperty          0000000140001752 f   x64.obj
 0001:00000782       BCryptGenRandom            0000000140001782 f   x64.obj
 0001:000007b0       NCryptSignHash             00000001400017b0 f   x64.obj
 0001:00000806       RtlFreeUnicodeString       0000000140001806 f   x64.obj
 0001:00000835       NtOpenFile                 0000000140001835 f   x64.obj
 0001:0000085b       RtlDosPathNameToNtPathName_U_WithStatus 000000014000185b f   x64.obj
 0001:000008a0       NtQueryInformationFile     00000001400018a0 f   x64.obj
 0001:000008d7       NtReadFile                 00000001400018d7 f   x64.obj
 0001:000008fb       NtClose                    00000001400018fb f   x64.obj
 0001:00000920       RtlInitString              0000000140001920 f   x64.obj
 0001:0000094e       _snwprintf                 000000014000194e f   x64.obj
 0001:00000973       wcschr                     0000000140001973 f   x64.obj
 0001:00000997       NtSetInformationThread     0000000140001997 f   x64.obj
 0001:000009c7       RtlInitUnicodeString       00000001400019c7 f   x64.obj
 0001:000009f5       LdrLoadDll                 00000001400019f5 f   x64.obj
 0001:00000a1b       LdrGetProcedureAddress     0000000140001a1b f   x64.obj
 0001:00000a4f       memset                     0000000140001a4f f   x64.obj
 0001:00000a84       ?DoLogon@@YAJPEAPEAXPEAXK@Z 0000000140001a84 f   ep.obj
 0001:00000bb0       ?CerificateLogon@@YAJPEAPEAXPEB_W111@Z 0000000140001bb0 f   ep.obj
 0001:00000d60       ?WritePfxToKey@@YAJPEB_W000@Z 0000000140001d60 f   ep.obj
 0001:0000118c       ?GetPublickKey@@YAJ_KPEAPEAX@Z 000000014000218c f   ep.obj
 0001:000012b0       ?TestKey@@YAJHPEB_W0@Z     00000001400022b0 f   ep.obj
 0001:000014ac       ?ShowErrorBox@@YAHPEAUHWND__@@JPEB_W@Z 00000001400024ac f   ep.obj
 0001:00001568       ?ep@@YAXXZ                 0000000140002568 f   ep.obj
 0001:00001658       ??$HR@H@@YAHAEAJH@Z        0000000140002658 f i ep.obj
 0001:00001684       ?get_hmod@@YAPEAXPEB_W@Z   0000000140002684 f   ScEntry:GetFuncAddr.obj
 0001:000016e0       ?GetFuncAddressEx@@YAPEAXPEAU_IMAGE_DOS_HEADER@@PEBD@Z 00000001400026e0 f   ScEntry:GetFuncAddr.obj
 0001:00001860       ??_C@_08DEIMIBAF@Kerberos@FNODOBFM@ 0000000140002860     ep.obj
 0001:00001870       ??_C@_08GBLIGBPF@Winlogon@FNODOBFM@ 0000000140002870     ep.obj
 0001:00001880       ??_C@_1HI@EEGLMGDM@?$AA?$CF?$AAw?$AAs?$AA?$CF?$AAc?$AA?$CF?$AAw?$AAs?$AA?$CF?$AAc?$AA?$CF?$AAw?$AAs?$AA?$CF?$AAc@FNODOBFM@ 0000000140002880     ep.obj
 0001:00001900       ??_C@_1BE@PFDIDPLD@?$AA?2?$AA?2?$AA?4?$AA?2?$AA?$CF?$AAs?$AA?2?$AA?$CF?$AAs@FNODOBFM@ 0000000140002900     ep.obj
 0001:00001920       ??_C@_0BI@MPLNOBGC@1?42?4840?4113549?41?412?41?43@FNODOBFM@ 0000000140002920     ep.obj
 0001:00001940       ??_C@_1CC@BDCMACAP@?$AAP?$AAK?$AAC?$AAS?$AA8?$AA_?$AAP?$AAR?$AAI?$AAV?$AAA?$AAT?$AAE?$AAK?$AAE@FNODOBFM@ 0000000140002940     ep.obj
 0001:00001970       ??_C@_1FA@OAAKELHB@?$AAM?$AAi?$AAc?$AAr?$AAo?$AAs?$AAo?$AAf?$AAt?$AA?5?$AAS?$AAo?$AAf?$AAt?$AAw@FNODOBFM@ 0000000140002970     ep.obj
 0001:000019c0       ??_C@_1DA@HMDKMDKC@?$AAS?$AAm?$AAa?$AAr?$AAt?$AAC?$AAa?$AAr?$AAd?$AAK?$AAe?$AAy?$AAC?$AAe?$AAr@FNODOBFM@ 00000001400029c0     ep.obj
 0001:000019f0       ??_C@_1O@HECGKAIN@?$AAS?$AAH?$AAA?$AA2?$AA5?$AA6@FNODOBFM@ 00000001400029f0     ep.obj
 0001:00001a00       ??_C@_1M@OAIMIKLP@?$AAn?$AAt?$AAd?$AAl?$AAl@FNODOBFM@ 0000000140002a00     ep.obj
 0001:00001a10       ??_C@_1O@KLFLKFOB@?$AAR?$AAe?$AAa?$AAd?$AAe?$AAr@FNODOBFM@ 0000000140002a10     ep.obj
 0001:00001a20       ??_C@_1BE@FDKEOJEO@?$AAC?$AAo?$AAn?$AAt?$AAa?$AAi?$AAn?$AAe?$AAr@FNODOBFM@ 0000000140002a20     ep.obj
 0001:00001a40       ??_C@_13BBDEGPLJ@?$AA?$CK@FNODOBFM@ 0000000140002a40     ep.obj
 0001:00001a50       ??_C@_1CA@DGNKCCOJ@?$AAC?$AAe?$AAr?$AAi?$AAf?$AAi?$AAc?$AAa?$AAt?$AAe?$AAL?$AAo?$AAg?$AAo?$AAn@FNODOBFM@ 0000000140002a50     ep.obj
 0001:00001a70       ??_C@_1BE@KDLLNMG@?$AAP?$AAF?$AAX?$AA?5?$AAL?$AAo?$AAg?$AAo?$AAn@FNODOBFM@ 0000000140002a70     ep.obj
 0001:00001a84       ?sc_end@@YAPEAXXZ          0000000140002a84 f   ScEntry:prepare.obj
 0001:00001a8c       ?ScEntry@@YAXPEAU_PEB@@@Z  0000000140002a8c f   ScEntry:prepare.obj
 0002:00000000       ??_C@_0BF@EKFKPNAI@RtlInitUnicodeString@ 0000000140003000     ScEntry:prepare.obj
 0002:00000018       ??_C@_1BI@NEOFKCPM@?$AAp?$AAr?$AAe?$AAp?$AAa?$AAr?$AAe?$AA?4?$AAd?$AAl?$AAl@ 0000000140003018     ScEntry:prepare.obj
 0002:00000030       ??_C@_0L@HOFGLFDL@LdrLoadDll@ 0000000140003030     ScEntry:prepare.obj
 0002:00000040       ??_C@_0BH@GKPJJDBO@LdrGetProcedureAddress@ 0000000140003040     ScEntry:prepare.obj
 0002:00000058       ??_C@_0N@FIGJGHFN@LdrUnloadDll@ 0000000140003058     ScEntry:prepare.obj
 0002:00000068       ??_C@_0BD@JDDPIELM@RtlExitUserProcess@ 0000000140003068     ScEntry:prepare.obj
 0003:00000000       __@@_PchSym_@00@UfhvihUsziibUwlxfnvmghUtrgsfyUhxUgnkUcGEUivovzhvUxvigoltlmKxwCUhgwzucOlyq@4B2008FD98C1DD4 0000000140004000     stdafx.obj
 0003:00000004       __@@_PchSym_@00@UfhvihUsziibUwlxfnvmghUtrgsfyUhxUgnkUcGEUivovzhvUhxvmgibUhgwzucOlyq@4B2008FD98C1DD4 0000000140004004     ScEntry:stdafx.obj

 entry point at        0001:00001a8c

 Static symbols

 0000:ffffa000       .debug$S                   0000000140000000     ntdllp:ntdll.dll
 0000:ffffa000       .debug$S                   0000000140000000     ntdllp:ntdll.dll
 0002:ffffd000       .idata$6                   0000000140000000     ntdllp:ntdll.dll
 0001:00000052       common_imp_call            0000000140001052 f   x64.obj
 0001:000000d8       advapi32                   00000001400010d8 f   x64.obj
 0001:00000277       crypt32                    0000000140001277 f   x64.obj
 0001:000003cc       kernel32                   00000001400013cc f   x64.obj
 0001:000004f4       Secur32                    00000001400014f4 f   x64.obj
 0001:0000054c       user32                     000000014000154c f   x64.obj
 0001:000007df       ncrypt                     00000001400017df f   x64.obj
 0001:00000a6f       ntdllp                     0000000140001a6f f   x64.obj
 0002:00000120       $unwind$?DoLogon@@YAJPEAPEAXPEAXK@Z 0000000140003120     ep.obj
 0002:00000138       $unwind$?CerificateLogon@@YAJPEAPEAXPEB_W111@Z 0000000140003138     ep.obj
 0002:00000158       $unwind$?WritePfxToKey@@YAJPEB_W000@Z 0000000140003158     ep.obj
 0002:00000174       $unwind$?GetPublickKey@@YAJ_KPEAPEAX@Z 0000000140003174     ep.obj
 0002:0000018c       $unwind$?TestKey@@YAJHPEB_W0@Z 000000014000318c     ep.obj
 0002:000001a0       $unwind$?ShowErrorBox@@YAHPEAUHWND__@@JPEB_W@Z 00000001400031a0     ep.obj
 0002:000001b4       $unwind$?ep@@YAXXZ         00000001400031b4     ep.obj
 0002:000001c4       $unwind$??$HR@H@@YAHAEAJH@Z 00000001400031c4     ep.obj
 0002:000001d0       $unwind$?ScEntry@@YAXPEAU_PEB@@@Z 00000001400031d0     ScEntry:prepare.obj
 0002:000001e0       $unwind$?get_hmod@@YAPEAXPEB_W@Z 00000001400031e0     ScEntry:GetFuncAddr.obj
 0002:000001e8       $unwind$?GetFuncAddressEx@@YAPEAXPEAU_IMAGE_DOS_HEADER@@PEBD@Z 00000001400031e8     ScEntry:GetFuncAddr.obj
