 CertLogon2

 Timestamp is 6741e666 (Sat Nov 23 16:27:50 2024)

 Preferred load address is 0000000140000000

 Start         Length     Name                   Class
 0001:00000000 00000a2cH .text$mn                CODE
 0001:00000a2c 00000db4H .text$mn$cpp            CODE
 0001:000017e0 00000224H .text$mn$cpp$s          CODE
 0001:00001a04 00000008H .text$nm                CODE
 0001:00001a0c 00000115H .text$zz                CODE
 0002:00000000 00000000H .idata$5                DATA
 0002:00000000 0000007cH .rdata                  DATA
 0002:0000007c 000000e4H .xdata                  DATA
 0002:00000160 00000000H .edata                  DATA
 0002:00000160 00000000H .idata$2                DATA
 0002:00000160 00000000H .idata$3                DATA
 0002:00000160 00000000H .idata$4                DATA
 0002:00000160 00000000H .idata$6                DATA
 0003:00000000 00000000H .data                   DATA
 0003:00000000 00000008H .bss                    DATA
 0004:00000000 00000084H .pdata                  DATA

  Address         Publics by Value              Rva+Base               Lib:Object

 0000:00000000       __AbsoluteZero             0000000000000000     <absolute>
 0000:00000000       __arm64x_extra_rfe_table   0000000000000000     <absolute>
 0000:00000000       __arm64x_extra_rfe_table_size 0000000000000000     <absolute>
 0000:00000000       __arm64x_native_entrypoint 0000000000000000     <absolute>
 0000:00000000       __arm64x_redirection_metadata 0000000000000000     <absolute>
 0000:00000000       __arm64x_redirection_metadata_count 0000000000000000     <absolute>
 0000:00000000       __dynamic_value_reloc_table 0000000000000000     <absolute>
 0000:00000000       __enclave_config           0000000000000000     <absolute>
 0000:00000000       __guard_check_icall_a64n_fptr 0000000000000000     <absolute>
 0000:00000000       __guard_eh_cont_count      0000000000000000     <absolute>
 0000:00000000       __guard_eh_cont_table      0000000000000000     <absolute>
 0000:00000000       __guard_fids_count         0000000000000000     <absolute>
 0000:00000000       __guard_fids_table         0000000000000000     <absolute>
 0000:00000000       __guard_flags              0000000000000000     <absolute>
 0000:00000000       __guard_iat_count          0000000000000000     <absolute>
 0000:00000000       __guard_iat_table          0000000000000000     <absolute>
 0000:00000000       __guard_longjmp_count      0000000000000000     <absolute>
 0000:00000000       __guard_longjmp_table      0000000000000000     <absolute>
 0000:00000000       __hybrid_auxiliary_delayload_iat 0000000000000000     <absolute>
 0000:00000000       __hybrid_auxiliary_delayload_iat_copy 0000000000000000     <absolute>
 0000:00000000       __hybrid_auxiliary_iat     0000000000000000     <absolute>
 0000:00000000       __hybrid_auxiliary_iat_copy 0000000000000000     <absolute>
 0000:00000000       __hybrid_code_map          0000000000000000     <absolute>
 0000:00000000       __hybrid_code_map_count    0000000000000000     <absolute>
 0000:00000000       __hybrid_image_info_bitfield 0000000000000000     <absolute>
 0000:00000000       __volatile_metadata        0000000000000000     <absolute>
 0000:00000000       __x64_code_ranges_to_entry_points 0000000000000000     <absolute>
 0000:00000000       __x64_code_ranges_to_entry_points_count 0000000000000000     <absolute>
 0000:00000000       __ImageBase                0000000140000000     <linker-defined>
 0001:00000000       ?epASM@@YAXPEAU_PEB@@@Z    0000000140001000 f   x64.obj
 0001:0000005c       ImpersonateLoggedOnUser    000000014000105c f   x64.obj
 0001:000000ba       CryptDecodeObjectEx        00000001400010ba f   x64.obj
 0001:000000ec       CryptImportPublicKeyInfoEx2 00000001400010ec f   x64.obj
 0001:00000124       CertFreeCertificateContext 0000000140001124 f   x64.obj
 0001:0000015b       CertGetCertificateContextProperty 000000014000115b f   x64.obj
 0001:0000019a       CertEnumCertificatesInStore 000000014000119a f   x64.obj
 0001:000001d4       PFXImportCertStore         00000001400011d4 f   x64.obj
 0001:00000203       CertCloseStore             0000000140001203 f   x64.obj
 0001:00000258       LocalAlloc                 0000000140001258 f   x64.obj
 0001:00000283       LocalFree                  0000000140001283 f   x64.obj
 0001:000002aa       GetLastError               00000001400012aa f   x64.obj
 0001:000002d5       GetModuleHandleW           00000001400012d5 f   x64.obj
 0001:00000301       FormatMessageW             0000000140001301 f   x64.obj
 0001:0000032f       GetCommandLineW            000000014000132f f   x64.obj
 0001:00000358       ExitProcess                0000000140001358 f   x64.obj
 0001:000003b2       LsaConnectUntrusted        00000001400013b2 f   x64.obj
 0001:000003e4       LsaLookupAuthenticationPackage 00000001400013e4 f   x64.obj
 0001:0000041f       LsaLogonUser               000000014000141f f   x64.obj
 0001:00000445       LsaDeregisterLogonProcess  0000000140001445 f   x64.obj
 0001:0000047a       LsaFreeReturnBuffer        000000014000147a f   x64.obj
 0001:000004d8       MessageBoxW                00000001400014d8 f   x64.obj
 0001:0000052e       BCryptDestroyKey           000000014000152e f   x64.obj
 0001:00000559       BCryptVerifySignature      0000000140001559 f   x64.obj
 0001:0000058e       NCryptSignHash             000000014000158e f   x64.obj
 0001:000005b7       NCryptOpenStorageProvider  00000001400015b7 f   x64.obj
 0001:000005ea       NCryptOpenKey              00000001400015ea f   x64.obj
 0001:00000616       NCryptFreeObject           0000000140001616 f   x64.obj
 0001:00000641       NCryptExportKey            0000000140001641 f   x64.obj
 0001:00000670       NCryptImportKey            0000000140001670 f   x64.obj
 0001:000006a0       NCryptSetProperty          00000001400016a0 f   x64.obj
 0001:000006d2       NCryptDeleteKey            00000001400016d2 f   x64.obj
 0001:00000700       NCryptGetProperty          0000000140001700 f   x64.obj
 0001:00000732       BCryptGenRandom            0000000140001732 f   x64.obj
 0001:00000786       RtlFreeUnicodeString       0000000140001786 f   x64.obj
 0001:000007b5       NtOpenFile                 00000001400017b5 f   x64.obj
 0001:000007db       RtlDosPathNameToNtPathName_U_WithStatus 00000001400017db f   x64.obj
 0001:00000820       NtQueryInformationFile     0000000140001820 f   x64.obj
 0001:00000857       NtReadFile                 0000000140001857 f   x64.obj
 0001:0000087b       NtClose                    000000014000187b f   x64.obj
 0001:000008a0       RtlInitString              00000001400018a0 f   x64.obj
 0001:000008ce       _snwprintf                 00000001400018ce f   x64.obj
 0001:000008f3       wcschr                     00000001400018f3 f   x64.obj
 0001:00000917       NtSetInformationThread     0000000140001917 f   x64.obj
 0001:00000947       __chkstk                   0000000140001947 f   x64.obj
 0001:00000969       RtlInitUnicodeString       0000000140001969 f   x64.obj
 0001:0000099d       LdrLoadDll                 000000014000199d f   x64.obj
 0001:000009c3       LdrGetProcedureAddress     00000001400019c3 f   x64.obj
 0001:000009f7       memset                     00000001400019f7 f   x64.obj
 0001:00000a2c       ?DoLogon@@YAJPEAPEAXPEAXK@Z 0000000140001a2c f   ep.obj
 0001:00000b58       ?CerificateLogon@@YAJPEAPEAXPEB_W111@Z 0000000140001b58 f   ep.obj
 0001:00000d08       ?WritePfxToKey@@YAJPEB_W000@Z 0000000140001d08 f   ep.obj
 0001:00001138       ?GetPublickKey@@YAJ_KPEAPEAX@Z 0000000140002138 f   ep.obj
 0001:0000125c       ?TestKey@@YAJHPEB_W0@Z     000000014000225c f   ep.obj
 0001:00001458       ?ShowErrorBox@@YAHPEAUHWND__@@JPEB_W@Z 0000000140002458 f   ep.obj
 0001:00001514       ?ep@@YAXPEAU_PEB@@@Z       0000000140002514 f   ep.obj
 0001:00001604       ??$HR@H@@YAHAEAJH@Z        0000000140002604 f i ep.obj
 0001:00001630       ?get_hmod@@YAPEAXPEB_W@Z   0000000140002630 f   ScEntry:GetFuncAddr.obj
 0001:0000168c       ?GetFuncAddressEx@@YAPEAXPEAU_IMAGE_DOS_HEADER@@PEBD@Z 000000014000268c f   ScEntry:GetFuncAddr.obj
 0001:000017e0       ??_C@_08DEIMIBAF@Kerberos@FNODOBFM@ 00000001400027e0     ep.obj
 0001:000017f0       ??_C@_08GBLIGBPF@Winlogon@FNODOBFM@ 00000001400027f0     ep.obj
 0001:00001800       ??_C@_1HI@EEGLMGDM@?$AA?$CF?$AAw?$AAs?$AA?$CF?$AAc?$AA?$CF?$AAw?$AAs?$AA?$CF?$AAc?$AA?$CF?$AAw?$AAs?$AA?$CF?$AAc@FNODOBFM@ 0000000140002800     ep.obj
 0001:00001880       ??_C@_1BE@PFDIDPLD@?$AA?2?$AA?2?$AA?4?$AA?2?$AA?$CF?$AAs?$AA?2?$AA?$CF?$AAs@FNODOBFM@ 0000000140002880     ep.obj
 0001:000018a0       ??_C@_0BI@MPLNOBGC@1?42?4840?4113549?41?412?41?43@FNODOBFM@ 00000001400028a0     ep.obj
 0001:000018c0       ??_C@_1CC@BDCMACAP@?$AAP?$AAK?$AAC?$AAS?$AA8?$AA_?$AAP?$AAR?$AAI?$AAV?$AAA?$AAT?$AAE?$AAK?$AAE@FNODOBFM@ 00000001400028c0     ep.obj
 0001:000018f0       ??_C@_1FA@OAAKELHB@?$AAM?$AAi?$AAc?$AAr?$AAo?$AAs?$AAo?$AAf?$AAt?$AA?5?$AAS?$AAo?$AAf?$AAt?$AAw@FNODOBFM@ 00000001400028f0     ep.obj
 0001:00001940       ??_C@_1DA@HMDKMDKC@?$AAS?$AAm?$AAa?$AAr?$AAt?$AAC?$AAa?$AAr?$AAd?$AAK?$AAe?$AAy?$AAC?$AAe?$AAr@FNODOBFM@ 0000000140002940     ep.obj
 0001:00001970       ??_C@_1O@HECGKAIN@?$AAS?$AAH?$AAA?$AA2?$AA5?$AA6@FNODOBFM@ 0000000140002970     ep.obj
 0001:00001980       ??_C@_1M@OAIMIKLP@?$AAn?$AAt?$AAd?$AAl?$AAl@FNODOBFM@ 0000000140002980     ep.obj
 0001:00001990       ??_C@_1O@KLFLKFOB@?$AAR?$AAe?$AAa?$AAd?$AAe?$AAr@FNODOBFM@ 0000000140002990     ep.obj
 0001:000019a0       ??_C@_1BE@FDKEOJEO@?$AAC?$AAo?$AAn?$AAt?$AAa?$AAi?$AAn?$AAe?$AAr@FNODOBFM@ 00000001400029a0     ep.obj
 0001:000019c0       ??_C@_13BBDEGPLJ@?$AA?$CK@FNODOBFM@ 00000001400029c0     ep.obj
 0001:000019d0       ??_C@_1CA@DGNKCCOJ@?$AAC?$AAe?$AAr?$AAi?$AAf?$AAi?$AAc?$AAa?$AAt?$AAe?$AAL?$AAo?$AAg?$AAo?$AAn@FNODOBFM@ 00000001400029d0     ep.obj
 0001:000019f0       ??_C@_1BE@KDLLNMG@?$AAP?$AAF?$AAX?$AA?5?$AAL?$AAo?$AAg?$AAo?$AAn@FNODOBFM@ 00000001400029f0     ep.obj
 0001:00001a04       ?sc_end@@YAPEAXXZ          0000000140002a04 f   ScEntry:prepare.obj
 0001:00001a0c       ?ScEntry@@YAXPEAU_PEB@@@Z  0000000140002a0c f   ScEntry:prepare.obj
 0002:00000000       ??_C@_0BF@EKFKPNAI@RtlInitUnicodeString@ 0000000140003000     ScEntry:prepare.obj
 0002:00000018       ??_C@_1BI@NEOFKCPM@?$AAp?$AAr?$AAe?$AAp?$AAa?$AAr?$AAe?$AA?4?$AAd?$AAl?$AAl@ 0000000140003018     ScEntry:prepare.obj
 0002:00000030       ??_C@_0L@HOFGLFDL@LdrLoadDll@ 0000000140003030     ScEntry:prepare.obj
 0002:00000040       ??_C@_0BH@GKPJJDBO@LdrGetProcedureAddress@ 0000000140003040     ScEntry:prepare.obj
 0002:00000058       ??_C@_0N@FIGJGHFN@LdrUnloadDll@ 0000000140003058     ScEntry:prepare.obj
 0002:00000068       ??_C@_0BD@JDDPIELM@RtlExitUserProcess@ 0000000140003068     ScEntry:prepare.obj
 0003:00000000       __@@_PchSym_@00@UfhvihUsziibUwlxfnvmghUtrgsfyUhxUgnkUcGEUivovzhvUxvigoltlmCUhgwzucOlyq@4B2008FD98C1DD4 0000000140004000     stdafx.obj
 0003:00000004       __@@_PchSym_@00@UfhvihUsziibUwlxfnvmghUtrgsfyUhxUgnkUcGEUivovzhvUhxvmgibUhgwzucOlyq@4B2008FD98C1DD4 0000000140004004     ScEntry:stdafx.obj

 entry point at        0001:00001a0c

 Static symbols

 0002:ffffd000       .idata$6                   0000000140000000     ntdllp:ntdll.dll
 0001:00000005       common_imp_call            0000000140001005 f   x64.obj
 0001:00000090       advapi32                   0000000140001090 f   x64.obj
 0001:0000022f       crypt32                    000000014000122f f   x64.obj
 0001:00000384       kernel32                   0000000140001384 f   x64.obj
 0001:000004ac       Secur32                    00000001400014ac f   x64.obj
 0001:00000504       user32                     0000000140001504 f   x64.obj
 0001:00000760       ncrypt                     0000000140001760 f   x64.obj
 0001:00000a17       ntdllp                     0000000140001a17 f   x64.obj
 0002:0000007c       $unwind$?DoLogon@@YAJPEAPEAXPEAXK@Z 000000014000307c     ep.obj
 0002:00000094       $unwind$?CerificateLogon@@YAJPEAPEAXPEB_W111@Z 0000000140003094     ep.obj
 0002:000000b4       $unwind$?WritePfxToKey@@YAJPEB_W000@Z 00000001400030b4     ep.obj
 0002:000000d0       $unwind$?GetPublickKey@@YAJ_KPEAPEAX@Z 00000001400030d0     ep.obj
 0002:000000e8       $unwind$?TestKey@@YAJHPEB_W0@Z 00000001400030e8     ep.obj
 0002:000000fc       $unwind$?ShowErrorBox@@YAHPEAUHWND__@@JPEB_W@Z 00000001400030fc     ep.obj
 0002:00000110       $unwind$?ep@@YAXPEAU_PEB@@@Z 0000000140003110     ep.obj
 0002:00000120       $unwind$??$HR@H@@YAHAEAJH@Z 0000000140003120     ep.obj
 0002:0000012c       $unwind$?ScEntry@@YAXPEAU_PEB@@@Z 000000014000312c     ScEntry:prepare.obj
 0002:0000013c       $unwind$?get_hmod@@YAPEAXPEB_W@Z 000000014000313c     ScEntry:GetFuncAddr.obj
 0002:00000144       $unwind$?GetFuncAddressEx@@YAPEAXPEAU_IMAGE_DOS_HEADER@@PEBD@Z 0000000140003144     ScEntry:GetFuncAddr.obj
