 dcom

 Timestamp is 66bcd422 (Wed Aug 14 18:58:26 2024)

 Preferred load address is 0000000140000000

 Start         Length     Name                   Class
 0001:00000000 000005acH .text$mn                CODE
 0001:000005ac 000007d4H .text$mn$cpp            CODE
 0001:00000d80 00000158H .text$mn$cpp$s          CODE
 0001:00000ed8 00000008H .text$nm                CODE
 0001:00000ee0 0000010eH .text$zz                CODE
 0002:00000000 00000000H .idata$5                DATA
 0002:00000000 0000007cH .rdata                  DATA
 0002:0000007c 0000009cH .xdata                  DATA
 0002:00000118 00000000H .edata                  DATA
 0002:00000118 00000000H .idata$2                DATA
 0002:00000118 00000000H .idata$3                DATA
 0002:00000118 00000000H .idata$4                DATA
 0002:00000118 00000000H .idata$6                DATA
 0003:00000000 00000000H .data                   DATA
 0003:00000000 00000008H .bss                    DATA
 0004:00000000 00000060H .pdata                  DATA

  Address         Publics by Value              Rva+Base               Lib:Object

 0000:00000000       __AbsoluteZero             0000000000000000     <absolute>
 0000:00000000       __arm64x_extra_rfe_table   0000000000000000     <absolute>
 0000:00000000       __arm64x_extra_rfe_table_size 0000000000000000     <absolute>
 0000:00000000       __arm64x_native_entrypoint 0000000000000000     <absolute>
 0000:00000000       __arm64x_redirection_metadata 0000000000000000     <absolute>
 0000:00000000       __arm64x_redirection_metadata_count 0000000000000000     <absolute>
 0000:00000000       __dynamic_value_reloc_table 0000000000000000     <absolute>
 0000:00000000       __enclave_config           0000000000000000     <absolute>
 0000:00000000       __guard_check_icall_a64n_fptr 0000000000000000     <absolute>
 0000:00000000       __guard_eh_cont_count      0000000000000000     <absolute>
 0000:00000000       __guard_eh_cont_table      0000000000000000     <absolute>
 0000:00000000       __guard_fids_count         0000000000000000     <absolute>
 0000:00000000       __guard_fids_table         0000000000000000     <absolute>
 0000:00000000       __guard_flags              0000000000000000     <absolute>
 0000:00000000       __guard_iat_count          0000000000000000     <absolute>
 0000:00000000       __guard_iat_table          0000000000000000     <absolute>
 0000:00000000       __guard_longjmp_count      0000000000000000     <absolute>
 0000:00000000       __guard_longjmp_table      0000000000000000     <absolute>
 0000:00000000       __hybrid_auxiliary_delayload_iat 0000000000000000     <absolute>
 0000:00000000       __hybrid_auxiliary_delayload_iat_copy 0000000000000000     <absolute>
 0000:00000000       __hybrid_auxiliary_iat     0000000000000000     <absolute>
 0000:00000000       __hybrid_auxiliary_iat_copy 0000000000000000     <absolute>
 0000:00000000       __hybrid_code_map          0000000000000000     <absolute>
 0000:00000000       __hybrid_code_map_count    0000000000000000     <absolute>
 0000:00000000       __volatile_metadata        0000000000000000     <absolute>
 0000:00000000       __x64_code_ranges_to_entry_points 0000000000000000     <absolute>
 0000:00000000       __x64_code_ranges_to_entry_points_count 0000000000000000     <absolute>
 0001:00000000       ?epASM@@YAXPEAU_PEB@@@Z    0000000140001000 f   x64.obj
 0001:00000010       ?GetToken@@YAPEAXXZ        0000000140001010 f   x64.obj
 0001:00000018       ?SetToken@@YAXPEAX@Z       0000000140001018 f   x64.obj
 0001:00000020       ?InitVT@@YAPEAUCImport@@PEAPEAXPEAU1@@Z 0000000140001020 f   x64.obj
 0001:0000006f       ?InitVT@@YAPEAUCDImport@@PEAPEAXPEAU1@@Z 000000014000106f f   x64.obj
 0001:00000111       OpenProcessToken           0000000140001111 f   x64.obj
 0001:00000139       CreateProcessAsUserW       0000000140001139 f   x64.obj
 0001:0000016d       DuplicateToken             000000014000116d f   x64.obj
 0001:00000197       OpenThreadToken            0000000140001197 f   x64.obj
 0001:000001ea       DuplicateHandle            00000001400011ea f   x64.obj
 0001:00000218       GetModuleHandleW           0000000140001218 f   x64.obj
 0001:00000249       IsDebuggerPresent          0000000140001249 f   x64.obj
 0001:0000027a       ExpandEnvironmentStringsW  000000014000127a f   x64.obj
 0001:000002b2       VirtualProtect             00000001400012b2 f   x64.obj
 0001:000002df       SetEvent                   00000001400012df f   x64.obj
 0001:00000301       WaitForSingleObject        0000000140001301 f   x64.obj
 0001:00000334       OpenProcess                0000000140001334 f   x64.obj
 0001:0000038a       NtSetInformationThread     000000014000138a f   x64.obj
 0001:000003bf       RtlInitUnicodeString       00000001400013bf f   x64.obj
 0001:000003ed       RtlImageDirectoryEntryToData 00000001400013ed f   x64.obj
 0001:00000425       ZwSetInformationThread     0000000140001425 f   x64.obj
 0001:00000457       NtClose                    0000000140001457 f   x64.obj
 0001:00000478       ZwQueryValueKey            0000000140001478 f   x64.obj
 0001:000004a8       ZwOpenKey                  00000001400014a8 f   x64.obj
 0001:000004d2       memset                     00000001400014d2 f   x64.obj
 0001:000004f7       LdrLoadDll                 00000001400014f7 f   x64.obj
 0001:0000051b       LdrGetProcedureAddress     000000014000151b f   x64.obj
 0001:0000054f       __chkstk                   000000014000154f f   x64.obj
 0001:00000571       strcmp                     0000000140001571 f   x64.obj
 0001:000005ac       ?IsCredentialUIBroker@@YAJPEB_W@Z 00000001400015ac f   ep.obj
 0001:00000728       ?hook_CreateProcessAsUserW@@YAHPEAXPEB_WPEA_WPEAU_SECURITY_ATTRIBUTES@@3HK01PEAU_STARTUPINFOW@@PEAU_PROCESS_INFORMATION@@@Z 0000000140001728 f   ep.obj
 0001:000008a4       ?Assign@@YAPEAXPEAPEAXPEAX@Z 00000001400018a4 f   ep.obj
 0001:000008f8       ?ep@@YAXKPEAX0@Z           00000001400018f8 f   ep.obj
 0001:00000a50       ?DirectoryEntry@CImport@@UEAAGXZ 0000000140001a50 f i import.obj
 0001:00000a58       ?Name@CImport@@UEAAKK@Z    0000000140001a58 f i import.obj
 0001:00000a68       ?Next@CImport@@UEAAKXZ     0000000140001a68 f i import.obj
 0001:00000a74       ?rvaINT@CImport@@UEAAKXZ   0000000140001a74 f i import.obj
 0001:00000a7c       ?rvaIAT@CImport@@UEAAKXZ   0000000140001a7c f i import.obj
 0001:00000a7c       ?rvaINT@CDImport@@UEAAKXZ  0000000140001a7c f i import.obj
 0001:00000a84       ?DirectoryEntry@CDImport@@UEAAGXZ 0000000140001a84 f i import.obj
 0001:00000a8c       ?Name@CDImport@@UEAAKK@Z   0000000140001a8c f i import.obj
 0001:00000aa4       ?Next@CDImport@@UEAAKXZ    0000000140001aa4 f i import.obj
 0001:00000ab0       ?rvaIAT@CDImport@@UEAAKXZ  0000000140001ab0 f i import.obj
 0001:00000ab8       ?FindApi@@YAPEAPEAXPEAUHINSTANCE__@@PEBD@Z 0000000140001ab8 f   import.obj
 0001:00000bd0       ?get_hmod@@YAPEAXPEB_W@Z   0000000140001bd0 f   ScEntry:GetFuncAddr.obj
 0001:00000c2c       ?GetFuncAddressEx@@YAPEAXPEAU_IMAGE_DOS_HEADER@@PEBD@Z 0000000140001c2c f   ScEntry:GetFuncAddr.obj
 0001:00000d80       ??_C@_1LM@NMGOMBD@?$AA?2?$AAR?$AAe?$AAg?$AAi?$AAs?$AAt?$AAr?$AAy?$AA?2?$AAM?$AAA?$AAC?$AAH?$AAI@FNODOBFM@ 0000000140001d80     ep.obj
 0001:00000e40       ??_C@_1CC@LFOJNHCF@?$AAS?$AAe?$AAr?$AAv?$AAe?$AAr?$AAE?$AAx?$AAe?$AAc?$AAu?$AAt?$AAa?$AAb?$AAl@FNODOBFM@ 0000000140001e40     ep.obj
 0001:00000e70       ??_C@_1CC@DDCBOEJI@?$AAW?$AAi?$AAn?$AAs?$AAt?$AAa?$AA0?$AA?2?$AAW?$AAi?$AAn?$AAl?$AAo?$AAg?$AAo@FNODOBFM@ 0000000140001e70     ep.obj
 0001:00000ea0       ??_C@_1BE@OCOODLNJ@?$AAr?$AAp?$AAc?$AAs?$AAs?$AA?4?$AAd?$AAl?$AAl@FNODOBFM@ 0000000140001ea0     ep.obj
 0001:00000ec0       ??_C@_0BF@EPMGKKHC@CreateProcessAsUserW@FNODOBFM@ 0000000140001ec0     ep.obj
 0001:00000ed8       ?sc_end@@YAPEAXXZ          0000000140001ed8 f   ScEntry:prepare.obj
 0001:00000ee0       ?ScEntry@@YAXPEAU_PEB@@@Z  0000000140001ee0 f   ScEntry:prepare.obj
 0002:00000000       ??_C@_0BF@EKFKPNAI@RtlInitUnicodeString@ 0000000140002000     ScEntry:prepare.obj
 0002:00000018       ??_C@_1BI@NEOFKCPM@?$AAp?$AAr?$AAe?$AAp?$AAa?$AAr?$AAe?$AA?4?$AAd?$AAl?$AAl@ 0000000140002018     ScEntry:prepare.obj
 0002:00000030       ??_C@_0L@HOFGLFDL@LdrLoadDll@ 0000000140002030     ScEntry:prepare.obj
 0002:00000040       ??_C@_0BH@GKPJJDBO@LdrGetProcedureAddress@ 0000000140002040     ScEntry:prepare.obj
 0002:00000058       ??_C@_0N@FIGJGHFN@LdrUnloadDll@ 0000000140002058     ScEntry:prepare.obj
 0002:00000068       ??_C@_0BD@JDDPIELM@RtlExitUserProcess@ 0000000140002068     ScEntry:prepare.obj
 0003:00000000       __@@_PchSym_@00@UfhvihUsziibUwlxfnvmghUtrgsfyUhxUgnkUcGEUivovzhvUwxlnUhgwzucOlyq@4B2008FD98C1DD4 0000000140003000     stdafx.obj
 0003:00000004       __@@_PchSym_@00@UfhvihUsziibUwlxfnvmghUtrgsfyUhxUgnkUcGEUivovzhvUhxvmgibUhgwzucOlyq@4B2008FD98C1DD4 0000000140003004     ScEntry:stdafx.obj

 entry point at        0001:00000ee0

 Static symbols

 0002:ffffe000       .idata$6                   0000000140000000     ntdllp:ntdll.dll
 0001:00000008       _G_Token                   0000000140001008     x64.obj
 0001:000000be       common_imp_call            00000001400010be f   x64.obj
 0001:000001c0       advapi32                   00000001400011c0 f   x64.obj
 0001:0000035c       KERNEL32                   000000014000135c f   x64.obj
 0001:00000597       ntdllp                     0000000140001597 f   x64.obj
 0002:0000007c       $unwind$?IsCredentialUIBroker@@YAJPEB_W@Z 000000014000207c     ep.obj
 0002:00000090       $unwind$?hook_CreateProcessAsUserW@@YAHPEAXPEB_WPEA_WPEAU_SECURITY_ATTRIBUTES@@3HK01PEAU_STARTUPINFOW@@PEAU_PROCESS_INFORMATION@@@Z 0000000140002090     ep.obj
 0002:000000b0       $unwind$?Assign@@YAPEAXPEAPEAXPEAX@Z 00000001400020b0     ep.obj
 0002:000000bc       $unwind$?ep@@YAXKPEAX0@Z   00000001400020bc     ep.obj
 0002:000000d0       $unwind$?FindApi@@YAPEAPEAXPEAUHINSTANCE__@@PEBD@Z 00000001400020d0     import.obj
 0002:000000e4       $unwind$?ScEntry@@YAXPEAU_PEB@@@Z 00000001400020e4     ScEntry:prepare.obj
 0002:000000f4       $unwind$?get_hmod@@YAPEAXPEB_W@Z 00000001400020f4     ScEntry:GetFuncAddr.obj
 0002:000000fc       $unwind$?GetFuncAddressEx@@YAPEAXPEAU_IMAGE_DOS_HEADER@@PEBD@Z 00000001400020fc     ScEntry:GetFuncAddr.obj
