 DecryptUnpackRun

 Timestamp is 673e485c (Wed Nov 20 22:36:44 2024)

 Preferred load address is 0000000140000000

 Start         Length     Name                   Class
 0001:00000000 00000434H .text$mn                CODE
 0001:00000434 0000056cH .text$mn$cpp            CODE
 0001:000009a0 00000020H .text$mn$cpp$s          CODE
 0001:000009c0 00000008H .text$nm                CODE
 0001:000009c8 00000115H .text$zz                CODE
 0002:00000000 0000007cH .rdata                  DATA
 0002:0000007c 00000078H .xdata                  DATA
 0002:000000f4 00000000H .edata                  DATA
 0003:00000000 00000000H .data                   DATA
 0003:00000000 00000008H .bss                    DATA
 0004:00000000 00000048H .pdata                  DATA

  Address         Publics by Value              Rva+Base               Lib:Object

 0000:00000000       __AbsoluteZero             0000000000000000     <absolute>
 0000:00000000       __arm64x_extra_rfe_table   0000000000000000     <absolute>
 0000:00000000       __arm64x_extra_rfe_table_size 0000000000000000     <absolute>
 0000:00000000       __arm64x_native_entrypoint 0000000000000000     <absolute>
 0000:00000000       __arm64x_redirection_metadata 0000000000000000     <absolute>
 0000:00000000       __arm64x_redirection_metadata_count 0000000000000000     <absolute>
 0000:00000000       __dynamic_value_reloc_table 0000000000000000     <absolute>
 0000:00000000       __enclave_config           0000000000000000     <absolute>
 0000:00000000       __guard_check_icall_a64n_fptr 0000000000000000     <absolute>
 0000:00000000       __guard_eh_cont_count      0000000000000000     <absolute>
 0000:00000000       __guard_eh_cont_table      0000000000000000     <absolute>
 0000:00000000       __guard_fids_count         0000000000000000     <absolute>
 0000:00000000       __guard_fids_table         0000000000000000     <absolute>
 0000:00000000       __guard_flags              0000000000000000     <absolute>
 0000:00000000       __guard_iat_count          0000000000000000     <absolute>
 0000:00000000       __guard_iat_table          0000000000000000     <absolute>
 0000:00000000       __guard_longjmp_count      0000000000000000     <absolute>
 0000:00000000       __guard_longjmp_table      0000000000000000     <absolute>
 0000:00000000       __hybrid_auxiliary_delayload_iat 0000000000000000     <absolute>
 0000:00000000       __hybrid_auxiliary_delayload_iat_copy 0000000000000000     <absolute>
 0000:00000000       __hybrid_auxiliary_iat     0000000000000000     <absolute>
 0000:00000000       __hybrid_auxiliary_iat_copy 0000000000000000     <absolute>
 0000:00000000       __hybrid_code_map          0000000000000000     <absolute>
 0000:00000000       __hybrid_code_map_count    0000000000000000     <absolute>
 0000:00000000       __hybrid_image_info_bitfield 0000000000000000     <absolute>
 0000:00000000       __volatile_metadata        0000000000000000     <absolute>
 0000:00000000       __x64_code_ranges_to_entry_points 0000000000000000     <absolute>
 0000:00000000       __x64_code_ranges_to_entry_points_count 0000000000000000     <absolute>
 0000:00000000       __ImageBase                0000000140000000     <linker-defined>
 0001:00000000       ?epASM@@YAXPEAU_PEB@@@Z    0000000140001000 f   x64.obj
 0001:0000005c       CryptHashCertificate2      000000014000105c f   x64.obj
 0001:000000b8       Decompress                 00000001400010b8 f   x64.obj
 0001:000000e3       CreateDecompressor         00000001400010e3 f   x64.obj
 0001:00000113       CloseDecompressor          0000000140001113 f   x64.obj
 0001:00000170       VirtualAlloc               0000000140001170 f   x64.obj
 0001:0000019d       GetLastError               000000014000119d f   x64.obj
 0001:000001c5       VirtualFree                00000001400011c5 f   x64.obj
 0001:000001ec       ExitProcess                00000001400011ec f   x64.obj
 0001:00000242       BCryptCloseAlgorithmProvider 0000000140001242 f   x64.obj
 0001:0000027d       BCryptOpenAlgorithmProvider 000000014000127d f   x64.obj
 0001:000002b4       BCryptGenerateSymmetricKey 00000001400012b4 f   x64.obj
 0001:000002eb       BCryptDecrypt              00000001400012eb f   x64.obj
 0001:0000033e       LdrLoadDll                 000000014000133e f   x64.obj
 0001:00000363       LdrGetProcedureAddress     0000000140001363 f   x64.obj
 0001:00000397       RtlAllocateHeap            0000000140001397 f   x64.obj
 0001:000003c0       RtlFreeHeap                00000001400013c0 f   x64.obj
 0001:000003ec       RtlInitUnicodeString       00000001400013ec f   x64.obj
 0001:00000434       ?UnEscape@@YAHPEA_W@Z      0000000140001434 f   ep.obj
 0001:00000494       ?CreateAesKey@@YAJPEAPEAXPEAEK@Z 0000000140001494 f   ep.obj
 0001:00000514       ?Unzip@@YAJPEBXKPEAPEAXPEAK@Z 0000000140001514 f   ep.obj
 0001:0000062c       ?ep@@YAXPEAU_PEB@@PEAEK@Z  000000014000162c f   ep.obj
 0001:000007b4       ?get_hmod@@YAPEAXPEB_W@Z   00000001400017b4 f   ScEntry:GetFuncAddr.obj
 0001:00000810       ?GetFuncAddressEx@@YAPEAXPEAU_IMAGE_DOS_HEADER@@PEBD@Z 0000000140001810 f   ScEntry:GetFuncAddr.obj
 0001:00000960       ??_U@YAPEAX_K@Z            0000000140001960 f   ScEntry:stdafx.obj
 0001:0000097c       ??_V@YAXPEAX@Z             000000014000197c f   ScEntry:stdafx.obj
 0001:000009a0       ??_C@_17PJMHNJHG@?$AAA?$AAE?$AAS@FNODOBFM@ 00000001400019a0     ep.obj
 0001:000009b0       ??_C@_1O@HECGKAIN@?$AAS?$AAH?$AAA?$AA2?$AA5?$AA6@FNODOBFM@ 00000001400019b0     ep.obj
 0001:000009c0       ?sc_end@@YAPEAXXZ          00000001400019c0 f   ScEntry:prepare.obj
 0001:000009c8       ?ScEntry@@YAXPEAU_PEB@@@Z  00000001400019c8 f   ScEntry:prepare.obj
 0002:00000000       ??_C@_0BF@EKFKPNAI@RtlInitUnicodeString@ 0000000140002000     ScEntry:prepare.obj
 0002:00000018       ??_C@_1BI@NEOFKCPM@?$AAp?$AAr?$AAe?$AAp?$AAa?$AAr?$AAe?$AA?4?$AAd?$AAl?$AAl@ 0000000140002018     ScEntry:prepare.obj
 0002:00000030       ??_C@_0L@HOFGLFDL@LdrLoadDll@ 0000000140002030     ScEntry:prepare.obj
 0002:00000040       ??_C@_0BH@GKPJJDBO@LdrGetProcedureAddress@ 0000000140002040     ScEntry:prepare.obj
 0002:00000058       ??_C@_0N@FIGJGHFN@LdrUnloadDll@ 0000000140002058     ScEntry:prepare.obj
 0002:00000068       ??_C@_0BD@JDDPIELM@RtlExitUserProcess@ 0000000140002068     ScEntry:prepare.obj
 0003:00000000       __@@_PchSym_@00@UfhvihUsziibUwlxfnvmghUtrgsfyUhxUgnkUcGEUivovzhvUwvxibkgfmkzxpifmUhgwzucOlyq@4B2008FD98C1DD4 0000000140003000     stdafx.obj
 0003:00000004       __@@_PchSym_@00@UfhvihUsziibUwlxfnvmghUtrgsfyUhxUgnkUcGEUivovzhvUhxvmgibUhgwzucOlyq@4B2008FD98C1DD4 0000000140003004     ScEntry:stdafx.obj

 entry point at        0001:000009c8

 Static symbols

 0001:00000005       common_imp_call            0000000140001005 f   x64.obj
 0001:0000008e       crypt32                    000000014000108e f   x64.obj
 0001:00000142       cabinet                    0000000140001142 f   x64.obj
 0001:00000214       kernel32                   0000000140001214 f   x64.obj
 0001:00000316       bcrypt                     0000000140001316 f   x64.obj
 0001:0000041d       ntdllp                     000000014000141d f   x64.obj
 0001:000007ac       ??0<unnamed-type-$S1>@?BG@??ep@@YAXPEAU_PEB@@PEAEK@Z@QEAA@XZ 00000001400017ac f   ep.obj
 0002:0000007c       $unwind$?CreateAesKey@@YAJPEAPEAXPEAEK@Z 000000014000207c     ep.obj
 0002:00000090       $unwind$?Unzip@@YAJPEBXKPEAPEAXPEAK@Z 0000000140002090     ep.obj
 0002:000000a8       $unwind$?ep@@YAXPEAU_PEB@@PEAEK@Z 00000001400020a8     ep.obj
 0002:000000c0       $unwind$?ScEntry@@YAXPEAU_PEB@@@Z 00000001400020c0     ScEntry:prepare.obj
 0002:000000d0       $unwind$?get_hmod@@YAPEAXPEB_W@Z 00000001400020d0     ScEntry:GetFuncAddr.obj
 0002:000000d8       $unwind$?GetFuncAddressEx@@YAPEAXPEAU_IMAGE_DOS_HEADER@@PEBD@Z 00000001400020d8     ScEntry:GetFuncAddr.obj
