 DecryptUnpackRun

 Timestamp is 67a50794 (Thu Feb  6 21:03:48 2025)

 Preferred load address is 0000000140000000

 Start         Length     Name                   Class
 0001:00000000 0000026cH .text$mn                CODE
 0001:0000026c 000005a4H .text$mn$cpp            CODE
 0001:00000810 000007f0H .text$mn$cpp$s          CODE
 0001:00001000 00000260H .text$mn$cpp$u          CODE
 0001:00001260 00000000H .text$mn$cpp$v          CODE
 0001:00001260 00000008H .text$nm                CODE
 0001:00001268 00000108H .text$zz                CODE
 0002:00000000 000000b4H .rdata                  DATA
 0002:000000b4 00000070H .rdata$zzzdbg           DATA
 0002:00000124 00000074H .xdata                  DATA
 0002:00000198 00000000H .edata                  DATA
 0003:00000000 00000000H .data                   DATA
 0003:00000000 00000008H .bss                    DATA
 0004:00000000 00000048H .pdata                  DATA

  Address         Publics by Value              Rva+Base               Lib:Object

 0000:00000000       __AbsoluteZero             0000000000000000     <absolute>
 0000:00000000       __arm64x_extra_rfe_table   0000000000000000     <absolute>
 0000:00000000       __arm64x_extra_rfe_table_size 0000000000000000     <absolute>
 0000:00000000       __arm64x_native_entrypoint 0000000000000000     <absolute>
 0000:00000000       __arm64x_redirection_metadata 0000000000000000     <absolute>
 0000:00000000       __arm64x_redirection_metadata_count 0000000000000000     <absolute>
 0000:00000000       __dynamic_value_reloc_table 0000000000000000     <absolute>
 0000:00000000       __enclave_config           0000000000000000     <absolute>
 0000:00000000       __guard_check_icall_a64n_fptr 0000000000000000     <absolute>
 0000:00000000       __guard_eh_cont_count      0000000000000000     <absolute>
 0000:00000000       __guard_eh_cont_table      0000000000000000     <absolute>
 0000:00000000       __guard_fids_count         0000000000000000     <absolute>
 0000:00000000       __guard_fids_table         0000000000000000     <absolute>
 0000:00000000       __guard_flags              0000000000000000     <absolute>
 0000:00000000       __guard_iat_count          0000000000000000     <absolute>
 0000:00000000       __guard_iat_table          0000000000000000     <absolute>
 0000:00000000       __guard_longjmp_count      0000000000000000     <absolute>
 0000:00000000       __guard_longjmp_table      0000000000000000     <absolute>
 0000:00000000       __hybrid_auxiliary_delayload_iat 0000000000000000     <absolute>
 0000:00000000       __hybrid_auxiliary_delayload_iat_copy 0000000000000000     <absolute>
 0000:00000000       __hybrid_auxiliary_iat     0000000000000000     <absolute>
 0000:00000000       __hybrid_auxiliary_iat_copy 0000000000000000     <absolute>
 0000:00000000       __hybrid_code_map          0000000000000000     <absolute>
 0000:00000000       __hybrid_code_map_count    0000000000000000     <absolute>
 0000:00000000       __hybrid_image_info_bitfield 0000000000000000     <absolute>
 0000:00000000       __volatile_metadata        0000000000000000     <absolute>
 0000:00000000       __x64_code_ranges_to_entry_points 0000000000000000     <absolute>
 0000:00000000       __x64_code_ranges_to_entry_points_count 0000000000000000     <absolute>
 0000:00000000       __ImageBase                0000000140000000     <linker-defined>
 0001:00000000       ?epASM@@YAXXZ              0000000140001000 f   x64.obj
 0001:0000000a       __chkstk                   000000014000100a f   x64.obj
 0001:00000126       CryptHashCertificate2      0000000140001126 f   x64.obj
 0001:00000139       CreateDecompressor         0000000140001139 f   x64.obj
 0001:0000014c       Decompress                 000000014000114c f   x64.obj
 0001:0000015f       CloseDecompressor          000000014000115f f   x64.obj
 0001:00000172       VirtualAlloc               0000000140001172 f   x64.obj
 0001:00000185       GetLastError               0000000140001185 f   x64.obj
 0001:00000198       ExitProcess                0000000140001198 f   x64.obj
 0001:000001ab       VirtualFree                00000001400011ab f   x64.obj
 0001:000001be       BCryptCloseAlgorithmProvider 00000001400011be f   x64.obj
 0001:000001d1       BCryptGenerateSymmetricKey 00000001400011d1 f   x64.obj
 0001:000001e4       BCryptOpenAlgorithmProvider 00000001400011e4 f   x64.obj
 0001:000001f7       BCryptDecrypt              00000001400011f7 f   x64.obj
 0001:0000020a       RtlInitUnicodeString       000000014000120a f   x64.obj
 0001:0000021d       LdrLoadDll                 000000014000121d f   x64.obj
 0001:00000230       LdrGetProcedureAddress     0000000140001230 f   x64.obj
 0001:00000243       RtlAllocateHeap            0000000140001243 f   x64.obj
 0001:00000256       RtlFreeHeap                0000000140001256 f   x64.obj
 0001:0000026c       ?UnEscape@@YAHPEA_W@Z      000000014000126c f   ep.obj
 0001:000002bc       ?CreateAesKey@@YAJPEAPEAXPEAEK@Z 00000001400012bc f   ep.obj
 0001:0000033c       ?Unzip@@YAJPEBXKPEAPEAXPEAK@Z 000000014000133c f   ep.obj
 0001:00000454       ?ep@@YAXPEAU_PEB@@PEAEK@Z  0000000140001454 f   ep.obj
 0001:000005dc       ?GetNtBase@@YAPEAXXZ       00000001400015dc f   ScEntry:GetFuncAddr.obj
 0001:000005f8       ?get_hmod@@YAPEAXPEB_W@Z   00000001400015f8 f   ScEntry:GetFuncAddr.obj
 0001:00000654       ?GetFuncAddressEx@@YAPEAXPEAU_IMAGE_DOS_HEADER@@PEBD@Z 0000000140001654 f   ScEntry:GetFuncAddr.obj
 0001:000007d0       ??_U@YAPEAX_K@Z            00000001400017d0 f   ScEntry:stdafx.obj
 0001:000007ec       ??_V@YAXPEAX@Z             00000001400017ec f   ScEntry:stdafx.obj
 0001:00000810       ??_C@_17PJMHNJHG@?$AAA?$AAE?$AAS@FNODOBFM@ 0000000140001810     ep.obj
 0001:00000820       ??_C@_1O@HECGKAIN@?$AAS?$AAH?$AAA?$AA2?$AA5?$AA6@FNODOBFM@ 0000000140001820     ep.obj
 0001:00001260       ?sc_end@@YAPEAXXZ          0000000140002260 f   ScEntry:prepare.obj
 0001:00001268       ?ScEntry@@YAXPEAU_PEB@@@Z  0000000140002268 f   ScEntry:prepare.obj
 0002:00000000       ??_C@_0BF@EKFKPNAI@RtlInitUnicodeString@ 0000000140003000     ScEntry:prepare.obj
 0002:00000018       ??_C@_1BI@NEOFKCPM@?$AAp?$AAr?$AAe?$AAp?$AAa?$AAr?$AAe?$AA?4?$AAd?$AAl?$AAl@ 0000000140003018     ScEntry:prepare.obj
 0002:00000030       ??_C@_0L@HOFGLFDL@LdrLoadDll@ 0000000140003030     ScEntry:prepare.obj
 0002:00000040       ??_C@_0BH@GKPJJDBO@LdrGetProcedureAddress@ 0000000140003040     ScEntry:prepare.obj
 0002:00000058       ??_C@_0N@FIGJGHFN@LdrUnloadDll@ 0000000140003058     ScEntry:prepare.obj
 0002:00000068       ??_C@_0BD@JDDPIELM@RtlExitUserProcess@ 0000000140003068     ScEntry:prepare.obj
 0003:00000000       __@@_PchSym_@00@UfhvihUsziibUwlxfnvmghUtrgsfyUhxUgnkUcGEUivovzhvUwvxibkgfmkzxpifmUhgwzucOlyq@4B2008FD98C1DD4 0000000140004000     stdafx.obj
 0003:00000004       __@@_PchSym_@00@UfhvihUsziibUwlxfnvmghUtrgsfyUhxUgnkUcGEUivovzhvUhxvmgibUhgwzucOlyq@4B2008FD98C1DD4 0000000140004004     ScEntry:stdafx.obj

 entry point at        0001:00001268

 Static symbols

 0001:00000057       common_imp_call            0000000140001057 f   x64.obj
 0001:000000aa       protect                    00000001400010aa f   x64.obj
 0001:000005d4       ??0<unnamed-type-$S1>@?BG@??ep@@YAXPEAU_PEB@@PEAEK@Z@QEAA@XZ 00000001400015d4 f   ep.obj
 0001:00001000       ?CryptHashCertificate2     0000000140002000     x64.obj
 0001:00001000       @imp_begin@                0000000140002000     x64.obj
 0001:00001020       @crypt32                   0000000140002020     x64.obj
 0001:00001040       ?CreateDecompressor        0000000140002040     x64.obj
 0001:00001050       ?Decompress                0000000140002050     x64.obj
 0001:00001060       ?CloseDecompressor         0000000140002060     x64.obj
 0001:00001070       @cabinet                   0000000140002070     x64.obj
 0001:00001090       ?VirtualAlloc              0000000140002090     x64.obj
 0001:000010a8       ?GetLastError              00000001400020a8     x64.obj
 0001:000010c0       ?ExitProcess               00000001400020c0     x64.obj
 0001:000010d8       ?VirtualFree               00000001400020d8     x64.obj
 0001:000010f0       @kernel32                  00000001400020f0     x64.obj
 0001:00001118       ?BCryptCloseAlgorithmProvider 0000000140002118     x64.obj
 0001:00001140       ?BCryptGenerateSymmetricKey 0000000140002140     x64.obj
 0001:00001168       ?BCryptOpenAlgorithmProvider 0000000140002168     x64.obj
 0001:00001190       ?BCryptDecrypt             0000000140002190     x64.obj
 0001:000011a8       @bcrypt                    00000001400021a8     x64.obj
 0001:000011c8       ?RtlInitUnicodeString      00000001400021c8     x64.obj
 0001:000011e8       ?LdrLoadDll                00000001400021e8     x64.obj
 0001:00001200       ?LdrGetProcedureAddress    0000000140002200     x64.obj
 0001:00001220       ?RtlAllocateHeap           0000000140002220     x64.obj
 0001:00001238       ?RtlFreeHeap               0000000140002238     x64.obj
 0001:00001250       @ntdllp                    0000000140002250     x64.obj
 0002:00000124       $unwind$?CreateAesKey@@YAJPEAPEAXPEAEK@Z 0000000140003124     ep.obj
 0002:00000138       $unwind$?Unzip@@YAJPEBXKPEAPEAXPEAK@Z 0000000140003138     ep.obj
 0002:00000150       $unwind$?ep@@YAXPEAU_PEB@@PEAEK@Z 0000000140003150     ep.obj
 0002:00000168       $unwind$?ScEntry@@YAXPEAU_PEB@@@Z 0000000140003168     ScEntry:prepare.obj
 0002:00000178       $unwind$?get_hmod@@YAPEAXPEB_W@Z 0000000140003178     ScEntry:GetFuncAddr.obj
 0002:00000180       $unwind$?GetFuncAddressEx@@YAPEAXPEAU_IMAGE_DOS_HEADER@@PEBD@Z 0000000140003180     ScEntry:GetFuncAddr.obj
