 DownloadAndRun-x64

 Timestamp is 67d2d664 (Thu Mar 13 14:58:12 2025)

 Preferred load address is 0000000140000000

 Start         Length     Name                   Class
 0001:00000000 00000414H .text$mn                CODE
 0001:00000414 00000edcH .text$mn$cpp            CODE
 0001:000012f0 00000d10H .text$mn$cpp$s          CODE
 0001:00002000 000004d0H .text$mn$cpp$u          CODE
 0001:000024d0 00000000H .text$mn$cpp$v          CODE
 0001:000024d0 00000008H .text$nm                CODE
 0001:000024d8 000000ffH .text$zz                CODE
 0002:00000000 000000b4H .rdata                  DATA
 0002:000000b4 00000074H .rdata$zzzdbg           DATA
 0002:00000128 000000a8H .xdata                  DATA
 0002:000001d0 00000000H .edata                  DATA
 0003:00000000 00000000H .data                   DATA
 0003:00000000 00000008H .bss                    DATA
 0004:00000000 00000078H .pdata                  DATA

  Address         Publics by Value              Rva+Base               Lib:Object

 0000:00000000       __AbsoluteZero             0000000000000000     <absolute>
 0000:00000000       __arm64x_extra_rfe_table   0000000000000000     <absolute>
 0000:00000000       __arm64x_extra_rfe_table_size 0000000000000000     <absolute>
 0000:00000000       __arm64x_native_entrypoint 0000000000000000     <absolute>
 0000:00000000       __arm64x_redirection_metadata 0000000000000000     <absolute>
 0000:00000000       __arm64x_redirection_metadata_count 0000000000000000     <absolute>
 0000:00000000       __dynamic_value_reloc_table 0000000000000000     <absolute>
 0000:00000000       __enclave_config           0000000000000000     <absolute>
 0000:00000000       __guard_check_icall_a64n_fptr 0000000000000000     <absolute>
 0000:00000000       __guard_eh_cont_count      0000000000000000     <absolute>
 0000:00000000       __guard_eh_cont_table      0000000000000000     <absolute>
 0000:00000000       __guard_fids_count         0000000000000000     <absolute>
 0000:00000000       __guard_fids_table         0000000000000000     <absolute>
 0000:00000000       __guard_flags              0000000000000000     <absolute>
 0000:00000000       __guard_iat_count          0000000000000000     <absolute>
 0000:00000000       __guard_iat_table          0000000000000000     <absolute>
 0000:00000000       __guard_longjmp_count      0000000000000000     <absolute>
 0000:00000000       __guard_longjmp_table      0000000000000000     <absolute>
 0000:00000000       __hybrid_auxiliary_delayload_iat 0000000000000000     <absolute>
 0000:00000000       __hybrid_auxiliary_delayload_iat_copy 0000000000000000     <absolute>
 0000:00000000       __hybrid_auxiliary_iat     0000000000000000     <absolute>
 0000:00000000       __hybrid_auxiliary_iat_copy 0000000000000000     <absolute>
 0000:00000000       __hybrid_code_map          0000000000000000     <absolute>
 0000:00000000       __hybrid_code_map_count    0000000000000000     <absolute>
 0000:00000000       __hybrid_image_info_bitfield 0000000000000000     <absolute>
 0000:00000000       __volatile_metadata        0000000000000000     <absolute>
 0000:00000000       __x64_code_ranges_to_entry_points 0000000000000000     <absolute>
 0000:00000000       __x64_code_ranges_to_entry_points_count 0000000000000000     <absolute>
 0000:00000000       __ImageBase                0000000140000000     <linker-defined>
 0001:00000000       ?epASM@@YAXXZ              0000000140001000 f   x64.obj
 0001:0000000a       __chkstk                   000000014000100a f   x64.obj
 0001:0000012e       ExitProcess                000000014000112e f   x64.obj
 0001:00000141       GetSystemWindowsDirectoryW 0000000140001141 f   x64.obj
 0001:00000154       CreateProcessW             0000000140001154 f   x64.obj
 0001:00000167       TerminateProcess           0000000140001167 f   x64.obj
 0001:0000017a       GetSystemWow64DirectoryW   000000014000117a f   x64.obj
 0001:0000018d       WinHttpOpenRequest         000000014000118d f   x64.obj
 0001:000001a0       WinHttpReceiveResponse     00000001400011a0 f   x64.obj
 0001:000001b3       WinHttpOpen                00000001400011b3 f   x64.obj
 0001:000001c6       WinHttpSendRequest         00000001400011c6 f   x64.obj
 0001:000001d9       WinHttpQueryHeaders        00000001400011d9 f   x64.obj
 0001:000001ec       WinHttpReadData            00000001400011ec f   x64.obj
 0001:000001ff       WinHttpCloseHandle         00000001400011ff f   x64.obj
 0001:00000212       WinHttpConnect             0000000140001212 f   x64.obj
 0001:00000225       ZwUnmapViewOfSection       0000000140001225 f   x64.obj
 0001:00000238       RtlInitUnicodeString       0000000140001238 f   x64.obj
 0001:0000024b       NtOpenFile                 000000014000124b f   x64.obj
 0001:0000025e       NtClose                    000000014000125e f   x64.obj
 0001:00000271       NtCreateSection            0000000140001271 f   x64.obj
 0001:00000284       memcpy                     0000000140001284 f   x64.obj
 0001:00000297       wcstoul                    0000000140001297 f   x64.obj
 0001:000002aa       ZwResumeThread             00000001400012aa f   x64.obj
 0001:000002bd       ZwWriteVirtualMemory       00000001400012bd f   x64.obj
 0001:000002d0       NtQueryInformationProcess  00000001400012d0 f   x64.obj
 0001:000002e3       ZwMapViewOfSection         00000001400012e3 f   x64.obj
 0001:000002f6       ZwSetContextThread         00000001400012f6 f   x64.obj
 0001:00000309       ZwGetContextThread         0000000140001309 f   x64.obj
 0001:0000031c       ZwSetInformationThread     000000014000131c f   x64.obj
 0001:0000032f       ZwQueryInformationThread   000000014000132f f   x64.obj
 0001:00000342       ZwProtectVirtualMemory     0000000140001342 f   x64.obj
 0001:00000355       LdrProcessRelocationBlock  0000000140001355 f   x64.obj
 0001:00000368       RtlImageDirectoryEntryToData 0000000140001368 f   x64.obj
 0001:0000037b       RtlImageNtHeader           000000014000137b f   x64.obj
 0001:0000038e       RtlImageNtHeaderEx         000000014000138e f   x64.obj
 0001:000003a1       NtQueryDirectoryFile       00000001400013a1 f   x64.obj
 0001:000003b4       LdrLoadDll                 00000001400013b4 f   x64.obj
 0001:000003c7       LdrGetProcedureAddress     00000001400013c7 f   x64.obj
 0001:000003da       RtlAllocateHeap            00000001400013da f   x64.obj
 0001:000003ed       RtlFreeHeap                00000001400013ed f   x64.obj
 0001:00000400       memset                     0000000140001400 f   x64.obj
 0001:00000414       ?Download@@YAHPEB_W0PEAPEAXPEAK@Z 0000000140001414 f   ep.obj
 0001:00000620       ?DownloadAndExec@@YAXPEB_W0@Z 0000000140001620 f   ep.obj
 0001:00000690       ?ep@@YAXXZ                 0000000140001690 f   ep.obj
 0001:000006b4       ?ProtectImage@@YAJPEAX0PEAU_IMAGE_NT_HEADERS64@@@Z 00000001400016b4 f   Exec.obj
 0001:000007a8       ?GetWowContext@@YAJPEAXPEAU_CONTEXT@@@Z 00000001400017a8 f   Exec.obj
 0001:000007cc       ?SetWowContext@@YAJPEAXPEAU_CONTEXT@@@Z 00000001400017cc f   Exec.obj
 0001:000007e0       ?Exec@@YAHPEAXPEAU_IMAGE_NT_HEADERS64@@PEB_W@Z 00000001400017e0 f   Exec.obj
 0001:00000cd8       ?FindNoCfgDll@@YAJKKKPEAPEAX@Z 0000000140001cd8 f   NoCfg.obj
 0001:000010f4       ?GetNtBase@@YAPEAXXZ       00000001400020f4 f   ScEntry:GetFuncAddr.obj
 0001:00001110       ?get_hmod@@YAPEAXPEB_W@Z   0000000140002110 f   ScEntry:GetFuncAddr.obj
 0001:0000116c       ?GetFuncAddressEx@@YAPEAXPEAU_IMAGE_DOS_HEADER@@PEBD@Z 000000014000216c f   ScEntry:GetFuncAddr.obj
 0001:000012f0       ??_C@_1EM@FHFNBODF@?$AA?1?$AA?$HO?$AAs?$AAg?$AAt?$AAa?$AAt?$AAh?$AAa?$AAm?$AA?1?$AAp?$AAu?$AAt?$AAt@FNODOBFM@ 00000001400022f0     ep.obj
 0001:00001340       ??_C@_1BK@DEAAAFKK@?$AAt?$AAh?$AAe?$AA?4?$AAe?$AAa?$AAr?$AAt?$AAh?$AA?4?$AAl?$AAi@FNODOBFM@ 0000000140002340     ep.obj
 0001:00001360       ??_C@_1EM@CKOJHMCM@?$AA?1?$AA?$HO?$AAs?$AAg?$AAt?$AAa?$AAt?$AAh?$AAa?$AAm?$AA?1?$AAp?$AAu?$AAt?$AAt@FNODOBFM@ 0000000140002360     ep.obj
 0001:000013b0       ??_C@_1BM@ENECIFHC@?$AA?2?$AAe?$AAx?$AAp?$AAl?$AAo?$AAr?$AAe?$AAr?$AA?4?$AAe?$AAx?$AAe@FNODOBFM@ 00000001400023b0     Exec.obj
 0001:000013d0       ??_C@_1CK@GMBENNHD@?$AA?2?$AAs?$AAy?$AAs?$AAt?$AAe?$AAm?$AAr?$AAo?$AAo?$AAt?$AA?2?$AAs?$AAy?$AAs@FNODOBFM@ 00000001400023d0     NoCfg.obj
 0001:00001400       ??_C@_1CK@JEHFHMMG@?$AA?2?$AAs?$AAy?$AAs?$AAt?$AAe?$AAm?$AAr?$AAo?$AAo?$AAt?$AA?2?$AAs?$AAy?$AAs@FNODOBFM@ 0000000140002400     NoCfg.obj
 0001:00001430       ??_C@_1M@HNNPBALB@?$AA?$CK?$AA?4?$AAd?$AAl?$AAl@FNODOBFM@ 0000000140002430     NoCfg.obj
 0001:000024d0       ?sc_end@@YAPEAXXZ          00000001400034d0 f   ScEntry:prepare.obj
 0001:000024d8       ?ScEntry@@YAXPEAU_PEB@@@Z  00000001400034d8 f   ScEntry:prepare.obj
 0002:00000000       ??_C@_0BF@EKFKPNAI@RtlInitUnicodeString@ 0000000140004000     ScEntry:prepare.obj
 0002:00000018       ??_C@_1BI@NEOFKCPM@?$AAp?$AAr?$AAe?$AAp?$AAa?$AAr?$AAe?$AA?4?$AAd?$AAl?$AAl@ 0000000140004018     ScEntry:prepare.obj
 0002:00000030       ??_C@_0L@HOFGLFDL@LdrLoadDll@ 0000000140004030     ScEntry:prepare.obj
 0002:00000040       ??_C@_0BH@GKPJJDBO@LdrGetProcedureAddress@ 0000000140004040     ScEntry:prepare.obj
 0002:00000058       ??_C@_0N@FIGJGHFN@LdrUnloadDll@ 0000000140004058     ScEntry:prepare.obj
 0002:00000068       ??_C@_0BD@JDDPIELM@RtlExitUserProcess@ 0000000140004068     ScEntry:prepare.obj
 0003:00000000       __@@_PchSym_@00@UfhvihUsziibUwlxfnvmghUtrgsfyUhxUgnkUcGEUivovzhvUwldmolzwzmwifmRcGEUhgwzucOlyq@4B2008FD98C1DD4 0000000140005000     stdafx.obj
 0003:00000004       __@@_PchSym_@00@UfhvihUsziibUwlxfnvmghUtrgsfyUhxUgnkUcGEUivovzhvUhxvmgibUhgwzucOlyq@4B2008FD98C1DD4 0000000140005004     ScEntry:stdafx.obj

 entry point at        0001:000024d8

 Static symbols

 0001:00000057       common_imp_call            0000000140001057 f   x64.obj
 0001:000000aa       protect                    00000001400010aa f   x64.obj
 0001:00002000       ?ExitProcess               0000000140003000     x64.obj
 0001:00002000       @imp_begin@                0000000140003000     x64.obj
 0001:00002018       ?GetSystemWindowsDirectoryW 0000000140003018     x64.obj
 0001:00002040       ?CreateProcessW            0000000140003040     x64.obj
 0001:00002058       ?TerminateProcess          0000000140003058     x64.obj
 0001:00002078       ?GetSystemWow64DirectoryW  0000000140003078     x64.obj
 0001:000020a0       @kernel32                  00000001400030a0     x64.obj
 0001:000020c8       ?WinHttpOpenRequest        00000001400030c8     x64.obj
 0001:000020e8       ?WinHttpReceiveResponse    00000001400030e8     x64.obj
 0001:00002108       ?WinHttpOpen               0000000140003108     x64.obj
 0001:00002120       ?WinHttpSendRequest        0000000140003120     x64.obj
 0001:00002140       ?WinHttpQueryHeaders       0000000140003140     x64.obj
 0001:00002160       ?WinHttpReadData           0000000140003160     x64.obj
 0001:00002178       ?WinHttpCloseHandle        0000000140003178     x64.obj
 0001:00002198       ?WinHttpConnect            0000000140003198     x64.obj
 0001:000021b0       @WINHTTP                   00000001400031b0     x64.obj
 0001:000021d0       ?ZwUnmapViewOfSection      00000001400031d0     x64.obj
 0001:000021f0       ?RtlInitUnicodeString      00000001400031f0     x64.obj
 0001:00002210       ?NtOpenFile                0000000140003210     x64.obj
 0001:00002228       ?NtClose                   0000000140003228     x64.obj
 0001:00002238       ?NtCreateSection           0000000140003238     x64.obj
 0001:00002250       ?memcpy                    0000000140003250     x64.obj
 0001:00002260       ?wcstoul                   0000000140003260     x64.obj
 0001:00002270       ?ZwResumeThread            0000000140003270     x64.obj
 0001:00002288       ?ZwWriteVirtualMemory      0000000140003288     x64.obj
 0001:000022a8       ?NtQueryInformationProcess 00000001400032a8     x64.obj
 0001:000022d0       ?ZwMapViewOfSection        00000001400032d0     x64.obj
 0001:000022f0       ?ZwSetContextThread        00000001400032f0     x64.obj
 0001:00002310       ?ZwGetContextThread        0000000140003310     x64.obj
 0001:00002330       ?ZwSetInformationThread    0000000140003330     x64.obj
 0001:00002350       ?ZwQueryInformationThread  0000000140003350     x64.obj
 0001:00002378       ?ZwProtectVirtualMemory    0000000140003378     x64.obj
 0001:00002398       ?LdrProcessRelocationBlock 0000000140003398     x64.obj
 0001:000023c0       ?RtlImageDirectoryEntryToData 00000001400033c0     x64.obj
 0001:000023e8       ?RtlImageNtHeader          00000001400033e8     x64.obj
 0001:00002408       ?RtlImageNtHeaderEx        0000000140003408     x64.obj
 0001:00002428       ?NtQueryDirectoryFile      0000000140003428     x64.obj
 0001:00002448       ?LdrLoadDll                0000000140003448     x64.obj
 0001:00002460       ?LdrGetProcedureAddress    0000000140003460     x64.obj
 0001:00002480       ?RtlAllocateHeap           0000000140003480     x64.obj
 0001:00002498       ?RtlFreeHeap               0000000140003498     x64.obj
 0001:000024b0       ?memset                    00000001400034b0     x64.obj
 0001:000024c0       @ntdllp                    00000001400034c0     x64.obj
 0002:00000128       $unwind$?Download@@YAHPEB_W0PEAPEAXPEAK@Z 0000000140004128     ep.obj
 0002:00000148       $unwind$?DownloadAndExec@@YAXPEB_W0@Z 0000000140004148     ep.obj
 0002:00000150       $unwind$?ep@@YAXXZ         0000000140004150     ep.obj
 0002:00000158       $unwind$?ProtectImage@@YAJPEAX0PEAU_IMAGE_NT_HEADERS64@@@Z 0000000140004158     Exec.obj
 0002:00000168       $unwind$?GetWowContext@@YAJPEAXPEAU_CONTEXT@@@Z 0000000140004168     Exec.obj
 0002:00000170       $unwind$?Exec@@YAHPEAXPEAU_IMAGE_NT_HEADERS64@@PEB_W@Z 0000000140004170     Exec.obj
 0002:00000188       $unwind$?FindNoCfgDll@@YAJKKKPEAPEAX@Z 0000000140004188     NoCfg.obj
 0002:000001a0       $unwind$?ScEntry@@YAXPEAU_PEB@@@Z 00000001400041a0     ScEntry:prepare.obj
 0002:000001b0       $unwind$?get_hmod@@YAPEAXPEB_W@Z 00000001400041b0     ScEntry:GetFuncAddr.obj
 0002:000001b8       $unwind$?GetFuncAddressEx@@YAPEAXPEAU_IMAGE_DOS_HEADER@@PEBD@Z 00000001400041b8     ScEntry:GetFuncAddr.obj
