 Exec-x64

 Timestamp is 67a52368 (Thu Feb  6 23:02:32 2025)

 Preferred load address is 0000000140000000

 Start         Length     Name                   Class
 0001:00000000 00000318H .text$mn                CODE
 0001:00000318 00000b88H .text$mn$cpp            CODE
 0001:00000ea0 00000160H .text$mn$cpp$s          CODE
 0001:00001000 000002d0H .text$mn$cpp$u          CODE
 0001:000012d0 00000000H .text$mn$cpp$v          CODE
 0001:000012d0 00000008H .text$nm                CODE
 0001:000012d8 00000108H .text$zz                CODE
 0002:00000000 000000b4H .rdata                  DATA
 0002:000000b4 00000068H .rdata$zzzdbg           DATA
 0002:0000011c 0000007cH .xdata                  DATA
 0002:00000198 00000000H .edata                  DATA
 0003:00000000 00000000H .data                   DATA
 0003:00000000 00000008H .bss                    DATA
 0004:00000000 00000054H .pdata                  DATA

  Address         Publics by Value              Rva+Base               Lib:Object

 0000:00000000       __AbsoluteZero             0000000000000000     <absolute>
 0000:00000000       __arm64x_extra_rfe_table   0000000000000000     <absolute>
 0000:00000000       __arm64x_extra_rfe_table_size 0000000000000000     <absolute>
 0000:00000000       __arm64x_native_entrypoint 0000000000000000     <absolute>
 0000:00000000       __arm64x_redirection_metadata 0000000000000000     <absolute>
 0000:00000000       __arm64x_redirection_metadata_count 0000000000000000     <absolute>
 0000:00000000       __dynamic_value_reloc_table 0000000000000000     <absolute>
 0000:00000000       __enclave_config           0000000000000000     <absolute>
 0000:00000000       __guard_check_icall_a64n_fptr 0000000000000000     <absolute>
 0000:00000000       __guard_eh_cont_count      0000000000000000     <absolute>
 0000:00000000       __guard_eh_cont_table      0000000000000000     <absolute>
 0000:00000000       __guard_fids_count         0000000000000000     <absolute>
 0000:00000000       __guard_fids_table         0000000000000000     <absolute>
 0000:00000000       __guard_flags              0000000000000000     <absolute>
 0000:00000000       __guard_iat_count          0000000000000000     <absolute>
 0000:00000000       __guard_iat_table          0000000000000000     <absolute>
 0000:00000000       __guard_longjmp_count      0000000000000000     <absolute>
 0000:00000000       __guard_longjmp_table      0000000000000000     <absolute>
 0000:00000000       __hybrid_auxiliary_delayload_iat 0000000000000000     <absolute>
 0000:00000000       __hybrid_auxiliary_delayload_iat_copy 0000000000000000     <absolute>
 0000:00000000       __hybrid_auxiliary_iat     0000000000000000     <absolute>
 0000:00000000       __hybrid_auxiliary_iat_copy 0000000000000000     <absolute>
 0000:00000000       __hybrid_code_map          0000000000000000     <absolute>
 0000:00000000       __hybrid_code_map_count    0000000000000000     <absolute>
 0000:00000000       __hybrid_image_info_bitfield 0000000000000000     <absolute>
 0000:00000000       __volatile_metadata        0000000000000000     <absolute>
 0000:00000000       __x64_code_ranges_to_entry_points 0000000000000000     <absolute>
 0000:00000000       __x64_code_ranges_to_entry_points_count 0000000000000000     <absolute>
 0000:00000000       __ImageBase                0000000140000000     <linker-defined>
 0001:00000000       ?epASM@@YAXXZ              0000000140001000 f   x64.obj
 0001:0000002a       __chkstk                   000000014000102a f   x64.obj
 0001:0000014e       RtlImageNtHeader           000000014000114e f   x64.obj
 0001:00000161       RtlImageDirectoryEntryToData 0000000140001161 f   x64.obj
 0001:00000174       LdrProcessRelocationBlock  0000000140001174 f   x64.obj
 0001:00000187       ZwProtectVirtualMemory     0000000140001187 f   x64.obj
 0001:0000019a       ZwQueryInformationThread   000000014000119a f   x64.obj
 0001:000001ad       ZwSetInformationThread     00000001400011ad f   x64.obj
 0001:000001c0       ZwGetContextThread         00000001400011c0 f   x64.obj
 0001:000001d3       ZwSetContextThread         00000001400011d3 f   x64.obj
 0001:000001e6       ZwMapViewOfSection         00000001400011e6 f   x64.obj
 0001:000001f9       NtQueryInformationProcess  00000001400011f9 f   x64.obj
 0001:0000020c       ZwWriteVirtualMemory       000000014000120c f   x64.obj
 0001:0000021f       ZwResumeThread             000000014000121f f   x64.obj
 0001:00000232       ZwUnmapViewOfSection       0000000140001232 f   x64.obj
 0001:00000245       NtClose                    0000000140001245 f   x64.obj
 0001:00000258       RtlInitUnicodeString       0000000140001258 f   x64.obj
 0001:0000026b       NtOpenFile                 000000014000126b f   x64.obj
 0001:0000027e       NtQueryDirectoryFile       000000014000127e f   x64.obj
 0001:00000291       NtCreateSection            0000000140001291 f   x64.obj
 0001:000002a4       memcpy                     00000001400012a4 f   x64.obj
 0001:000002b7       LdrLoadDll                 00000001400012b7 f   x64.obj
 0001:000002ca       LdrGetProcedureAddress     00000001400012ca f   x64.obj
 0001:000002dd       RtlAllocateHeap            00000001400012dd f   x64.obj
 0001:000002f0       RtlFreeHeap                00000001400012f0 f   x64.obj
 0001:00000303       memset                     0000000140001303 f   x64.obj
 0001:00000318       ?ProtectImage@@YAJPEAX0PEAU_IMAGE_NT_HEADERS64@@@Z 0000000140001318 f   ep.obj
 0001:0000040c       ?GetWowContext@@YAJPEAXPEAU_CONTEXT@@@Z 000000014000140c f   ep.obj
 0001:00000430       ?SetWowContext@@YAJPEAXPEAU_CONTEXT@@@Z 0000000140001430 f   ep.obj
 0001:00000444       ?Exec@@YAHPEAX00@Z         0000000140001444 f   ep.obj
 0001:00000884       ?FindNoCfgDll@@YAJKKKPEAPEAX@Z 0000000140001884 f   NoCfg.obj
 0001:00000ca0       ?GetNtBase@@YAPEAXXZ       0000000140001ca0 f   ScEntry:GetFuncAddr.obj
 0001:00000cbc       ?get_hmod@@YAPEAXPEB_W@Z   0000000140001cbc f   ScEntry:GetFuncAddr.obj
 0001:00000d18       ?GetFuncAddressEx@@YAPEAXPEAU_IMAGE_DOS_HEADER@@PEBD@Z 0000000140001d18 f   ScEntry:GetFuncAddr.obj
 0001:00000ea0       ??_C@_1CK@GMBENNHD@?$AA?2?$AAs?$AAy?$AAs?$AAt?$AAe?$AAm?$AAr?$AAo?$AAo?$AAt?$AA?2?$AAs?$AAy?$AAs@FNODOBFM@ 0000000140001ea0     NoCfg.obj
 0001:00000ed0       ??_C@_1CK@JEHFHMMG@?$AA?2?$AAs?$AAy?$AAs?$AAt?$AAe?$AAm?$AAr?$AAo?$AAo?$AAt?$AA?2?$AAs?$AAy?$AAs@FNODOBFM@ 0000000140001ed0     NoCfg.obj
 0001:00000f00       ??_C@_1M@HNNPBALB@?$AA?$CK?$AA?4?$AAd?$AAl?$AAl@FNODOBFM@ 0000000140001f00     NoCfg.obj
 0001:000012d0       ?sc_end@@YAPEAXXZ          00000001400022d0 f   ScEntry:prepare.obj
 0001:000012d8       ?ScEntry@@YAXPEAU_PEB@@@Z  00000001400022d8 f   ScEntry:prepare.obj
 0002:00000000       ??_C@_0BF@EKFKPNAI@RtlInitUnicodeString@ 0000000140003000     ScEntry:prepare.obj
 0002:00000018       ??_C@_1BI@NEOFKCPM@?$AAp?$AAr?$AAe?$AAp?$AAa?$AAr?$AAe?$AA?4?$AAd?$AAl?$AAl@ 0000000140003018     ScEntry:prepare.obj
 0002:00000030       ??_C@_0L@HOFGLFDL@LdrLoadDll@ 0000000140003030     ScEntry:prepare.obj
 0002:00000040       ??_C@_0BH@GKPJJDBO@LdrGetProcedureAddress@ 0000000140003040     ScEntry:prepare.obj
 0002:00000058       ??_C@_0N@FIGJGHFN@LdrUnloadDll@ 0000000140003058     ScEntry:prepare.obj
 0002:00000068       ??_C@_0BD@JDDPIELM@RtlExitUserProcess@ 0000000140003068     ScEntry:prepare.obj
 0003:00000000       __@@_PchSym_@00@UfhvihUsziibUwlxfnvmghUtrgsfyUhxUgnkUcGEUivovzhvUvcvxRcGEUhgwzucOlyq@4B2008FD98C1DD4 0000000140004000     stdafx.obj
 0003:00000004       __@@_PchSym_@00@UfhvihUsziibUwlxfnvmghUtrgsfyUhxUgnkUcGEUivovzhvUhxvmgibUhgwzucOlyq@4B2008FD98C1DD4 0000000140004004     ScEntry:stdafx.obj

 entry point at        0001:000012d8

 Static symbols

 0001:00000077       common_imp_call            0000000140001077 f   x64.obj
 0001:000000ca       protect                    00000001400010ca f   x64.obj
 0001:00001000       ?RtlImageNtHeader          0000000140002000     x64.obj
 0001:00001000       @imp_begin@                0000000140002000     x64.obj
 0001:00001020       ?RtlImageDirectoryEntryToData 0000000140002020     x64.obj
 0001:00001048       ?LdrProcessRelocationBlock 0000000140002048     x64.obj
 0001:00001070       ?ZwProtectVirtualMemory    0000000140002070     x64.obj
 0001:00001090       ?ZwQueryInformationThread  0000000140002090     x64.obj
 0001:000010b8       ?ZwSetInformationThread    00000001400020b8     x64.obj
 0001:000010d8       ?ZwGetContextThread        00000001400020d8     x64.obj
 0001:000010f8       ?ZwSetContextThread        00000001400020f8     x64.obj
 0001:00001118       ?ZwMapViewOfSection        0000000140002118     x64.obj
 0001:00001138       ?NtQueryInformationProcess 0000000140002138     x64.obj
 0001:00001160       ?ZwWriteVirtualMemory      0000000140002160     x64.obj
 0001:00001180       ?ZwResumeThread            0000000140002180     x64.obj
 0001:00001198       ?ZwUnmapViewOfSection      0000000140002198     x64.obj
 0001:000011b8       ?NtClose                   00000001400021b8     x64.obj
 0001:000011c8       ?RtlInitUnicodeString      00000001400021c8     x64.obj
 0001:000011e8       ?NtOpenFile                00000001400021e8     x64.obj
 0001:00001200       ?NtQueryDirectoryFile      0000000140002200     x64.obj
 0001:00001220       ?NtCreateSection           0000000140002220     x64.obj
 0001:00001238       ?memcpy                    0000000140002238     x64.obj
 0001:00001248       ?LdrLoadDll                0000000140002248     x64.obj
 0001:00001260       ?LdrGetProcedureAddress    0000000140002260     x64.obj
 0001:00001280       ?RtlAllocateHeap           0000000140002280     x64.obj
 0001:00001298       ?RtlFreeHeap               0000000140002298     x64.obj
 0001:000012b0       ?memset                    00000001400022b0     x64.obj
 0001:000012c0       @ntdllp                    00000001400022c0     x64.obj
 0002:0000011c       $unwind$?ProtectImage@@YAJPEAX0PEAU_IMAGE_NT_HEADERS64@@@Z 000000014000311c     ep.obj
 0002:0000012c       $unwind$?GetWowContext@@YAJPEAXPEAU_CONTEXT@@@Z 000000014000312c     ep.obj
 0002:00000134       $unwind$?Exec@@YAHPEAX00@Z 0000000140003134     ep.obj
 0002:00000150       $unwind$?FindNoCfgDll@@YAJKKKPEAPEAX@Z 0000000140003150     NoCfg.obj
 0002:00000168       $unwind$?ScEntry@@YAXPEAU_PEB@@@Z 0000000140003168     ScEntry:prepare.obj
 0002:00000178       $unwind$?get_hmod@@YAPEAXPEB_W@Z 0000000140003178     ScEntry:GetFuncAddr.obj
 0002:00000180       $unwind$?GetFuncAddressEx@@YAPEAXPEAU_IMAGE_DOS_HEADER@@PEBD@Z 0000000140003180     ScEntry:GetFuncAddr.obj
