 Exec-x64

 Timestamp is 67a02e9c (Mon Feb  3 04:49:00 2025)

 Preferred load address is 0000000140000000

 Start         Length     Name                   Class
 0001:00000000 00000534H .text$mn                CODE
 0001:00000534 00000b6cH .text$mn$cpp            CODE
 0001:000010a0 0000006cH .text$mn$cpp$s          CODE
 0001:0000110c 00000008H .text$nm                CODE
 0001:00001114 00000112H .text$zz                CODE
 0002:00000000 000000b4H .rdata                  DATA
 0002:000000b4 00000068H .rdata$zzzdbg           DATA
 0002:0000011c 0000007cH .xdata                  DATA
 0002:00000198 00000000H .edata                  DATA
 0003:00000000 00000000H .data                   DATA
 0003:00000000 00000008H .bss                    DATA
 0004:00000000 00000054H .pdata                  DATA

  Address         Publics by Value              Rva+Base               Lib:Object

 0000:00000000       __AbsoluteZero             0000000000000000     <absolute>
 0000:00000000       __arm64x_extra_rfe_table   0000000000000000     <absolute>
 0000:00000000       __arm64x_extra_rfe_table_size 0000000000000000     <absolute>
 0000:00000000       __arm64x_native_entrypoint 0000000000000000     <absolute>
 0000:00000000       __arm64x_redirection_metadata 0000000000000000     <absolute>
 0000:00000000       __arm64x_redirection_metadata_count 0000000000000000     <absolute>
 0000:00000000       __dynamic_value_reloc_table 0000000000000000     <absolute>
 0000:00000000       __enclave_config           0000000000000000     <absolute>
 0000:00000000       __guard_check_icall_a64n_fptr 0000000000000000     <absolute>
 0000:00000000       __guard_eh_cont_count      0000000000000000     <absolute>
 0000:00000000       __guard_eh_cont_table      0000000000000000     <absolute>
 0000:00000000       __guard_fids_count         0000000000000000     <absolute>
 0000:00000000       __guard_fids_table         0000000000000000     <absolute>
 0000:00000000       __guard_flags              0000000000000000     <absolute>
 0000:00000000       __guard_iat_count          0000000000000000     <absolute>
 0000:00000000       __guard_iat_table          0000000000000000     <absolute>
 0000:00000000       __guard_longjmp_count      0000000000000000     <absolute>
 0000:00000000       __guard_longjmp_table      0000000000000000     <absolute>
 0000:00000000       __hybrid_auxiliary_delayload_iat 0000000000000000     <absolute>
 0000:00000000       __hybrid_auxiliary_delayload_iat_copy 0000000000000000     <absolute>
 0000:00000000       __hybrid_auxiliary_iat     0000000000000000     <absolute>
 0000:00000000       __hybrid_auxiliary_iat_copy 0000000000000000     <absolute>
 0000:00000000       __hybrid_code_map          0000000000000000     <absolute>
 0000:00000000       __hybrid_code_map_count    0000000000000000     <absolute>
 0000:00000000       __hybrid_image_info_bitfield 0000000000000000     <absolute>
 0000:00000000       __volatile_metadata        0000000000000000     <absolute>
 0000:00000000       __x64_code_ranges_to_entry_points 0000000000000000     <absolute>
 0000:00000000       __x64_code_ranges_to_entry_points_count 0000000000000000     <absolute>
 0000:00000000       __ImageBase                0000000140000000     <linker-defined>
 0001:00000000       ?epASM@@YAXXZ              0000000140001000 f   x64.obj
 0001:00000025       __chkstk                   0000000140001025 f   x64.obj
 0001:000000c5       RtlImageNtHeader           00000001400010c5 f   x64.obj
 0001:000000f1       RtlImageDirectoryEntryToData 00000001400010f1 f   x64.obj
 0001:0000012d       LdrProcessRelocationBlock  000000014000112d f   x64.obj
 0001:00000162       ZwProtectVirtualMemory     0000000140001162 f   x64.obj
 0001:00000197       ZwQueryInformationThread   0000000140001197 f   x64.obj
 0001:000001c9       ZwSetInformationThread     00000001400011c9 f   x64.obj
 0001:000001ff       ZwGetContextThread         00000001400011ff f   x64.obj
 0001:0000022b       ZwSetContextThread         000000014000122b f   x64.obj
 0001:0000025b       ZwMapViewOfSection         000000014000125b f   x64.obj
 0001:0000028b       NtQueryInformationProcess  000000014000128b f   x64.obj
 0001:000002c2       ZwWriteVirtualMemory       00000001400012c2 f   x64.obj
 0001:000002f5       ZwResumeThread             00000001400012f5 f   x64.obj
 0001:0000031f       ZwUnmapViewOfSection       000000014000131f f   x64.obj
 0001:0000034d       NtClose                    000000014000134d f   x64.obj
 0001:00000370       RtlInitUnicodeString       0000000140001370 f   x64.obj
 0001:000003a5       NtOpenFile                 00000001400013a5 f   x64.obj
 0001:000003cb       NtQueryDirectoryFile       00000001400013cb f   x64.obj
 0001:000003fd       NtCreateSection            00000001400013fd f   x64.obj
 0001:00000428       memcpy                     0000000140001428 f   x64.obj
 0001:0000044f       LdrLoadDll                 000000014000144f f   x64.obj
 0001:00000473       LdrGetProcedureAddress     0000000140001473 f   x64.obj
 0001:000004a7       RtlAllocateHeap            00000001400014a7 f   x64.obj
 0001:000004d0       RtlFreeHeap                00000001400014d0 f   x64.obj
 0001:000004fc       memset                     00000001400014fc f   x64.obj
 0001:00000534       ?ProtectImage@@YAJPEAX0PEAU_IMAGE_NT_HEADERS64@@@Z 0000000140001534 f   ep.obj
 0001:00000628       ?GetWowContext@@YAJPEAXPEAU_CONTEXT@@@Z 0000000140001628 f   ep.obj
 0001:0000064c       ?SetWowContext@@YAJPEAXPEAU_CONTEXT@@@Z 000000014000164c f   ep.obj
 0001:00000660       ?Exec@@YAHPEAX00@Z         0000000140001660 f   ep.obj
 0001:00000aa0       ?FindNoCfgDll@@YAJKKKPEAPEAX@Z 0000000140001aa0 f   NoCfg.obj
 0001:00000ebc       ?get_hmod@@YAPEAXPEB_W@Z   0000000140001ebc f   ScEntry:GetFuncAddr.obj
 0001:00000f18       ?GetFuncAddressEx@@YAPEAXPEAU_IMAGE_DOS_HEADER@@PEBD@Z 0000000140001f18 f   ScEntry:GetFuncAddr.obj
 0001:000010a0       ??_C@_1CK@GMBENNHD@?$AA?2?$AAs?$AAy?$AAs?$AAt?$AAe?$AAm?$AAr?$AAo?$AAo?$AAt?$AA?2?$AAs?$AAy?$AAs@FNODOBFM@ 00000001400020a0     NoCfg.obj
 0001:000010d0       ??_C@_1CK@JEHFHMMG@?$AA?2?$AAs?$AAy?$AAs?$AAt?$AAe?$AAm?$AAr?$AAo?$AAo?$AAt?$AA?2?$AAs?$AAy?$AAs@FNODOBFM@ 00000001400020d0     NoCfg.obj
 0001:00001100       ??_C@_1M@HNNPBALB@?$AA?$CK?$AA?4?$AAd?$AAl?$AAl@FNODOBFM@ 0000000140002100     NoCfg.obj
 0001:0000110c       ?sc_end@@YAPEAXXZ          000000014000210c f   ScEntry:prepare.obj
 0001:00001114       ?ScEntry@@YAXPEAU_PEB@@@Z  0000000140002114 f   ScEntry:prepare.obj
 0002:00000000       ??_C@_0BF@EKFKPNAI@RtlInitUnicodeString@ 0000000140003000     ScEntry:prepare.obj
 0002:00000018       ??_C@_1BI@NEOFKCPM@?$AAp?$AAr?$AAe?$AAp?$AAa?$AAr?$AAe?$AA?4?$AAd?$AAl?$AAl@ 0000000140003018     ScEntry:prepare.obj
 0002:00000030       ??_C@_0L@HOFGLFDL@LdrLoadDll@ 0000000140003030     ScEntry:prepare.obj
 0002:00000040       ??_C@_0BH@GKPJJDBO@LdrGetProcedureAddress@ 0000000140003040     ScEntry:prepare.obj
 0002:00000058       ??_C@_0N@FIGJGHFN@LdrUnloadDll@ 0000000140003058     ScEntry:prepare.obj
 0002:00000068       ??_C@_0BD@JDDPIELM@RtlExitUserProcess@ 0000000140003068     ScEntry:prepare.obj
 0003:00000000       __@@_PchSym_@00@UfhvihUsziibUwlxfnvmghUtrgsfyUhxUgnkUcGEUivovzhvUvcvxRcGEUhgwzucOlyq@4B2008FD98C1DD4 0000000140004000     stdafx.obj
 0003:00000004       __@@_PchSym_@00@UfhvihUsziibUwlxfnvmghUtrgsfyUhxUgnkUcGEUivovzhvUhxvmgibUhgwzucOlyq@4B2008FD98C1DD4 0000000140004004     ScEntry:stdafx.obj

 entry point at        0001:00001114

 Static symbols

 0001:00000072       common_imp_call            0000000140001072 f   x64.obj
 0001:0000051f       ntdllp                     000000014000151f f   x64.obj
 0002:0000011c       $unwind$?ProtectImage@@YAJPEAX0PEAU_IMAGE_NT_HEADERS64@@@Z 000000014000311c     ep.obj
 0002:0000012c       $unwind$?GetWowContext@@YAJPEAXPEAU_CONTEXT@@@Z 000000014000312c     ep.obj
 0002:00000134       $unwind$?Exec@@YAHPEAX00@Z 0000000140003134     ep.obj
 0002:00000150       $unwind$?FindNoCfgDll@@YAJKKKPEAPEAX@Z 0000000140003150     NoCfg.obj
 0002:00000168       $unwind$?ScEntry@@YAXPEAU_PEB@@@Z 0000000140003168     ScEntry:prepare.obj
 0002:00000178       $unwind$?get_hmod@@YAPEAXPEB_W@Z 0000000140003178     ScEntry:GetFuncAddr.obj
 0002:00000180       $unwind$?GetFuncAddressEx@@YAPEAXPEAU_IMAGE_DOS_HEADER@@PEBD@Z 0000000140003180     ScEntry:GetFuncAddr.obj
