 hello

 Timestamp is 67a02e1d (Mon Feb  3 04:46:53 2025)

 Preferred load address is 0000000140000000

 Start         Length     Name                   Class
 0001:00000000 0000043cH .text$mn                CODE
 0001:0000043c 0000047cH .text$mn$cpp            CODE
 0001:000008b8 00000028H .text$mn$cpp$r          CODE
 0001:000008e0 0000008cH .text$mn$cpp$s          CODE
 0001:0000096c 00000008H .text$nm                CODE
 0001:00000974 00000112H .text$zz                CODE
 0002:00000000 00000000H .idata$5                DATA
 0002:00000000 000000b4H .rdata                  DATA
 0002:000000b4 00000068H .rdata$zzzdbg           DATA
 0002:0000011c 0000005cH .xdata                  DATA
 0002:00000178 00000000H .edata                  DATA
 0002:00000178 00000000H .idata$2                DATA
 0002:00000178 00000000H .idata$3                DATA
 0002:00000178 00000000H .idata$4                DATA
 0002:00000178 00000000H .idata$6                DATA
 0003:00000000 00000000H .data                   DATA
 0003:00000000 00000008H .bss                    DATA
 0004:00000000 00000054H .pdata                  DATA

  Address         Publics by Value              Rva+Base               Lib:Object

 0000:00000000       __AbsoluteZero             0000000000000000     <absolute>
 0000:00000000       __arm64x_extra_rfe_table   0000000000000000     <absolute>
 0000:00000000       __arm64x_extra_rfe_table_size 0000000000000000     <absolute>
 0000:00000000       __arm64x_native_entrypoint 0000000000000000     <absolute>
 0000:00000000       __arm64x_redirection_metadata 0000000000000000     <absolute>
 0000:00000000       __arm64x_redirection_metadata_count 0000000000000000     <absolute>
 0000:00000000       __dynamic_value_reloc_table 0000000000000000     <absolute>
 0000:00000000       __enclave_config           0000000000000000     <absolute>
 0000:00000000       __guard_check_icall_a64n_fptr 0000000000000000     <absolute>
 0000:00000000       __guard_eh_cont_count      0000000000000000     <absolute>
 0000:00000000       __guard_eh_cont_table      0000000000000000     <absolute>
 0000:00000000       __guard_fids_count         0000000000000000     <absolute>
 0000:00000000       __guard_fids_table         0000000000000000     <absolute>
 0000:00000000       __guard_flags              0000000000000000     <absolute>
 0000:00000000       __guard_iat_count          0000000000000000     <absolute>
 0000:00000000       __guard_iat_table          0000000000000000     <absolute>
 0000:00000000       __guard_longjmp_count      0000000000000000     <absolute>
 0000:00000000       __guard_longjmp_table      0000000000000000     <absolute>
 0000:00000000       __hybrid_auxiliary_delayload_iat 0000000000000000     <absolute>
 0000:00000000       __hybrid_auxiliary_delayload_iat_copy 0000000000000000     <absolute>
 0000:00000000       __hybrid_auxiliary_iat     0000000000000000     <absolute>
 0000:00000000       __hybrid_auxiliary_iat_copy 0000000000000000     <absolute>
 0000:00000000       __hybrid_code_map          0000000000000000     <absolute>
 0000:00000000       __hybrid_code_map_count    0000000000000000     <absolute>
 0000:00000000       __hybrid_image_info_bitfield 0000000000000000     <absolute>
 0000:00000000       __volatile_metadata        0000000000000000     <absolute>
 0000:00000000       __x64_code_ranges_to_entry_points 0000000000000000     <absolute>
 0000:00000000       __x64_code_ranges_to_entry_points_count 0000000000000000     <absolute>
 0000:00000000       __ImageBase                0000000140000000     <linker-defined>
 0001:00000000       ?epASM@@YAXXZ              0000000140001000 f   x64.obj
 0001:00000005       __chkstk                   0000000140001005 f   x64.obj
 0001:000000a5       DnsMapRcodeToStatus        00000001400010a5 f   x64.obj
 0001:000000d4       DnsStatusString            00000001400010d4 f   x64.obj
 0001:00000126       FormatMessageW             0000000140001126 f   x64.obj
 0001:0000014f       ExitProcess                000000014000114f f   x64.obj
 0001:000001a2       ?GetMartaExtensionInterface@@YAPEAU_ACC_MARTA_FUNCTIONS@@XZ 00000001400011a2 f   x64.obj
 0001:00000208       MessageBoxW                0000000140001208 f   x64.obj
 0001:0000025e       DbgPrint                   000000014000125e f   x64.obj
 0001:00000281       _vsnwprintf                0000000140001281 f   x64.obj
 0001:000002ac       RtlDispatchAPC             00000001400012ac f   x64.obj
 0001:000002cb       LdrGetProcedureAddress     00000001400012cb f   x64.obj
 0001:000002ff       LdrLoadDll                 00000001400012ff f   x64.obj
 0001:00000323       RtlInitUnicodeString       0000000140001323 f   x64.obj
 0001:0000036a       CoCreateInstance           000000014000136a f   x64.obj
 0001:00000399       CoInitializeEx             0000000140001399 f   x64.obj
 0001:000003c7       CoTaskMemFree              00000001400013c7 f   x64.obj
 0001:000003ee       CoUninitialize             00000001400013ee f   x64.obj
 0001:0000043c       ?MsgBox@@YAHIPEB_W0ZZ      000000014000143c f   ep.obj
 0001:000004cc       ?ApcTest@@YAX_K@Z          00000001400014cc f   ep.obj
 0001:00000520       ?ComTest@@YAXXZ            0000000140001520 f   ep.obj
 0001:00000690       ?ep@@YAXXZ                 0000000140001690 f   ep.obj
 0001:000006e0       ?get_hmod@@YAPEAXPEB_W@Z   00000001400016e0 f   ScEntry:GetFuncAddr.obj
 0001:0000073c       ?GetFuncAddressEx@@YAPEAXPEAU_IMAGE_DOS_HEADER@@PEBD@Z 000000014000173c f   ScEntry:GetFuncAddr.obj
 0001:000008b8       _GUID_dc1c5a9c_e88a_4dde_a5a1_60f82a20aef7 00000001400018b8     ep.obj
 0001:000008c8       _GUID_d57c7288_d4ad_4768_be02_9d969532d960 00000001400018c8     ep.obj
 0001:000008e0       ??_C@_0O@HELLMLPH@ApcTest?$CI?$CFp?$CJ?$AN?6@FNODOBFM@ 00000001400018e0     ep.obj
 0001:000008f0       ??_C@_1CC@NKINBMBG@?$AA?$CF?$AAh?$AAs?$AA?$AN?$AA?6?$AAe?$AAn?$AAt?$AAr?$AAy?$AA?5?$AAa?$AAt?$AA?5?$AA?$CF@FNODOBFM@ 00000001400018f0     ep.obj
 0001:00000920       ??_C@_1M@BOLMKKCK@?$AAH?$AAe?$AAl?$AAl?$AAo@FNODOBFM@ 0000000140001920     ep.obj
 0001:00000930       ??_C@_17NCBHHMJ@?$AAC?$AAo?$AAm@FNODOBFM@ 0000000140001930     ep.obj
 0001:00000940       ??_C@_1BI@NOFJEJPO@?$AAt?$AAa?$AAb?$AAl?$AAe?$AA?5?$AAa?$AAt?$AA?5?$AA?$CF?$AAp@FNODOBFM@ 0000000140001940     ep.obj
 0001:00000960       ??_C@_1M@OJJPKJJM@?$AAM?$AAa?$AAr?$AAt?$AAa@FNODOBFM@ 0000000140001960     ep.obj
 0001:0000096c       ?sc_end@@YAPEAXXZ          000000014000196c f   ScEntry:prepare.obj
 0001:00000974       ?ScEntry@@YAXPEAU_PEB@@@Z  0000000140001974 f   ScEntry:prepare.obj
 0002:00000000       ??_C@_0BF@EKFKPNAI@RtlInitUnicodeString@ 0000000140002000     ScEntry:prepare.obj
 0002:00000018       ??_C@_1BI@NEOFKCPM@?$AAp?$AAr?$AAe?$AAp?$AAa?$AAr?$AAe?$AA?4?$AAd?$AAl?$AAl@ 0000000140002018     ScEntry:prepare.obj
 0002:00000030       ??_C@_0L@HOFGLFDL@LdrLoadDll@ 0000000140002030     ScEntry:prepare.obj
 0002:00000040       ??_C@_0BH@GKPJJDBO@LdrGetProcedureAddress@ 0000000140002040     ScEntry:prepare.obj
 0002:00000058       ??_C@_0N@FIGJGHFN@LdrUnloadDll@ 0000000140002058     ScEntry:prepare.obj
 0002:00000068       ??_C@_0BD@JDDPIELM@RtlExitUserProcess@ 0000000140002068     ScEntry:prepare.obj
 0003:00000000       __@@_PchSym_@00@UfhvihUsziibUwlxfnvmghUtrgsfyUhxUgnkUcGEUivovzhvUsvoolUhgwzucOlyq@4B2008FD98C1DD4 0000000140003000     stdafx.obj
 0003:00000004       __@@_PchSym_@00@UfhvihUsziibUwlxfnvmghUtrgsfyUhxUgnkUcGEUivovzhvUhxvmgibUhgwzucOlyq@4B2008FD98C1DD4 0000000140003004     ScEntry:stdafx.obj

 entry point at        0001:00000974

 Static symbols

 0000:ffffb000       .debug$S                   0000000140000000     ntdllp:ntdll.dll
 0000:ffffb000       .debug$S                   0000000140000000     ntdllp:ntdll.dll
 0002:ffffe000       .idata$6                   0000000140000000     ntdllp:ntdll.dll
 0001:00000052       common_imp_call            0000000140001052 f   x64.obj
 0001:00000100       dnsapi                     0000000140001100 f   x64.obj
 0001:00000174       kernel32                   0000000140001174 f   x64.obj
 0001:000001db       ntmarta                    00000001400011db f   x64.obj
 0001:00000234       user32                     0000000140001234 f   x64.obj
 0001:00000355       ntdllp                     0000000140001355 f   x64.obj
 0001:00000417       ole32                      0000000140001417 f   x64.obj
 0002:0000011c       $unwind$?MsgBox@@YAHIPEB_W0ZZ 000000014000211c     ep.obj
 0002:00000130       $unwind$?ApcTest@@YAX_K@Z  0000000140002130     ep.obj
 0002:00000130       $unwind$?get_hmod@@YAPEAXPEB_W@Z 0000000140002130     ScEntry:GetFuncAddr.obj
 0002:00000138       $unwind$?ComTest@@YAXXZ    0000000140002138     ep.obj
 0002:00000148       $unwind$?ep@@YAXXZ         0000000140002148     ep.obj
 0002:00000150       $unwind$?ScEntry@@YAXPEAU_PEB@@@Z 0000000140002150     ScEntry:prepare.obj
 0002:00000160       $unwind$?GetFuncAddressEx@@YAPEAXPEAU_IMAGE_DOS_HEADER@@PEBD@Z 0000000140002160     ScEntry:GetFuncAddr.obj
