 hello

 Timestamp is 67a7630f (Sat Feb  8 15:58:39 2025)

 Preferred load address is 0000000140000000

 Start         Length     Name                   Class
 0001:00000000 00000274H .text$mn                CODE
 0001:00000274 000004a4H .text$mn$cpp            CODE
 0001:00000718 00000028H .text$mn$cpp$r          CODE
 0001:00000740 000008c0H .text$mn$cpp$s          CODE
 0001:00001000 00000280H .text$mn$cpp$u          CODE
 0001:00001280 00000000H .text$mn$cpp$v          CODE
 0001:00001280 00000008H .text$nm                CODE
 0001:00001288 00000108H .text$zz                CODE
 0002:00000000 00000000H .idata$5                DATA
 0002:00000000 000000b4H .rdata                  DATA
 0002:000000b4 00000068H .rdata$zzzdbg           DATA
 0002:0000011c 0000005cH .xdata                  DATA
 0002:00000178 00000000H .edata                  DATA
 0002:00000178 00000000H .idata$2                DATA
 0002:00000178 00000000H .idata$3                DATA
 0002:00000178 00000000H .idata$4                DATA
 0002:00000178 00000000H .idata$6                DATA
 0003:00000000 00000000H .data                   DATA
 0003:00000000 00000008H .bss                    DATA
 0004:00000000 00000054H .pdata                  DATA

  Address         Publics by Value              Rva+Base               Lib:Object

 0000:00000000       __AbsoluteZero             0000000000000000     <absolute>
 0000:00000000       __arm64x_extra_rfe_table   0000000000000000     <absolute>
 0000:00000000       __arm64x_extra_rfe_table_size 0000000000000000     <absolute>
 0000:00000000       __arm64x_native_entrypoint 0000000000000000     <absolute>
 0000:00000000       __arm64x_redirection_metadata 0000000000000000     <absolute>
 0000:00000000       __arm64x_redirection_metadata_count 0000000000000000     <absolute>
 0000:00000000       __dynamic_value_reloc_table 0000000000000000     <absolute>
 0000:00000000       __enclave_config           0000000000000000     <absolute>
 0000:00000000       __guard_check_icall_a64n_fptr 0000000000000000     <absolute>
 0000:00000000       __guard_eh_cont_count      0000000000000000     <absolute>
 0000:00000000       __guard_eh_cont_table      0000000000000000     <absolute>
 0000:00000000       __guard_fids_count         0000000000000000     <absolute>
 0000:00000000       __guard_fids_table         0000000000000000     <absolute>
 0000:00000000       __guard_flags              0000000000000000     <absolute>
 0000:00000000       __guard_iat_count          0000000000000000     <absolute>
 0000:00000000       __guard_iat_table          0000000000000000     <absolute>
 0000:00000000       __guard_longjmp_count      0000000000000000     <absolute>
 0000:00000000       __guard_longjmp_table      0000000000000000     <absolute>
 0000:00000000       __hybrid_auxiliary_delayload_iat 0000000000000000     <absolute>
 0000:00000000       __hybrid_auxiliary_delayload_iat_copy 0000000000000000     <absolute>
 0000:00000000       __hybrid_auxiliary_iat     0000000000000000     <absolute>
 0000:00000000       __hybrid_auxiliary_iat_copy 0000000000000000     <absolute>
 0000:00000000       __hybrid_code_map          0000000000000000     <absolute>
 0000:00000000       __hybrid_code_map_count    0000000000000000     <absolute>
 0000:00000000       __hybrid_image_info_bitfield 0000000000000000     <absolute>
 0000:00000000       __volatile_metadata        0000000000000000     <absolute>
 0000:00000000       __x64_code_ranges_to_entry_points 0000000000000000     <absolute>
 0000:00000000       __x64_code_ranges_to_entry_points_count 0000000000000000     <absolute>
 0000:00000000       __ImageBase                0000000140000000     <linker-defined>
 0001:00000000       ?epASM@@YAXXZ              0000000140001000 f   x64.obj
 0001:0000000a       __chkstk                   000000014000100a f   x64.obj
 0001:0000012e       DnsMapRcodeToStatus        000000014000112e f   x64.obj
 0001:00000141       DnsStatusString            0000000140001141 f   x64.obj
 0001:00000154       FormatMessageW             0000000140001154 f   x64.obj
 0001:00000167       IsProcessCritical          0000000140001167 f   x64.obj
 0001:0000017a       ExitProcess                000000014000117a f   x64.obj
 0001:0000018d       ?GetMartaExtensionInterface@@YAPEAU_ACC_MARTA_FUNCTIONS@@XZ 000000014000118d f   x64.obj
 0001:000001a0       MessageBoxW                00000001400011a0 f   x64.obj
 0001:000001b3       _vsnwprintf                00000001400011b3 f   x64.obj
 0001:000001c6       DbgPrint                   00000001400011c6 f   x64.obj
 0001:000001d9       RtlDispatchAPC             00000001400011d9 f   x64.obj
 0001:000001ec       LdrGetProcedureAddress     00000001400011ec f   x64.obj
 0001:000001ff       LdrLoadDll                 00000001400011ff f   x64.obj
 0001:00000212       RtlInitUnicodeString       0000000140001212 f   x64.obj
 0001:00000225       CoCreateInstance           0000000140001225 f   x64.obj
 0001:00000238       CoInitializeEx             0000000140001238 f   x64.obj
 0001:0000024b       CoTaskMemFree              000000014000124b f   x64.obj
 0001:0000025e       CoUninitialize             000000014000125e f   x64.obj
 0001:00000274       ?MsgBox@@YAHIPEB_W0ZZ      0000000140001274 f   ep.obj
 0001:00000304       ?ApcTest@@YAX_K@Z          0000000140001304 f   ep.obj
 0001:00000358       ?ComTest@@YAXXZ            0000000140001358 f   ep.obj
 0001:000004c8       ?ep@@YAXXZ                 00000001400014c8 f   ep.obj
 0001:00000524       ?GetNtBase@@YAPEAXXZ       0000000140001524 f   ScEntry:GetFuncAddr.obj
 0001:00000540       ?get_hmod@@YAPEAXPEB_W@Z   0000000140001540 f   ScEntry:GetFuncAddr.obj
 0001:0000059c       ?GetFuncAddressEx@@YAPEAXPEAU_IMAGE_DOS_HEADER@@PEBD@Z 000000014000159c f   ScEntry:GetFuncAddr.obj
 0001:00000718       _GUID_dc1c5a9c_e88a_4dde_a5a1_60f82a20aef7 0000000140001718     ep.obj
 0001:00000728       _GUID_d57c7288_d4ad_4768_be02_9d969532d960 0000000140001728     ep.obj
 0001:00000740       ??_C@_0O@HELLMLPH@ApcTest?$CI?$CFp?$CJ?$AN?6@FNODOBFM@ 0000000140001740     ep.obj
 0001:00000750       ??_C@_1CC@NKINBMBG@?$AA?$CF?$AAh?$AAs?$AA?$AN?$AA?6?$AAe?$AAn?$AAt?$AAr?$AAy?$AA?5?$AAa?$AAt?$AA?5?$AA?$CF@FNODOBFM@ 0000000140001750     ep.obj
 0001:00000780       ??_C@_1M@BOLMKKCK@?$AAH?$AAe?$AAl?$AAl?$AAo@FNODOBFM@ 0000000140001780     ep.obj
 0001:00000790       ??_C@_17NCBHHMJ@?$AAC?$AAo?$AAm@FNODOBFM@ 0000000140001790     ep.obj
 0001:000007a0       ??_C@_1BI@NOFJEJPO@?$AAt?$AAa?$AAb?$AAl?$AAe?$AA?5?$AAa?$AAt?$AA?5?$AA?$CF?$AAp@FNODOBFM@ 00000001400017a0     ep.obj
 0001:000007c0       ??_C@_1O@ONGICPAA@?$AAM?$AAa?$AAr?$AAt?$AAa?$AA?3@FNODOBFM@ 00000001400017c0     ep.obj
 0001:00001280       ?sc_end@@YAPEAXXZ          0000000140002280 f   ScEntry:prepare.obj
 0001:00001288       ?ScEntry@@YAXPEAU_PEB@@@Z  0000000140002288 f   ScEntry:prepare.obj
 0002:00000000       ??_C@_0BF@EKFKPNAI@RtlInitUnicodeString@ 0000000140003000     ScEntry:prepare.obj
 0002:00000018       ??_C@_1BI@NEOFKCPM@?$AAp?$AAr?$AAe?$AAp?$AAa?$AAr?$AAe?$AA?4?$AAd?$AAl?$AAl@ 0000000140003018     ScEntry:prepare.obj
 0002:00000030       ??_C@_0L@HOFGLFDL@LdrLoadDll@ 0000000140003030     ScEntry:prepare.obj
 0002:00000040       ??_C@_0BH@GKPJJDBO@LdrGetProcedureAddress@ 0000000140003040     ScEntry:prepare.obj
 0002:00000058       ??_C@_0N@FIGJGHFN@LdrUnloadDll@ 0000000140003058     ScEntry:prepare.obj
 0002:00000068       ??_C@_0BD@JDDPIELM@RtlExitUserProcess@ 0000000140003068     ScEntry:prepare.obj
 0003:00000000       __@@_PchSym_@00@UfhvihUsziibUwlxfnvmghUtrgsfyUhxUgnkUcGEUivovzhvUsvoolUhgwzucOlyq@4B2008FD98C1DD4 0000000140004000     stdafx.obj
 0003:00000004       __@@_PchSym_@00@UfhvihUsziibUwlxfnvmghUtrgsfyUhxUgnkUcGEUivovzhvUhxvmgibUhgwzucOlyq@4B2008FD98C1DD4 0000000140004004     ScEntry:stdafx.obj

 entry point at        0001:00001288

 Static symbols

 0000:ffffa000       .debug$S                   0000000140000000     ntdllp:ntdll.dll
 0000:ffffa000       .debug$S                   0000000140000000     ntdllp:ntdll.dll
 0002:ffffd000       .idata$6                   0000000140000000     ntdllp:ntdll.dll
 0001:00000057       common_imp_call            0000000140001057 f   x64.obj
 0001:000000aa       protect                    00000001400010aa f   x64.obj
 0001:00001000       ?DnsMapRcodeToStatus       0000000140002000     x64.obj
 0001:00001000       @imp_begin@                0000000140002000     x64.obj
 0001:00001020       ?DnsStatusString           0000000140002020     x64.obj
 0001:00001038       @dnsapi                    0000000140002038     x64.obj
 0001:00001058       ?FormatMessageW            0000000140002058     x64.obj
 0001:00001070       ?IsProcessCritical         0000000140002070     x64.obj
 0001:00001090       ?ExitProcess               0000000140002090     x64.obj
 0001:000010a8       @kernel32                  00000001400020a8     x64.obj
 0001:000010d0       ??GetMartaExtensionInterface@@YAPEAU_ACC_MARTA_FUNCTIONS@@XZ 00000001400020d0     x64.obj
 0001:000010f8       @ntmarta                   00000001400020f8     x64.obj
 0001:00001118       ?MessageBoxW               0000000140002118     x64.obj
 0001:00001130       @user32                    0000000140002130     x64.obj
 0001:00001150       ?_vsnwprintf               0000000140002150     x64.obj
 0001:00001168       ?DbgPrint                  0000000140002168     x64.obj
 0001:00001180       ?RtlDispatchAPC            0000000140002180     x64.obj
 0001:00001190       ?LdrGetProcedureAddress    0000000140002190     x64.obj
 0001:000011b0       ?LdrLoadDll                00000001400021b0     x64.obj
 0001:000011c8       ?RtlInitUnicodeString      00000001400021c8     x64.obj
 0001:000011e8       @ntdllp                    00000001400021e8     x64.obj
 0001:000011f8       ?CoCreateInstance          00000001400021f8     x64.obj
 0001:00001218       ?CoInitializeEx            0000000140002218     x64.obj
 0001:00001230       ?CoTaskMemFree             0000000140002230     x64.obj
 0001:00001248       ?CoUninitialize            0000000140002248     x64.obj
 0001:00001260       @ole32                     0000000140002260     x64.obj
 0002:0000011c       $unwind$?MsgBox@@YAHIPEB_W0ZZ 000000014000311c     ep.obj
 0002:00000130       $unwind$?ApcTest@@YAX_K@Z  0000000140003130     ep.obj
 0002:00000130       $unwind$?get_hmod@@YAPEAXPEB_W@Z 0000000140003130     ScEntry:GetFuncAddr.obj
 0002:00000138       $unwind$?ComTest@@YAXXZ    0000000140003138     ep.obj
 0002:00000148       $unwind$?ep@@YAXXZ         0000000140003148     ep.obj
 0002:00000150       $unwind$?ScEntry@@YAXPEAU_PEB@@@Z 0000000140003150     ScEntry:prepare.obj
 0002:00000160       $unwind$?GetFuncAddressEx@@YAPEAXPEAU_IMAGE_DOS_HEADER@@PEBD@Z 0000000140003160     ScEntry:GetFuncAddr.obj
