 LFM

 Timestamp is 677b9ba6 (Mon Jan  6 11:00:22 2025)

 Preferred load address is 0000000140000000

 Start         Length     Name                   Class
 0001:00000000 0000063cH .text$mn                CODE
 0001:0000063c 00000b54H .text$mn$cpp            CODE
 0001:00001190 00000044H .text$mn$cpp$s          CODE
 0001:000011d4 00000008H .text$nm                CODE
 0001:000011dc 00000115H .text$zz                CODE
 0002:00000000 0000007cH .rdata                  DATA
 0002:0000007c 000000bcH .xdata                  DATA
 0002:00000138 00000000H .edata                  DATA
 0003:00000000 00000000H .data                   DATA
 0003:00000000 00000008H .bss                    DATA
 0004:00000000 0000006cH .pdata                  DATA

  Address         Publics by Value              Rva+Base               Lib:Object

 0000:00000000       __AbsoluteZero             0000000000000000     <absolute>
 0000:00000000       __arm64x_extra_rfe_table   0000000000000000     <absolute>
 0000:00000000       __arm64x_extra_rfe_table_size 0000000000000000     <absolute>
 0000:00000000       __arm64x_native_entrypoint 0000000000000000     <absolute>
 0000:00000000       __arm64x_redirection_metadata 0000000000000000     <absolute>
 0000:00000000       __arm64x_redirection_metadata_count 0000000000000000     <absolute>
 0000:00000000       __dynamic_value_reloc_table 0000000000000000     <absolute>
 0000:00000000       __enclave_config           0000000000000000     <absolute>
 0000:00000000       __guard_check_icall_a64n_fptr 0000000000000000     <absolute>
 0000:00000000       __guard_eh_cont_count      0000000000000000     <absolute>
 0000:00000000       __guard_eh_cont_table      0000000000000000     <absolute>
 0000:00000000       __guard_fids_count         0000000000000000     <absolute>
 0000:00000000       __guard_fids_table         0000000000000000     <absolute>
 0000:00000000       __guard_flags              0000000000000000     <absolute>
 0000:00000000       __guard_iat_count          0000000000000000     <absolute>
 0000:00000000       __guard_iat_table          0000000000000000     <absolute>
 0000:00000000       __guard_longjmp_count      0000000000000000     <absolute>
 0000:00000000       __guard_longjmp_table      0000000000000000     <absolute>
 0000:00000000       __hybrid_auxiliary_delayload_iat 0000000000000000     <absolute>
 0000:00000000       __hybrid_auxiliary_delayload_iat_copy 0000000000000000     <absolute>
 0000:00000000       __hybrid_auxiliary_iat     0000000000000000     <absolute>
 0000:00000000       __hybrid_auxiliary_iat_copy 0000000000000000     <absolute>
 0000:00000000       __hybrid_code_map          0000000000000000     <absolute>
 0000:00000000       __hybrid_code_map_count    0000000000000000     <absolute>
 0000:00000000       __hybrid_image_info_bitfield 0000000000000000     <absolute>
 0000:00000000       __volatile_metadata        0000000000000000     <absolute>
 0000:00000000       __x64_code_ranges_to_entry_points 0000000000000000     <absolute>
 0000:00000000       __x64_code_ranges_to_entry_points_count 0000000000000000     <absolute>
 0000:00000000       __ImageBase                0000000140000000     <linker-defined>
 0001:00000000       ?epASM@@YAXPEAU_PEB@@@Z    0000000140001000 f   x64.obj
 0001:00000005       ?retFromMapViewOfSectionAddr@@YAPEAXXZ 0000000140001005 f   x64.obj
 0001:00000014       ?aMyVexHandler@@YAP6AJPEAU_EXCEPTION_POINTERS@@@ZXZ 0000000140001014 f   x64.obj
 0001:00000078       ZwMapViewOfSection         0000000140001078 f   x64.obj
 0001:000000a3       ZwUnmapViewOfSection       00000001400010a3 f   x64.obj
 0001:000000d5       RtlDosPathNameToNtPathName_U_WithStatus 00000001400010d5 f   x64.obj
 0001:00000118       NtOpenFile                 0000000140001118 f   x64.obj
 0001:00000143       RtlFreeUnicodeString       0000000140001143 f   x64.obj
 0001:00000175       RtlGetCurrentPeb           0000000140001175 f   x64.obj
 0001:000001a1       RtlAllocateHeap            00000001400011a1 f   x64.obj
 0001:000001d0       RtlInitUnicodeString       00000001400011d0 f   x64.obj
 0001:00000205       NtQueryDirectoryFile       0000000140001205 f   x64.obj
 0001:00000235       LdrGetDllHandle            0000000140001235 f   x64.obj
 0001:00000260       NtCreateSection            0000000140001260 f   x64.obj
 0001:00000290       NtClose                    0000000140001290 f   x64.obj
 0001:000002b8       RtlAppendUnicodeStringToString 00000001400012b8 f   x64.obj
 0001:000002f7       RtlFreeHeap                00000001400012f7 f   x64.obj
 0001:0000031c       RtlPushFrame               000000014000131c f   x64.obj
 0001:00000345       RtlPopFrame                0000000140001345 f   x64.obj
 0001:0000036c       RtlGetFrame                000000014000136c f   x64.obj
 0001:00000394       ZwProtectVirtualMemory     0000000140001394 f   x64.obj
 0001:000003c7       RtlEqualUnicodeString      00000001400013c7 f   x64.obj
 0001:000003f6       RtlSetProtectedPolicy      00000001400013f6 f   x64.obj
 0001:00000426       RtlAddVectoredExceptionHandler 0000000140001426 f   x64.obj
 0001:0000045f       ZwSetContextThread         000000014000145f f   x64.obj
 0001:0000048b       LdrLoadDll                 000000014000148b f   x64.obj
 0001:000004b3       LdrUnloadDll               00000001400014b3 f   x64.obj
 0001:000004dd       RtlRemoveVectoredExceptionHandler 00000001400014dd f   x64.obj
 0001:0000051a       RtlImageNtHeaderEx         000000014000151a f   x64.obj
 0001:0000054b       RtlAppendUnicodeToString   000000014000154b f   x64.obj
 0001:00000581       RtlGetNtSystemRoot         0000000140001581 f   x64.obj
 0001:000005b3       memcpy                     00000001400015b3 f   x64.obj
 0001:000005d7       LdrGetProcedureAddress     00000001400015d7 f   x64.obj
 0001:00000607       memset                     0000000140001607 f   x64.obj
 0001:0000063c       ?FindNoCfgDll@@YAJKPEAU_UNICODE_STRING@@@Z 000000014000163c f   ep.obj
 0001:000009dc       ?OverwriteSection@@YAJPEAX0PEAU_IMAGE_NT_HEADERS64@@@Z 00000001400019dc f   ep.obj
 0001:00000b94       ?retFromMapViewOfSection@@YAJJ@Z 0000000140001b94 f   ep.obj
 0001:00000c50       ?MyVexHandler@@YAJPEAU_EXCEPTION_POINTERS@@@Z 0000000140001c50 f   ep.obj
 0001:00000d30       ?LoadLibraryFromMem@@YAJPEAPEAXPEAXPEAU_IMAGE_NT_HEADERS64@@PEBU_UNICODE_STRING@@@Z 0000000140001d30 f   ep.obj
 0001:00000f10       ?LoadLibraryFromMem@@YAJPEAX_KPEAPEAX@Z 0000000140001f10 f   ep.obj
 0001:00000fe4       ?get_hmod@@YAPEAXPEB_W@Z   0000000140001fe4 f   ScEntry:GetFuncAddr.obj
 0001:00001040       ?GetFuncAddressEx@@YAPEAXPEAU_IMAGE_DOS_HEADER@@PEBD@Z 0000000140002040 f   ScEntry:GetFuncAddr.obj
 0001:00001190       ??_C@_1BG@NCCDOFIB@?$AA?2?$AAs?$AAy?$AAs?$AAt?$AAe?$AAm?$AA3?$AA2?$AA?2@FNODOBFM@ 0000000140002190     ep.obj
 0001:000011b0       ??_C@_1M@HNNPBALB@?$AA?$CK?$AA?4?$AAd?$AAl?$AAl@FNODOBFM@ 00000001400021b0     ep.obj
 0001:000011c0       ??_C@_0BD@PPCCBCGB@ZwMapViewOfSection@FNODOBFM@ 00000001400021c0     ep.obj
 0001:000011d4       ?sc_end@@YAPEAXXZ          00000001400021d4 f   ScEntry:prepare.obj
 0001:000011dc       ?ScEntry@@YAXPEAU_PEB@@@Z  00000001400021dc f   ScEntry:prepare.obj
 0002:00000000       ??_C@_0BF@EKFKPNAI@RtlInitUnicodeString@ 0000000140003000     ScEntry:prepare.obj
 0002:00000018       ??_C@_1BI@NEOFKCPM@?$AAp?$AAr?$AAe?$AAp?$AAa?$AAr?$AAe?$AA?4?$AAd?$AAl?$AAl@ 0000000140003018     ScEntry:prepare.obj
 0002:00000030       ??_C@_0L@HOFGLFDL@LdrLoadDll@ 0000000140003030     ScEntry:prepare.obj
 0002:00000040       ??_C@_0BH@GKPJJDBO@LdrGetProcedureAddress@ 0000000140003040     ScEntry:prepare.obj
 0002:00000058       ??_C@_0N@FIGJGHFN@LdrUnloadDll@ 0000000140003058     ScEntry:prepare.obj
 0002:00000068       ??_C@_0BD@JDDPIELM@RtlExitUserProcess@ 0000000140003068     ScEntry:prepare.obj
 0003:00000000       __@@_PchSym_@00@UfhvihUsziibUwlxfnvmghUtrgsfyUhxUgnkUcGEUivovzhvUounUhgwzucOlyq@4B2008FD98C1DD4 0000000140004000     stdafx.obj
 0003:00000004       __@@_PchSym_@00@UfhvihUsziibUwlxfnvmghUtrgsfyUhxUgnkUcGEUivovzhvUhxvmgibUhgwzucOlyq@4B2008FD98C1DD4 0000000140004004     ScEntry:stdafx.obj

 entry point at        0001:000011dc

 Static symbols

 0001:00000021       common_imp_call            0000000140001021 f   x64.obj
 0001:00000627       ntdllp                     0000000140001627 f   x64.obj
 0002:0000007c       $unwind$?FindNoCfgDll@@YAJKPEAU_UNICODE_STRING@@@Z 000000014000307c     ep.obj
 0002:00000094       $unwind$?OverwriteSection@@YAJPEAX0PEAU_IMAGE_NT_HEADERS64@@@Z 0000000140003094     ep.obj
 0002:000000ac       $unwind$?retFromMapViewOfSection@@YAJJ@Z 00000001400030ac     ep.obj
 0002:000000c4       $unwind$?MyVexHandler@@YAJPEAU_EXCEPTION_POINTERS@@@Z 00000001400030c4     ep.obj
 0002:000000d0       $unwind$?LoadLibraryFromMem@@YAJPEAPEAXPEAXPEAU_IMAGE_NT_HEADERS64@@PEBU_UNICODE_STRING@@@Z 00000001400030d0     ep.obj
 0002:000000f0       $unwind$?LoadLibraryFromMem@@YAJPEAX_KPEAPEAX@Z 00000001400030f0     ep.obj
 0002:00000104       $unwind$?ScEntry@@YAXPEAU_PEB@@@Z 0000000140003104     ScEntry:prepare.obj
 0002:00000114       $unwind$?get_hmod@@YAPEAXPEB_W@Z 0000000140003114     ScEntry:GetFuncAddr.obj
 0002:0000011c       $unwind$?GetFuncAddressEx@@YAPEAXPEAU_IMAGE_DOS_HEADER@@PEBD@Z 000000014000311c     ScEntry:GetFuncAddr.obj
