 ModKdc

 Timestamp is 67a50818 (Thu Feb  6 21:06:00 2025)

 Preferred load address is 0000000140000000

 Start         Length     Name                   Class
 0001:00000000 00000174H .text$mn                CODE
 0001:00000174 0000024cH .text$mn$cpp            CODE
 0001:000003c0 00000c40H .text$mn$cpp$s          CODE
 0001:00001000 00000080H .text$mn$cpp$u          CODE
 0001:00001080 00000000H .text$mn$cpp$v          CODE
 0001:00001080 00000008H .text$nm                CODE
 0001:00001088 00000108H .text$zz                CODE
 0002:00000000 00000000H .idata$5                DATA
 0002:00000000 000000b4H .rdata                  DATA
 0002:000000b4 00000068H .rdata$zzzdbg           DATA
 0002:0000011c 0000003cH .xdata                  DATA
 0002:00000158 00000000H .edata                  DATA
 0002:00000158 00000000H .idata$2                DATA
 0002:00000158 00000000H .idata$3                DATA
 0002:00000158 00000000H .idata$4                DATA
 0002:00000158 00000000H .idata$6                DATA
 0003:00000000 00000000H .data                   DATA
 0003:00000000 00000008H .bss                    DATA
 0004:00000000 00000030H .pdata                  DATA

  Address         Publics by Value              Rva+Base               Lib:Object

 0000:00000000       __AbsoluteZero             0000000000000000     <absolute>
 0000:00000000       __arm64x_extra_rfe_table   0000000000000000     <absolute>
 0000:00000000       __arm64x_extra_rfe_table_size 0000000000000000     <absolute>
 0000:00000000       __arm64x_native_entrypoint 0000000000000000     <absolute>
 0000:00000000       __arm64x_redirection_metadata 0000000000000000     <absolute>
 0000:00000000       __arm64x_redirection_metadata_count 0000000000000000     <absolute>
 0000:00000000       __dynamic_value_reloc_table 0000000000000000     <absolute>
 0000:00000000       __enclave_config           0000000000000000     <absolute>
 0000:00000000       __guard_check_icall_a64n_fptr 0000000000000000     <absolute>
 0000:00000000       __guard_eh_cont_count      0000000000000000     <absolute>
 0000:00000000       __guard_eh_cont_table      0000000000000000     <absolute>
 0000:00000000       __guard_fids_count         0000000000000000     <absolute>
 0000:00000000       __guard_fids_table         0000000000000000     <absolute>
 0000:00000000       __guard_flags              0000000000000000     <absolute>
 0000:00000000       __guard_iat_count          0000000000000000     <absolute>
 0000:00000000       __guard_iat_table          0000000000000000     <absolute>
 0000:00000000       __guard_longjmp_count      0000000000000000     <absolute>
 0000:00000000       __guard_longjmp_table      0000000000000000     <absolute>
 0000:00000000       __hybrid_auxiliary_delayload_iat 0000000000000000     <absolute>
 0000:00000000       __hybrid_auxiliary_delayload_iat_copy 0000000000000000     <absolute>
 0000:00000000       __hybrid_auxiliary_iat     0000000000000000     <absolute>
 0000:00000000       __hybrid_auxiliary_iat_copy 0000000000000000     <absolute>
 0000:00000000       __hybrid_code_map          0000000000000000     <absolute>
 0000:00000000       __hybrid_code_map_count    0000000000000000     <absolute>
 0000:00000000       __hybrid_image_info_bitfield 0000000000000000     <absolute>
 0000:00000000       __volatile_metadata        0000000000000000     <absolute>
 0000:00000000       __x64_code_ranges_to_entry_points 0000000000000000     <absolute>
 0000:00000000       __x64_code_ranges_to_entry_points_count 0000000000000000     <absolute>
 0000:00000000       __ImageBase                0000000140000000     <linker-defined>
 0001:00000000       ?epASM@@YAXXZ              0000000140001000 f   x64.obj
 0001:0000000a       __chkstk                   000000014000100a f   x64.obj
 0001:00000126       LdrGetDllHandle            0000000140001126 f   x64.obj
 0001:00000139       LdrLoadDll                 0000000140001139 f   x64.obj
 0001:0000014c       LdrGetProcedureAddress     000000014000114c f   x64.obj
 0001:0000015f       RtlInitUnicodeString       000000014000115f f   x64.obj
 0001:00000174       ?OnApc@@YAXKKPEAX@Z        0000000140001174 f   ep.obj
 0001:000001cc       ?GetNtBase@@YAPEAXXZ       00000001400011cc f   ScEntry:GetFuncAddr.obj
 0001:000001e8       ?get_hmod@@YAPEAXPEB_W@Z   00000001400011e8 f   ScEntry:GetFuncAddr.obj
 0001:00000244       ?GetFuncAddressEx@@YAPEAXPEAU_IMAGE_DOS_HEADER@@PEBD@Z 0000000140001244 f   ScEntry:GetFuncAddr.obj
 0001:000003c0       ??_C@_1BG@EJKECBHF@?$AAk?$AAd?$AAc?$AAs?$AAv?$AAc?$AA?4?$AAd?$AAl?$AAl@FNODOBFM@ 00000001400013c0     ep.obj
 0001:00001080       ?sc_end@@YAPEAXXZ          0000000140002080 f   ScEntry:prepare.obj
 0001:00001088       ?ScEntry@@YAXPEAU_PEB@@@Z  0000000140002088 f   ScEntry:prepare.obj
 0002:00000000       ??_C@_0BF@EKFKPNAI@RtlInitUnicodeString@ 0000000140003000     ScEntry:prepare.obj
 0002:00000018       ??_C@_1BI@NEOFKCPM@?$AAp?$AAr?$AAe?$AAp?$AAa?$AAr?$AAe?$AA?4?$AAd?$AAl?$AAl@ 0000000140003018     ScEntry:prepare.obj
 0002:00000030       ??_C@_0L@HOFGLFDL@LdrLoadDll@ 0000000140003030     ScEntry:prepare.obj
 0002:00000040       ??_C@_0BH@GKPJJDBO@LdrGetProcedureAddress@ 0000000140003040     ScEntry:prepare.obj
 0002:00000058       ??_C@_0N@FIGJGHFN@LdrUnloadDll@ 0000000140003058     ScEntry:prepare.obj
 0002:00000068       ??_C@_0BD@JDDPIELM@RtlExitUserProcess@ 0000000140003068     ScEntry:prepare.obj
 0003:00000000       __@@_PchSym_@00@UfhvihUsziibUwlxfnvmghUtrgsfyUhxUgnkUcGEUivovzhvUnlwpwxUhgwzucOlyq@4B2008FD98C1DD4 0000000140004000     stdafx.obj
 0003:00000004       __@@_PchSym_@00@UfhvihUsziibUwlxfnvmghUtrgsfyUhxUgnkUcGEUivovzhvUhxvmgibUhgwzucOlyq@4B2008FD98C1DD4 0000000140004004     ScEntry:stdafx.obj

 entry point at        0001:00001088

 Static symbols

 0000:ffffa000       .debug$S                   0000000140000000     ntdllp:ntdll.dll
 0000:ffffa000       .debug$S                   0000000140000000     ntdllp:ntdll.dll
 0002:ffffd000       .idata$6                   0000000140000000     ntdllp:ntdll.dll
 0001:00000057       common_imp_call            0000000140001057 f   x64.obj
 0001:000000aa       protect                    00000001400010aa f   x64.obj
 0001:00001000       ?LdrGetDllHandle           0000000140002000     x64.obj
 0001:00001000       @imp_begin@                0000000140002000     x64.obj
 0001:00001018       ?LdrLoadDll                0000000140002018     x64.obj
 0001:00001030       ?LdrGetProcedureAddress    0000000140002030     x64.obj
 0001:00001050       ?RtlInitUnicodeString      0000000140002050     x64.obj
 0001:00001070       @ntdllp                    0000000140002070     x64.obj
 0002:0000011c       $unwind$?OnApc@@YAXKKPEAX@Z 000000014000311c     ep.obj
 0002:00000128       $unwind$?ScEntry@@YAXPEAU_PEB@@@Z 0000000140003128     ScEntry:prepare.obj
 0002:00000138       $unwind$?get_hmod@@YAPEAXPEB_W@Z 0000000140003138     ScEntry:GetFuncAddr.obj
 0002:00000140       $unwind$?GetFuncAddressEx@@YAPEAXPEAU_IMAGE_DOS_HEADER@@PEBD@Z 0000000140003140     ScEntry:GetFuncAddr.obj
