 ScLfm

 Timestamp is 67a6151b (Fri Feb  7 16:13:47 2025)

 Preferred load address is 0000000140000000

 Start         Length     Name                   Class
 0001:00000000 000003a8H .text$mn                CODE
 0001:000003a8 00000c10H .text$mn$cpp            CODE
 0001:00000fb8 00000018H .text$mn$cpp$r          CODE
 0001:00000fd0 00001030H .text$mn$cpp$s          CODE
 0001:00002000 000003e0H .text$mn$cpp$u          CODE
 0001:000023e0 00000000H .text$mn$cpp$v          CODE
 0001:000023e0 00000008H .text$nm                CODE
 0001:000023e8 00000108H .text$zz                CODE
 0002:00000000 000000b4H .rdata                  DATA
 0002:000000b4 00000068H .rdata$zzzdbg           DATA
 0002:0000011c 000000d8H .xdata                  DATA
 0002:000001f4 00000000H .edata                  DATA
 0003:00000000 00000000H .data                   DATA
 0003:00000000 00000008H .bss                    DATA
 0004:00000000 00000084H .pdata                  DATA

  Address         Publics by Value              Rva+Base               Lib:Object

 0000:00000000       __AbsoluteZero             0000000000000000     <absolute>
 0000:00000000       __arm64x_extra_rfe_table   0000000000000000     <absolute>
 0000:00000000       __arm64x_extra_rfe_table_size 0000000000000000     <absolute>
 0000:00000000       __arm64x_native_entrypoint 0000000000000000     <absolute>
 0000:00000000       __arm64x_redirection_metadata 0000000000000000     <absolute>
 0000:00000000       __arm64x_redirection_metadata_count 0000000000000000     <absolute>
 0000:00000000       __dynamic_value_reloc_table 0000000000000000     <absolute>
 0000:00000000       __enclave_config           0000000000000000     <absolute>
 0000:00000000       __guard_check_icall_a64n_fptr 0000000000000000     <absolute>
 0000:00000000       __guard_eh_cont_count      0000000000000000     <absolute>
 0000:00000000       __guard_eh_cont_table      0000000000000000     <absolute>
 0000:00000000       __guard_fids_count         0000000000000000     <absolute>
 0000:00000000       __guard_fids_table         0000000000000000     <absolute>
 0000:00000000       __guard_flags              0000000000000000     <absolute>
 0000:00000000       __guard_iat_count          0000000000000000     <absolute>
 0000:00000000       __guard_iat_table          0000000000000000     <absolute>
 0000:00000000       __guard_longjmp_count      0000000000000000     <absolute>
 0000:00000000       __guard_longjmp_table      0000000000000000     <absolute>
 0000:00000000       __hybrid_auxiliary_delayload_iat 0000000000000000     <absolute>
 0000:00000000       __hybrid_auxiliary_delayload_iat_copy 0000000000000000     <absolute>
 0000:00000000       __hybrid_auxiliary_iat     0000000000000000     <absolute>
 0000:00000000       __hybrid_auxiliary_iat_copy 0000000000000000     <absolute>
 0000:00000000       __hybrid_code_map          0000000000000000     <absolute>
 0000:00000000       __hybrid_code_map_count    0000000000000000     <absolute>
 0000:00000000       __hybrid_image_info_bitfield 0000000000000000     <absolute>
 0000:00000000       __volatile_metadata        0000000000000000     <absolute>
 0000:00000000       __x64_code_ranges_to_entry_points 0000000000000000     <absolute>
 0000:00000000       __x64_code_ranges_to_entry_points_count 0000000000000000     <absolute>
 0000:00000000       __ImageBase                0000000140000000     <linker-defined>
 0001:00000000       ?epASM@@YAXXZ              0000000140001000 f   x64.obj
 0001:0000000a       __chkstk                   000000014000100a f   x64.obj
 0001:0000012e       ?aretFromMapViewOfSection@@YAJXZ 000000014000112e f   x64.obj
 0001:00000135       ZwMapViewOfSection         0000000140001135 f   x64.obj
 0001:00000148       ZwUnmapViewOfSection       0000000140001148 f   x64.obj
 0001:0000015b       RtlDosPathNameToNtPathName_U_WithStatus 000000014000115b f   x64.obj
 0001:0000016e       NtOpenFile                 000000014000116e f   x64.obj
 0001:00000181       RtlFreeUnicodeString       0000000140001181 f   x64.obj
 0001:00000194       RtlGetCurrentPeb           0000000140001194 f   x64.obj
 0001:000001a7       RtlAllocateHeap            00000001400011a7 f   x64.obj
 0001:000001ba       RtlInitUnicodeString       00000001400011ba f   x64.obj
 0001:000001cd       NtQueryDirectoryFile       00000001400011cd f   x64.obj
 0001:000001e0       LdrGetDllHandle            00000001400011e0 f   x64.obj
 0001:000001f3       NtCreateSection            00000001400011f3 f   x64.obj
 0001:00000206       NtClose                    0000000140001206 f   x64.obj
 0001:00000219       RtlAppendUnicodeStringToString 0000000140001219 f   x64.obj
 0001:0000022c       RtlFreeHeap                000000014000122c f   x64.obj
 0001:0000023f       RtlPushFrame               000000014000123f f   x64.obj
 0001:00000252       RtlPopFrame                0000000140001252 f   x64.obj
 0001:00000265       RtlGetFrame                0000000140001265 f   x64.obj
 0001:00000278       ZwProtectVirtualMemory     0000000140001278 f   x64.obj
 0001:0000028b       RtlEqualUnicodeString      000000014000128b f   x64.obj
 0001:0000029e       RtlSetProtectedPolicy      000000014000129e f   x64.obj
 0001:000002b1       RtlAddVectoredExceptionHandler 00000001400012b1 f   x64.obj
 0001:000002c4       ZwSetContextThread         00000001400012c4 f   x64.obj
 0001:000002d7       LdrLoadDll                 00000001400012d7 f   x64.obj
 0001:000002ea       LdrUnloadDll               00000001400012ea f   x64.obj
 0001:000002fd       RtlRemoveVectoredExceptionHandler 00000001400012fd f   x64.obj
 0001:00000310       LdrAddRefDll               0000000140001310 f   x64.obj
 0001:00000323       RtlImageNtHeaderEx         0000000140001323 f   x64.obj
 0001:00000336       LdrEnumerateLoadedModules  0000000140001336 f   x64.obj
 0001:00000349       RtlAppendUnicodeToString   0000000140001349 f   x64.obj
 0001:0000035c       memset                     000000014000135c f   x64.obj
 0001:0000036f       LdrGetProcedureAddress     000000014000136f f   x64.obj
 0001:00000382       memcpy                     0000000140001382 f   x64.obj
 0001:00000395       strcmp                     0000000140001395 f   x64.obj
 0001:000003a8       ?IsImageOk@@YAEKPEAX@Z     00000001400013a8 f   ep.obj
 0001:000004f0       ?FindNoCfgDll@@YAJKPEAU_UNICODE_STRING@@@Z 00000001400014f0 f   ep.obj
 0001:00000720       ?OverwriteSection@@YAJPEAX0PEAU_IMAGE_NT_HEADERS64@@@Z 0000000140001720 f   ep.obj
 0001:000008d8       ?retFromMapViewOfSection@@YAJJ@Z 00000001400018d8 f   ep.obj
 0001:0000099c       ?MyVexHandler@@YAJPEAU_EXCEPTION_POINTERS@@@Z 000000014000199c f   ep.obj
 0001:00000a84       ?LoadLibraryFromMem@@YAJPEAPEAXPEAXPEAU_IMAGE_NT_HEADERS64@@PEBU_UNICODE_STRING@@@Z 0000000140001a84 f   ep.obj
 0001:00000c48       ?CheckModule@@YAXPEAU_LDR_DATA_TABLE_ENTRY@@PEAUDSC@@PEAE@Z 0000000140001c48 f   ep.obj
 0001:00000c94       ?LoadLibraryFromMem@@YAJPEAX_KPEAPEAX@Z 0000000140001c94 f   ep.obj
 0001:00000dc0       ?GetNtBase@@YAPEAXXZ       0000000140001dc0 f   ScEntry:GetFuncAddr.obj
 0001:00000ddc       ?get_hmod@@YAPEAXPEB_W@Z   0000000140001ddc f   ScEntry:GetFuncAddr.obj
 0001:00000e38       ?GetFuncAddressEx@@YAPEAXPEAU_IMAGE_DOS_HEADER@@PEBD@Z 0000000140001e38 f   ScEntry:GetFuncAddr.obj
 0001:00000fb8       _GUID_1fc98bca_1ba9_4397_93f9_349ead41e057 0000000140001fb8     ep.obj
 0001:00000fd0       ??_C@_1M@HNNPBALB@?$AA?$CK?$AA?4?$AAd?$AAl?$AAl@FNODOBFM@ 0000000140001fd0     ep.obj
 0001:00000fe0       ??_C@_0BD@PPCCBCGB@ZwMapViewOfSection@FNODOBFM@ 0000000140001fe0     ep.obj
 0001:00001000       ??_C@_1BG@NCCDOFIB@?$AA?2?$AAs?$AAy?$AAs?$AAt?$AAe?$AAm?$AA3?$AA2?$AA?2@FNODOBFM@ 0000000140002000     ep.obj
 0001:000023e0       ?sc_end@@YAPEAXXZ          00000001400033e0 f   ScEntry:prepare.obj
 0001:000023e8       ?ScEntry@@YAXPEAU_PEB@@@Z  00000001400033e8 f   ScEntry:prepare.obj
 0002:00000000       ??_C@_0BF@EKFKPNAI@RtlInitUnicodeString@ 0000000140004000     ScEntry:prepare.obj
 0002:00000018       ??_C@_1BI@NEOFKCPM@?$AAp?$AAr?$AAe?$AAp?$AAa?$AAr?$AAe?$AA?4?$AAd?$AAl?$AAl@ 0000000140004018     ScEntry:prepare.obj
 0002:00000030       ??_C@_0L@HOFGLFDL@LdrLoadDll@ 0000000140004030     ScEntry:prepare.obj
 0002:00000040       ??_C@_0BH@GKPJJDBO@LdrGetProcedureAddress@ 0000000140004040     ScEntry:prepare.obj
 0002:00000058       ??_C@_0N@FIGJGHFN@LdrUnloadDll@ 0000000140004058     ScEntry:prepare.obj
 0002:00000068       ??_C@_0BD@JDDPIELM@RtlExitUserProcess@ 0000000140004068     ScEntry:prepare.obj
 0003:00000000       __@@_PchSym_@00@UfhvihUsziibUwlxfnvmghUtrgsfyUhxUgnkUcGEUivovzhvUhxounUhgwzucOlyq@4B2008FD98C1DD4 0000000140005000     stdafx.obj
 0003:00000004       __@@_PchSym_@00@UfhvihUsziibUwlxfnvmghUtrgsfyUhxUgnkUcGEUivovzhvUhxvmgibUhgwzucOlyq@4B2008FD98C1DD4 0000000140005004     ScEntry:stdafx.obj

 entry point at        0001:000023e8

 Static symbols

 0001:00000057       common_imp_call            0000000140001057 f   x64.obj
 0001:000000aa       protect                    00000001400010aa f   x64.obj
 0001:00002000       ?ZwMapViewOfSection        0000000140003000     x64.obj
 0001:00002000       @imp_begin@                0000000140003000     x64.obj
 0001:00002020       ?ZwUnmapViewOfSection      0000000140003020     x64.obj
 0001:00002040       ?RtlDosPathNameToNtPathName_U_WithStatus 0000000140003040     x64.obj
 0001:00002070       ?NtOpenFile                0000000140003070     x64.obj
 0001:00002088       ?RtlFreeUnicodeString      0000000140003088     x64.obj
 0001:000020a8       ?RtlGetCurrentPeb          00000001400030a8     x64.obj
 0001:000020c8       ?RtlAllocateHeap           00000001400030c8     x64.obj
 0001:000020e0       ?RtlInitUnicodeString      00000001400030e0     x64.obj
 0001:00002100       ?NtQueryDirectoryFile      0000000140003100     x64.obj
 0001:00002120       ?LdrGetDllHandle           0000000140003120     x64.obj
 0001:00002138       ?NtCreateSection           0000000140003138     x64.obj
 0001:00002150       ?NtClose                   0000000140003150     x64.obj
 0001:00002160       ?RtlAppendUnicodeStringToString 0000000140003160     x64.obj
 0001:00002188       ?RtlFreeHeap               0000000140003188     x64.obj
 0001:000021a0       ?RtlPushFrame              00000001400031a0     x64.obj
 0001:000021b8       ?RtlPopFrame               00000001400031b8     x64.obj
 0001:000021d0       ?RtlGetFrame               00000001400031d0     x64.obj
 0001:000021e8       ?ZwProtectVirtualMemory    00000001400031e8     x64.obj
 0001:00002208       ?RtlEqualUnicodeString     0000000140003208     x64.obj
 0001:00002228       ?RtlSetProtectedPolicy     0000000140003228     x64.obj
 0001:00002248       ?RtlAddVectoredExceptionHandler 0000000140003248     x64.obj
 0001:00002270       ?ZwSetContextThread        0000000140003270     x64.obj
 0001:00002290       ?LdrLoadDll                0000000140003290     x64.obj
 0001:000022a8       ?LdrUnloadDll              00000001400032a8     x64.obj
 0001:000022c0       ?RtlRemoveVectoredExceptionHandler 00000001400032c0     x64.obj
 0001:000022f0       ?LdrAddRefDll              00000001400032f0     x64.obj
 0001:00002308       ?RtlImageNtHeaderEx        0000000140003308     x64.obj
 0001:00002328       ?LdrEnumerateLoadedModules 0000000140003328     x64.obj
 0001:00002350       ?RtlAppendUnicodeToString  0000000140003350     x64.obj
 0001:00002378       ?memset                    0000000140003378     x64.obj
 0001:00002388       ?LdrGetProcedureAddress    0000000140003388     x64.obj
 0001:000023a8       ?memcpy                    00000001400033a8     x64.obj
 0001:000023b8       ?strcmp                    00000001400033b8     x64.obj
 0001:000023c8       @ntdllp                    00000001400033c8     x64.obj
 0002:0000011c       $unwind$?IsImageOk@@YAEKPEAX@Z 000000014000411c     ep.obj
 0002:00000128       $unwind$?FindNoCfgDll@@YAJKPEAU_UNICODE_STRING@@@Z 0000000140004128     ep.obj
 0002:00000144       $unwind$?OverwriteSection@@YAJPEAX0PEAU_IMAGE_NT_HEADERS64@@@Z 0000000140004144     ep.obj
 0002:0000015c       $unwind$?retFromMapViewOfSection@@YAJJ@Z 000000014000415c     ep.obj
 0002:00000174       $unwind$?MyVexHandler@@YAJPEAU_EXCEPTION_POINTERS@@@Z 0000000140004174     ep.obj
 0002:00000180       $unwind$?LoadLibraryFromMem@@YAJPEAPEAXPEAXPEAU_IMAGE_NT_HEADERS64@@PEBU_UNICODE_STRING@@@Z 0000000140004180     ep.obj
 0002:000001a0       $unwind$?CheckModule@@YAXPEAU_LDR_DATA_TABLE_ENTRY@@PEAUDSC@@PEAE@Z 00000001400041a0     ep.obj
 0002:000001b0       $unwind$?LoadLibraryFromMem@@YAJPEAX_KPEAPEAX@Z 00000001400041b0     ep.obj
 0002:000001c4       $unwind$?ScEntry@@YAXPEAU_PEB@@@Z 00000001400041c4     ScEntry:prepare.obj
 0002:000001d4       $unwind$?get_hmod@@YAPEAXPEB_W@Z 00000001400041d4     ScEntry:GetFuncAddr.obj
 0002:000001dc       $unwind$?GetFuncAddressEx@@YAPEAXPEAU_IMAGE_DOS_HEADER@@PEBD@Z 00000001400041dc     ScEntry:GetFuncAddr.obj
