 ScLfm+ACG

 Timestamp is 67a61521 (Fri Feb  7 16:13:53 2025)

 Preferred load address is 0000000140000000

 Start         Length     Name                   Class
 0001:00000000 000003f4H .text$mn                CODE
 0001:000003f4 00000e8cH .text$mn$cpp            CODE
 0001:00001280 00000010H .text$mn$cpp$r          CODE
 0001:00001290 00000d70H .text$mn$cpp$s          CODE
 0001:00002000 00000460H .text$mn$cpp$u          CODE
 0001:00002460 00000000H .text$mn$cpp$v          CODE
 0001:00002460 00000008H .text$nm                CODE
 0001:00002468 00000108H .text$zz                CODE
 0002:00000000 000000b4H .rdata                  DATA
 0002:000000b4 0000006cH .rdata$zzzdbg           DATA
 0002:00000120 000000ecH .xdata                  DATA
 0002:0000020c 00000000H .edata                  DATA
 0003:00000000 00000000H .data                   DATA
 0003:00000000 00000008H .bss                    DATA
 0004:00000000 00000090H .pdata                  DATA

  Address         Publics by Value              Rva+Base               Lib:Object

 0000:00000000       __AbsoluteZero             0000000000000000     <absolute>
 0000:00000000       __arm64x_extra_rfe_table   0000000000000000     <absolute>
 0000:00000000       __arm64x_extra_rfe_table_size 0000000000000000     <absolute>
 0000:00000000       __arm64x_native_entrypoint 0000000000000000     <absolute>
 0000:00000000       __arm64x_redirection_metadata 0000000000000000     <absolute>
 0000:00000000       __arm64x_redirection_metadata_count 0000000000000000     <absolute>
 0000:00000000       __dynamic_value_reloc_table 0000000000000000     <absolute>
 0000:00000000       __enclave_config           0000000000000000     <absolute>
 0000:00000000       __guard_check_icall_a64n_fptr 0000000000000000     <absolute>
 0000:00000000       __guard_eh_cont_count      0000000000000000     <absolute>
 0000:00000000       __guard_eh_cont_table      0000000000000000     <absolute>
 0000:00000000       __guard_fids_count         0000000000000000     <absolute>
 0000:00000000       __guard_fids_table         0000000000000000     <absolute>
 0000:00000000       __guard_flags              0000000000000000     <absolute>
 0000:00000000       __guard_iat_count          0000000000000000     <absolute>
 0000:00000000       __guard_iat_table          0000000000000000     <absolute>
 0000:00000000       __guard_longjmp_count      0000000000000000     <absolute>
 0000:00000000       __guard_longjmp_table      0000000000000000     <absolute>
 0000:00000000       __hybrid_auxiliary_delayload_iat 0000000000000000     <absolute>
 0000:00000000       __hybrid_auxiliary_delayload_iat_copy 0000000000000000     <absolute>
 0000:00000000       __hybrid_auxiliary_iat     0000000000000000     <absolute>
 0000:00000000       __hybrid_auxiliary_iat_copy 0000000000000000     <absolute>
 0000:00000000       __hybrid_code_map          0000000000000000     <absolute>
 0000:00000000       __hybrid_code_map_count    0000000000000000     <absolute>
 0000:00000000       __hybrid_image_info_bitfield 0000000000000000     <absolute>
 0000:00000000       __volatile_metadata        0000000000000000     <absolute>
 0000:00000000       __x64_code_ranges_to_entry_points 0000000000000000     <absolute>
 0000:00000000       __x64_code_ranges_to_entry_points_count 0000000000000000     <absolute>
 0000:00000000       __ImageBase                0000000140000000     <linker-defined>
 0001:00000000       ?epASM@@YAXXZ              0000000140001000 f   x64.obj
 0001:0000000a       __chkstk                   000000014000100a f   x64.obj
 0001:0000012e       ?aretFromMapViewOfSection@@YAJXZ 000000014000112e f   x64.obj
 0001:00000135       ZwProtectVirtualMemory     0000000140001135 f   x64.obj
 0001:00000148       NtWriteFile                0000000140001148 f   x64.obj
 0001:0000015b       NtReadFile                 000000014000115b f   x64.obj
 0001:0000016e       ZwMapViewOfSection         000000014000116e f   x64.obj
 0001:00000181       ZwUnmapViewOfSection       0000000140001181 f   x64.obj
 0001:00000194       RtlDosPathNameToNtPathName_U_WithStatus 0000000140001194 f   x64.obj
 0001:000001a7       NtOpenFile                 00000001400011a7 f   x64.obj
 0001:000001ba       RtlFreeUnicodeString       00000001400011ba f   x64.obj
 0001:000001cd       RtlGetCurrentPeb           00000001400011cd f   x64.obj
 0001:000001e0       RtlAllocateHeap            00000001400011e0 f   x64.obj
 0001:000001f3       RtlInitUnicodeString       00000001400011f3 f   x64.obj
 0001:00000206       NtQueryDirectoryFile       0000000140001206 f   x64.obj
 0001:00000219       LdrGetDllHandle            0000000140001219 f   x64.obj
 0001:0000022c       NtCreateSection            000000014000122c f   x64.obj
 0001:0000023f       NtClose                    000000014000123f f   x64.obj
 0001:00000252       RtlAppendUnicodeStringToString 0000000140001252 f   x64.obj
 0001:00000265       RtlFreeHeap                0000000140001265 f   x64.obj
 0001:00000278       RtlPushFrame               0000000140001278 f   x64.obj
 0001:0000028b       RtlPopFrame                000000014000128b f   x64.obj
 0001:0000029e       RtlGetFrame                000000014000129e f   x64.obj
 0001:000002b1       RtlImageDirectoryEntryToData 00000001400012b1 f   x64.obj
 0001:000002c4       LdrProcessRelocationBlock  00000001400012c4 f   x64.obj
 0001:000002d7       RtlEqualUnicodeString      00000001400012d7 f   x64.obj
 0001:000002ea       RtlSetProtectedPolicy      00000001400012ea f   x64.obj
 0001:000002fd       RtlAddVectoredExceptionHandler 00000001400012fd f   x64.obj
 0001:00000310       ZwSetContextThread         0000000140001310 f   x64.obj
 0001:00000323       LdrLoadDll                 0000000140001323 f   x64.obj
 0001:00000336       LdrUnloadDll               0000000140001336 f   x64.obj
 0001:00000349       RtlRemoveVectoredExceptionHandler 0000000140001349 f   x64.obj
 0001:0000035c       LdrAddRefDll               000000014000135c f   x64.obj
 0001:0000036f       RtlImageNtHeaderEx         000000014000136f f   x64.obj
 0001:00000382       LdrEnumerateLoadedModules  0000000140001382 f   x64.obj
 0001:00000395       RtlAppendUnicodeToString   0000000140001395 f   x64.obj
 0001:000003a8       memset                     00000001400013a8 f   x64.obj
 0001:000003bb       LdrGetProcedureAddress     00000001400013bb f   x64.obj
 0001:000003ce       memcpy                     00000001400013ce f   x64.obj
 0001:000003e1       strcmp                     00000001400013e1 f   x64.obj
 0001:000003f4       ?ProtectEx@@YAJPEAX_KK0PEAH@Z 00000001400013f4 f   ep.obj
 0001:00000508       ?IsImageOk@@YAEKPEAX@Z     0000000140001508 f   ep.obj
 0001:00000650       ?FindNoCfgDll@@YAJKPEAU_UNICODE_STRING@@@Z 0000000140001650 f   ep.obj
 0001:00000880       ?OverwriteSection@@YAJPEAX0PEAU_IMAGE_NT_HEADERS64@@0@Z 0000000140001880 f   ep.obj
 0001:00000b1c       ?retFromMapViewOfSection@@YAJJ@Z 0000000140001b1c f   ep.obj
 0001:00000be8       ?MyVexHandler@@YAJPEAU_EXCEPTION_POINTERS@@@Z 0000000140001be8 f   ep.obj
 0001:00000cd0       ?LoadLibraryFromMem@@YAJPEAPEAXPEAX1PEAU_IMAGE_NT_HEADERS64@@PEBU_UNICODE_STRING@@@Z 0000000140001cd0 f   ep.obj
 0001:00000ea0       ?CheckModule@@YAXPEAU_LDR_DATA_TABLE_ENTRY@@PEAUDSC@@PEAE@Z 0000000140001ea0 f   ep.obj
 0001:00000eec       ?LoadLibraryFromMem@@YAJPEAX_K0@Z 0000000140001eec f   ep.obj
 0001:0000108c       ?GetNtBase@@YAPEAXXZ       000000014000208c f   ScEntry:GetFuncAddr.obj
 0001:000010a8       ?get_hmod@@YAPEAXPEB_W@Z   00000001400020a8 f   ScEntry:GetFuncAddr.obj
 0001:00001104       ?GetFuncAddressEx@@YAPEAXPEAU_IMAGE_DOS_HEADER@@PEBD@Z 0000000140002104 f   ScEntry:GetFuncAddr.obj
 0001:00001280       _GUID_1fc98bca_1ba9_4397_93f9_349ead41e057 0000000140002280     ep.obj
 0001:00001290       ??_C@_1M@HNNPBALB@?$AA?$CK?$AA?4?$AAd?$AAl?$AAl@FNODOBFM@ 0000000140002290     ep.obj
 0001:000012a0       ??_C@_0BD@PPCCBCGB@ZwMapViewOfSection@FNODOBFM@ 00000001400022a0     ep.obj
 0001:000012c0       ??_C@_1BG@NCCDOFIB@?$AA?2?$AAs?$AAy?$AAs?$AAt?$AAe?$AAm?$AA3?$AA2?$AA?2@FNODOBFM@ 00000001400022c0     ep.obj
 0001:00002460       ?sc_end@@YAPEAXXZ          0000000140003460 f   ScEntry:prepare.obj
 0001:00002468       ?ScEntry@@YAXPEAU_PEB@@@Z  0000000140003468 f   ScEntry:prepare.obj
 0002:00000000       ??_C@_0BF@EKFKPNAI@RtlInitUnicodeString@ 0000000140004000     ScEntry:prepare.obj
 0002:00000018       ??_C@_1BI@NEOFKCPM@?$AAp?$AAr?$AAe?$AAp?$AAa?$AAr?$AAe?$AA?4?$AAd?$AAl?$AAl@ 0000000140004018     ScEntry:prepare.obj
 0002:00000030       ??_C@_0L@HOFGLFDL@LdrLoadDll@ 0000000140004030     ScEntry:prepare.obj
 0002:00000040       ??_C@_0BH@GKPJJDBO@LdrGetProcedureAddress@ 0000000140004040     ScEntry:prepare.obj
 0002:00000058       ??_C@_0N@FIGJGHFN@LdrUnloadDll@ 0000000140004058     ScEntry:prepare.obj
 0002:00000068       ??_C@_0BD@JDDPIELM@RtlExitUserProcess@ 0000000140004068     ScEntry:prepare.obj
 0003:00000000       __@@_PchSym_@00@UfhvihUsziibUwlxfnvmghUtrgsfyUhxUgnkUcGEUivovzhvUhxounQzxtUhgwzucOlyq@4B2008FD98C1DD4 0000000140005000     stdafx.obj
 0003:00000004       __@@_PchSym_@00@UfhvihUsziibUwlxfnvmghUtrgsfyUhxUgnkUcGEUivovzhvUhxvmgibUhgwzucOlyq@4B2008FD98C1DD4 0000000140005004     ScEntry:stdafx.obj

 entry point at        0001:00002468

 Static symbols

 0001:00000057       common_imp_call            0000000140001057 f   x64.obj
 0001:000000aa       protect                    00000001400010aa f   x64.obj
 0001:00002000       ?ZwProtectVirtualMemory    0000000140003000     x64.obj
 0001:00002000       @imp_begin@                0000000140003000     x64.obj
 0001:00002020       ?NtWriteFile               0000000140003020     x64.obj
 0001:00002038       ?NtReadFile                0000000140003038     x64.obj
 0001:00002050       ?ZwMapViewOfSection        0000000140003050     x64.obj
 0001:00002070       ?ZwUnmapViewOfSection      0000000140003070     x64.obj
 0001:00002090       ?RtlDosPathNameToNtPathName_U_WithStatus 0000000140003090     x64.obj
 0001:000020c0       ?NtOpenFile                00000001400030c0     x64.obj
 0001:000020d8       ?RtlFreeUnicodeString      00000001400030d8     x64.obj
 0001:000020f8       ?RtlGetCurrentPeb          00000001400030f8     x64.obj
 0001:00002118       ?RtlAllocateHeap           0000000140003118     x64.obj
 0001:00002130       ?RtlInitUnicodeString      0000000140003130     x64.obj
 0001:00002150       ?NtQueryDirectoryFile      0000000140003150     x64.obj
 0001:00002170       ?LdrGetDllHandle           0000000140003170     x64.obj
 0001:00002188       ?NtCreateSection           0000000140003188     x64.obj
 0001:000021a0       ?NtClose                   00000001400031a0     x64.obj
 0001:000021b0       ?RtlAppendUnicodeStringToString 00000001400031b0     x64.obj
 0001:000021d8       ?RtlFreeHeap               00000001400031d8     x64.obj
 0001:000021f0       ?RtlPushFrame              00000001400031f0     x64.obj
 0001:00002208       ?RtlPopFrame               0000000140003208     x64.obj
 0001:00002220       ?RtlGetFrame               0000000140003220     x64.obj
 0001:00002238       ?RtlImageDirectoryEntryToData 0000000140003238     x64.obj
 0001:00002260       ?LdrProcessRelocationBlock 0000000140003260     x64.obj
 0001:00002288       ?RtlEqualUnicodeString     0000000140003288     x64.obj
 0001:000022a8       ?RtlSetProtectedPolicy     00000001400032a8     x64.obj
 0001:000022c8       ?RtlAddVectoredExceptionHandler 00000001400032c8     x64.obj
 0001:000022f0       ?ZwSetContextThread        00000001400032f0     x64.obj
 0001:00002310       ?LdrLoadDll                0000000140003310     x64.obj
 0001:00002328       ?LdrUnloadDll              0000000140003328     x64.obj
 0001:00002340       ?RtlRemoveVectoredExceptionHandler 0000000140003340     x64.obj
 0001:00002370       ?LdrAddRefDll              0000000140003370     x64.obj
 0001:00002388       ?RtlImageNtHeaderEx        0000000140003388     x64.obj
 0001:000023a8       ?LdrEnumerateLoadedModules 00000001400033a8     x64.obj
 0001:000023d0       ?RtlAppendUnicodeToString  00000001400033d0     x64.obj
 0001:000023f8       ?memset                    00000001400033f8     x64.obj
 0001:00002408       ?LdrGetProcedureAddress    0000000140003408     x64.obj
 0001:00002428       ?memcpy                    0000000140003428     x64.obj
 0001:00002438       ?strcmp                    0000000140003438     x64.obj
 0001:00002448       @ntdllp                    0000000140003448     x64.obj
 0002:00000120       $unwind$?ProtectEx@@YAJPEAX_KK0PEAH@Z 0000000140004120     ep.obj
 0002:00000130       $unwind$?IsImageOk@@YAEKPEAX@Z 0000000140004130     ep.obj
 0002:0000013c       $unwind$?FindNoCfgDll@@YAJKPEAU_UNICODE_STRING@@@Z 000000014000413c     ep.obj
 0002:00000158       $unwind$?OverwriteSection@@YAJPEAX0PEAU_IMAGE_NT_HEADERS64@@0@Z 0000000140004158     ep.obj
 0002:00000170       $unwind$?retFromMapViewOfSection@@YAJJ@Z 0000000140004170     ep.obj
 0002:00000188       $unwind$?MyVexHandler@@YAJPEAU_EXCEPTION_POINTERS@@@Z 0000000140004188     ep.obj
 0002:00000194       $unwind$?LoadLibraryFromMem@@YAJPEAPEAXPEAX1PEAU_IMAGE_NT_HEADERS64@@PEBU_UNICODE_STRING@@@Z 0000000140004194     ep.obj
 0002:000001b4       $unwind$?CheckModule@@YAXPEAU_LDR_DATA_TABLE_ENTRY@@PEAUDSC@@PEAE@Z 00000001400041b4     ep.obj
 0002:000001c4       $unwind$?LoadLibraryFromMem@@YAJPEAX_K0@Z 00000001400041c4     ep.obj
 0002:000001dc       $unwind$?ScEntry@@YAXPEAU_PEB@@@Z 00000001400041dc     ScEntry:prepare.obj
 0002:000001ec       $unwind$?get_hmod@@YAPEAXPEB_W@Z 00000001400041ec     ScEntry:GetFuncAddr.obj
 0002:000001f4       $unwind$?GetFuncAddressEx@@YAPEAXPEAU_IMAGE_DOS_HEADER@@PEBD@Z 00000001400041f4     ScEntry:GetFuncAddr.obj
