 ScLfm

 Timestamp is 679e8afd (Sat Feb  1 22:58:37 2025)

 Preferred load address is 0000000140000000

 Start         Length     Name                   Class
 0001:00000000 000006ccH .text$mn                CODE
 0001:000006cc 00000c04H .text$mn$cpp            CODE
 0001:000012d0 00000048H .text$mn$cpp$s          CODE
 0001:00001318 00000008H .text$nm                CODE
 0001:00001320 00000112H .text$zz                CODE
 0002:00000000 000000b4H .rdata                  DATA
 0002:000000b4 00000068H .rdata$zzzdbg           DATA
 0002:0000011c 000000d8H .xdata                  DATA
 0002:000001f4 00000000H .edata                  DATA
 0003:00000000 00000000H .data                   DATA
 0003:00000000 00000008H .bss                    DATA
 0004:00000000 00000084H .pdata                  DATA

  Address         Publics by Value              Rva+Base               Lib:Object

 0000:00000000       __AbsoluteZero             0000000000000000     <absolute>
 0000:00000000       __arm64x_extra_rfe_table   0000000000000000     <absolute>
 0000:00000000       __arm64x_extra_rfe_table_size 0000000000000000     <absolute>
 0000:00000000       __arm64x_native_entrypoint 0000000000000000     <absolute>
 0000:00000000       __arm64x_redirection_metadata 0000000000000000     <absolute>
 0000:00000000       __arm64x_redirection_metadata_count 0000000000000000     <absolute>
 0000:00000000       __dynamic_value_reloc_table 0000000000000000     <absolute>
 0000:00000000       __enclave_config           0000000000000000     <absolute>
 0000:00000000       __guard_check_icall_a64n_fptr 0000000000000000     <absolute>
 0000:00000000       __guard_eh_cont_count      0000000000000000     <absolute>
 0000:00000000       __guard_eh_cont_table      0000000000000000     <absolute>
 0000:00000000       __guard_fids_count         0000000000000000     <absolute>
 0000:00000000       __guard_fids_table         0000000000000000     <absolute>
 0000:00000000       __guard_flags              0000000000000000     <absolute>
 0000:00000000       __guard_iat_count          0000000000000000     <absolute>
 0000:00000000       __guard_iat_table          0000000000000000     <absolute>
 0000:00000000       __guard_longjmp_count      0000000000000000     <absolute>
 0000:00000000       __guard_longjmp_table      0000000000000000     <absolute>
 0000:00000000       __hybrid_auxiliary_delayload_iat 0000000000000000     <absolute>
 0000:00000000       __hybrid_auxiliary_delayload_iat_copy 0000000000000000     <absolute>
 0000:00000000       __hybrid_auxiliary_iat     0000000000000000     <absolute>
 0000:00000000       __hybrid_auxiliary_iat_copy 0000000000000000     <absolute>
 0000:00000000       __hybrid_code_map          0000000000000000     <absolute>
 0000:00000000       __hybrid_code_map_count    0000000000000000     <absolute>
 0000:00000000       __hybrid_image_info_bitfield 0000000000000000     <absolute>
 0000:00000000       __volatile_metadata        0000000000000000     <absolute>
 0000:00000000       __x64_code_ranges_to_entry_points 0000000000000000     <absolute>
 0000:00000000       __x64_code_ranges_to_entry_points_count 0000000000000000     <absolute>
 0000:00000000       __ImageBase                0000000140000000     <linker-defined>
 0001:00000000       ?epASM@@YAXXZ              0000000140001000 f   x64.obj
 0001:00000005       __chkstk                   0000000140001005 f   x64.obj
 0001:000000a5       ?retFromMapViewOfSectionAddr@@YAPEAXXZ 00000001400010a5 f   x64.obj
 0001:000000b4       ZwMapViewOfSection         00000001400010b4 f   x64.obj
 0001:000000e3       ZwUnmapViewOfSection       00000001400010e3 f   x64.obj
 0001:00000115       RtlDosPathNameToNtPathName_U_WithStatus 0000000140001115 f   x64.obj
 0001:00000158       NtOpenFile                 0000000140001158 f   x64.obj
 0001:00000183       RtlFreeUnicodeString       0000000140001183 f   x64.obj
 0001:000001b5       RtlGetCurrentPeb           00000001400011b5 f   x64.obj
 0001:000001e1       RtlAllocateHeap            00000001400011e1 f   x64.obj
 0001:00000210       RtlInitUnicodeString       0000000140001210 f   x64.obj
 0001:00000245       NtQueryDirectoryFile       0000000140001245 f   x64.obj
 0001:00000275       LdrGetDllHandle            0000000140001275 f   x64.obj
 0001:000002a0       NtCreateSection            00000001400012a0 f   x64.obj
 0001:000002d0       NtClose                    00000001400012d0 f   x64.obj
 0001:000002f8       RtlAppendUnicodeStringToString 00000001400012f8 f   x64.obj
 0001:00000337       RtlFreeHeap                0000000140001337 f   x64.obj
 0001:0000035c       RtlPushFrame               000000014000135c f   x64.obj
 0001:00000385       RtlPopFrame                0000000140001385 f   x64.obj
 0001:000003ac       RtlGetFrame                00000001400013ac f   x64.obj
 0001:000003d4       ZwProtectVirtualMemory     00000001400013d4 f   x64.obj
 0001:00000407       RtlEqualUnicodeString      0000000140001407 f   x64.obj
 0001:00000436       RtlSetProtectedPolicy      0000000140001436 f   x64.obj
 0001:00000466       RtlAddVectoredExceptionHandler 0000000140001466 f   x64.obj
 0001:0000049f       ZwSetContextThread         000000014000149f f   x64.obj
 0001:000004cb       LdrLoadDll                 00000001400014cb f   x64.obj
 0001:000004f3       LdrUnloadDll               00000001400014f3 f   x64.obj
 0001:0000051d       RtlRemoveVectoredExceptionHandler 000000014000151d f   x64.obj
 0001:0000055a       LdrAddRefDll               000000014000155a f   x64.obj
 0001:00000585       RtlImageNtHeaderEx         0000000140001585 f   x64.obj
 0001:000005b3       LdrEnumerateLoadedModules  00000001400015b3 f   x64.obj
 0001:000005ea       RtlAppendUnicodeToString   00000001400015ea f   x64.obj
 0001:00000621       memset                     0000000140001621 f   x64.obj
 0001:00000647       LdrGetProcedureAddress     0000000140001647 f   x64.obj
 0001:00000677       memcpy                     0000000140001677 f   x64.obj
 0001:00000697       strcmp                     0000000140001697 f   x64.obj
 0001:000006cc       ?IsImageOk@@YAEKPEAX@Z     00000001400016cc f   ep.obj
 0001:00000814       ?FindNoCfgDll@@YAJKPEAU_UNICODE_STRING@@@Z 0000000140001814 f   ep.obj
 0001:00000a44       ?OverwriteSection@@YAJPEAX0PEAU_IMAGE_NT_HEADERS64@@@Z 0000000140001a44 f   ep.obj
 0001:00000bfc       ?retFromMapViewOfSection@@YAJJ@Z 0000000140001bfc f   ep.obj
 0001:00000cc0       ?MyVexHandler@@YAJPEAU_EXCEPTION_POINTERS@@@Z 0000000140001cc0 f   ep.obj
 0001:00000da4       ?LoadLibraryFromMem@@YAJPEAPEAXPEAXPEAU_IMAGE_NT_HEADERS64@@PEBU_UNICODE_STRING@@@Z 0000000140001da4 f   ep.obj
 0001:00000f80       ?CheckModule@@YAXPEAU_LDR_DATA_TABLE_ENTRY@@PEAUDSC@@PEAE@Z 0000000140001f80 f   ep.obj
 0001:00000fcc       ?LoadLibraryFromMem@@YAJPEAX_KPEAPEAX@Z 0000000140001fcc f   ep.obj
 0001:000010f8       ?get_hmod@@YAPEAXPEB_W@Z   00000001400020f8 f   ScEntry:GetFuncAddr.obj
 0001:00001154       ?GetFuncAddressEx@@YAPEAXPEAU_IMAGE_DOS_HEADER@@PEBD@Z 0000000140002154 f   ScEntry:GetFuncAddr.obj
 0001:000012d0       ??_C@_1M@HNNPBALB@?$AA?$CK?$AA?4?$AAd?$AAl?$AAl@FNODOBFM@ 00000001400022d0     ep.obj
 0001:000012e0       ??_C@_0BD@PPCCBCGB@ZwMapViewOfSection@FNODOBFM@ 00000001400022e0     ep.obj
 0001:00001300       ??_C@_1BG@NCCDOFIB@?$AA?2?$AAs?$AAy?$AAs?$AAt?$AAe?$AAm?$AA3?$AA2?$AA?2@FNODOBFM@ 0000000140002300     ep.obj
 0001:00001318       ?sc_end@@YAPEAXXZ          0000000140002318 f   ScEntry:prepare.obj
 0001:00001320       ?ScEntry@@YAXPEAU_PEB@@@Z  0000000140002320 f   ScEntry:prepare.obj
 0002:00000000       ??_C@_0BF@EKFKPNAI@RtlInitUnicodeString@ 0000000140003000     ScEntry:prepare.obj
 0002:00000018       ??_C@_1BI@NEOFKCPM@?$AAp?$AAr?$AAe?$AAp?$AAa?$AAr?$AAe?$AA?4?$AAd?$AAl?$AAl@ 0000000140003018     ScEntry:prepare.obj
 0002:00000030       ??_C@_0L@HOFGLFDL@LdrLoadDll@ 0000000140003030     ScEntry:prepare.obj
 0002:00000040       ??_C@_0BH@GKPJJDBO@LdrGetProcedureAddress@ 0000000140003040     ScEntry:prepare.obj
 0002:00000058       ??_C@_0N@FIGJGHFN@LdrUnloadDll@ 0000000140003058     ScEntry:prepare.obj
 0002:00000068       ??_C@_0BD@JDDPIELM@RtlExitUserProcess@ 0000000140003068     ScEntry:prepare.obj
 0003:00000000       __@@_PchSym_@00@UfhvihUsziibUwlxfnvmghUtrgsfyUhxUgnkUcGEUivovzhvUhxounUhgwzucOlyq@4B2008FD98C1DD4 0000000140004000     stdafx.obj
 0003:00000004       __@@_PchSym_@00@UfhvihUsziibUwlxfnvmghUtrgsfyUhxUgnkUcGEUivovzhvUhxvmgibUhgwzucOlyq@4B2008FD98C1DD4 0000000140004004     ScEntry:stdafx.obj

 entry point at        0001:00001320

 Static symbols

 0001:00000052       common_imp_call            0000000140001052 f   x64.obj
 0001:000006b7       ntdllp                     00000001400016b7 f   x64.obj
 0002:0000011c       $unwind$?IsImageOk@@YAEKPEAX@Z 000000014000311c     ep.obj
 0002:00000128       $unwind$?FindNoCfgDll@@YAJKPEAU_UNICODE_STRING@@@Z 0000000140003128     ep.obj
 0002:00000144       $unwind$?OverwriteSection@@YAJPEAX0PEAU_IMAGE_NT_HEADERS64@@@Z 0000000140003144     ep.obj
 0002:0000015c       $unwind$?retFromMapViewOfSection@@YAJJ@Z 000000014000315c     ep.obj
 0002:00000174       $unwind$?MyVexHandler@@YAJPEAU_EXCEPTION_POINTERS@@@Z 0000000140003174     ep.obj
 0002:00000180       $unwind$?LoadLibraryFromMem@@YAJPEAPEAXPEAXPEAU_IMAGE_NT_HEADERS64@@PEBU_UNICODE_STRING@@@Z 0000000140003180     ep.obj
 0002:000001a0       $unwind$?CheckModule@@YAXPEAU_LDR_DATA_TABLE_ENTRY@@PEAUDSC@@PEAE@Z 00000001400031a0     ep.obj
 0002:000001b0       $unwind$?LoadLibraryFromMem@@YAJPEAX_KPEAPEAX@Z 00000001400031b0     ep.obj
 0002:000001c4       $unwind$?ScEntry@@YAXPEAU_PEB@@@Z 00000001400031c4     ScEntry:prepare.obj
 0002:000001d4       $unwind$?get_hmod@@YAPEAXPEB_W@Z 00000001400031d4     ScEntry:GetFuncAddr.obj
 0002:000001dc       $unwind$?GetFuncAddressEx@@YAPEAXPEAU_IMAGE_DOS_HEADER@@PEBD@Z 00000001400031dc     ScEntry:GetFuncAddr.obj
