 ScLfm+ACG

 Timestamp is 679ea2c7 (Sun Feb  2 00:40:07 2025)

 Preferred load address is 0000000140000000

 Start         Length     Name                   Class
 0001:00000000 0000078cH .text$mn                CODE
 0001:0000078c 00000e84H .text$mn$cpp            CODE
 0001:00001610 00000048H .text$mn$cpp$s          CODE
 0001:00001658 00000008H .text$nm                CODE
 0001:00001660 00000112H .text$zz                CODE
 0002:00000000 000000b4H .rdata                  DATA
 0002:000000b4 0000006cH .rdata$zzzdbg           DATA
 0002:00000120 000000ecH .xdata                  DATA
 0002:0000020c 00000000H .edata                  DATA
 0003:00000000 00000000H .data                   DATA
 0003:00000000 00000008H .bss                    DATA
 0004:00000000 00000090H .pdata                  DATA

  Address         Publics by Value              Rva+Base               Lib:Object

 0000:00000000       __AbsoluteZero             0000000000000000     <absolute>
 0000:00000000       __arm64x_extra_rfe_table   0000000000000000     <absolute>
 0000:00000000       __arm64x_extra_rfe_table_size 0000000000000000     <absolute>
 0000:00000000       __arm64x_native_entrypoint 0000000000000000     <absolute>
 0000:00000000       __arm64x_redirection_metadata 0000000000000000     <absolute>
 0000:00000000       __arm64x_redirection_metadata_count 0000000000000000     <absolute>
 0000:00000000       __dynamic_value_reloc_table 0000000000000000     <absolute>
 0000:00000000       __enclave_config           0000000000000000     <absolute>
 0000:00000000       __guard_check_icall_a64n_fptr 0000000000000000     <absolute>
 0000:00000000       __guard_eh_cont_count      0000000000000000     <absolute>
 0000:00000000       __guard_eh_cont_table      0000000000000000     <absolute>
 0000:00000000       __guard_fids_count         0000000000000000     <absolute>
 0000:00000000       __guard_fids_table         0000000000000000     <absolute>
 0000:00000000       __guard_flags              0000000000000000     <absolute>
 0000:00000000       __guard_iat_count          0000000000000000     <absolute>
 0000:00000000       __guard_iat_table          0000000000000000     <absolute>
 0000:00000000       __guard_longjmp_count      0000000000000000     <absolute>
 0000:00000000       __guard_longjmp_table      0000000000000000     <absolute>
 0000:00000000       __hybrid_auxiliary_delayload_iat 0000000000000000     <absolute>
 0000:00000000       __hybrid_auxiliary_delayload_iat_copy 0000000000000000     <absolute>
 0000:00000000       __hybrid_auxiliary_iat     0000000000000000     <absolute>
 0000:00000000       __hybrid_auxiliary_iat_copy 0000000000000000     <absolute>
 0000:00000000       __hybrid_code_map          0000000000000000     <absolute>
 0000:00000000       __hybrid_code_map_count    0000000000000000     <absolute>
 0000:00000000       __hybrid_image_info_bitfield 0000000000000000     <absolute>
 0000:00000000       __volatile_metadata        0000000000000000     <absolute>
 0000:00000000       __x64_code_ranges_to_entry_points 0000000000000000     <absolute>
 0000:00000000       __x64_code_ranges_to_entry_points_count 0000000000000000     <absolute>
 0000:00000000       __ImageBase                0000000140000000     <linker-defined>
 0001:00000000       ?epASM@@YAXXZ              0000000140001000 f   x64.obj
 0001:00000005       __chkstk                   0000000140001005 f   x64.obj
 0001:000000a5       ?retFromMapViewOfSectionAddr@@YAPEAXXZ 00000001400010a5 f   x64.obj
 0001:000000b4       ZwProtectVirtualMemory     00000001400010b4 f   x64.obj
 0001:000000e7       NtWriteFile                00000001400010e7 f   x64.obj
 0001:0000010c       NtReadFile                 000000014000110c f   x64.obj
 0001:00000133       ZwMapViewOfSection         0000000140001133 f   x64.obj
 0001:00000163       ZwUnmapViewOfSection       0000000140001163 f   x64.obj
 0001:00000195       RtlDosPathNameToNtPathName_U_WithStatus 0000000140001195 f   x64.obj
 0001:000001d8       NtOpenFile                 00000001400011d8 f   x64.obj
 0001:00000203       RtlFreeUnicodeString       0000000140001203 f   x64.obj
 0001:00000235       RtlGetCurrentPeb           0000000140001235 f   x64.obj
 0001:00000261       RtlAllocateHeap            0000000140001261 f   x64.obj
 0001:00000290       RtlInitUnicodeString       0000000140001290 f   x64.obj
 0001:000002c5       NtQueryDirectoryFile       00000001400012c5 f   x64.obj
 0001:000002f5       LdrGetDllHandle            00000001400012f5 f   x64.obj
 0001:00000320       NtCreateSection            0000000140001320 f   x64.obj
 0001:00000350       NtClose                    0000000140001350 f   x64.obj
 0001:00000378       RtlAppendUnicodeStringToString 0000000140001378 f   x64.obj
 0001:000003b7       RtlFreeHeap                00000001400013b7 f   x64.obj
 0001:000003dc       RtlPushFrame               00000001400013dc f   x64.obj
 0001:00000405       RtlPopFrame                0000000140001405 f   x64.obj
 0001:0000042c       RtlGetFrame                000000014000142c f   x64.obj
 0001:00000454       RtlImageDirectoryEntryToData 0000000140001454 f   x64.obj
 0001:0000048d       LdrProcessRelocationBlock  000000014000148d f   x64.obj
 0001:000004c2       RtlEqualUnicodeString      00000001400014c2 f   x64.obj
 0001:000004f6       RtlSetProtectedPolicy      00000001400014f6 f   x64.obj
 0001:00000526       RtlAddVectoredExceptionHandler 0000000140001526 f   x64.obj
 0001:0000055f       ZwSetContextThread         000000014000155f f   x64.obj
 0001:0000058b       LdrLoadDll                 000000014000158b f   x64.obj
 0001:000005b3       LdrUnloadDll               00000001400015b3 f   x64.obj
 0001:000005dd       RtlRemoveVectoredExceptionHandler 00000001400015dd f   x64.obj
 0001:0000061a       LdrAddRefDll               000000014000161a f   x64.obj
 0001:00000645       RtlImageNtHeaderEx         0000000140001645 f   x64.obj
 0001:00000673       LdrEnumerateLoadedModules  0000000140001673 f   x64.obj
 0001:000006aa       RtlAppendUnicodeToString   00000001400016aa f   x64.obj
 0001:000006e1       memset                     00000001400016e1 f   x64.obj
 0001:00000707       LdrGetProcedureAddress     0000000140001707 f   x64.obj
 0001:00000737       memcpy                     0000000140001737 f   x64.obj
 0001:00000757       strcmp                     0000000140001757 f   x64.obj
 0001:0000078c       ?ProtectEx@@YAJPEAX_KK0PEAH@Z 000000014000178c f   ep.obj
 0001:000008a0       ?IsImageOk@@YAEKPEAX@Z     00000001400018a0 f   ep.obj
 0001:000009e8       ?FindNoCfgDll@@YAJKPEAU_UNICODE_STRING@@@Z 00000001400019e8 f   ep.obj
 0001:00000c18       ?OverwriteSection@@YAJPEAX0PEAU_IMAGE_NT_HEADERS64@@0@Z 0000000140001c18 f   ep.obj
 0001:00000eb4       ?retFromMapViewOfSection@@YAJJ@Z 0000000140001eb4 f   ep.obj
 0001:00000f80       ?MyVexHandler@@YAJPEAU_EXCEPTION_POINTERS@@@Z 0000000140001f80 f   ep.obj
 0001:00001064       ?LoadLibraryFromMem@@YAJPEAPEAXPEAX1PEAU_IMAGE_NT_HEADERS64@@PEBU_UNICODE_STRING@@@Z 0000000140002064 f   ep.obj
 0001:0000124c       ?CheckModule@@YAXPEAU_LDR_DATA_TABLE_ENTRY@@PEAUDSC@@PEAE@Z 000000014000224c f   ep.obj
 0001:00001298       ?LoadLibraryFromMem@@YAJPEAX_K0@Z 0000000140002298 f   ep.obj
 0001:00001438       ?get_hmod@@YAPEAXPEB_W@Z   0000000140002438 f   ScEntry:GetFuncAddr.obj
 0001:00001494       ?GetFuncAddressEx@@YAPEAXPEAU_IMAGE_DOS_HEADER@@PEBD@Z 0000000140002494 f   ScEntry:GetFuncAddr.obj
 0001:00001610       ??_C@_1M@HNNPBALB@?$AA?$CK?$AA?4?$AAd?$AAl?$AAl@FNODOBFM@ 0000000140002610     ep.obj
 0001:00001620       ??_C@_0BD@PPCCBCGB@ZwMapViewOfSection@FNODOBFM@ 0000000140002620     ep.obj
 0001:00001640       ??_C@_1BG@NCCDOFIB@?$AA?2?$AAs?$AAy?$AAs?$AAt?$AAe?$AAm?$AA3?$AA2?$AA?2@FNODOBFM@ 0000000140002640     ep.obj
 0001:00001658       ?sc_end@@YAPEAXXZ          0000000140002658 f   ScEntry:prepare.obj
 0001:00001660       ?ScEntry@@YAXPEAU_PEB@@@Z  0000000140002660 f   ScEntry:prepare.obj
 0002:00000000       ??_C@_0BF@EKFKPNAI@RtlInitUnicodeString@ 0000000140003000     ScEntry:prepare.obj
 0002:00000018       ??_C@_1BI@NEOFKCPM@?$AAp?$AAr?$AAe?$AAp?$AAa?$AAr?$AAe?$AA?4?$AAd?$AAl?$AAl@ 0000000140003018     ScEntry:prepare.obj
 0002:00000030       ??_C@_0L@HOFGLFDL@LdrLoadDll@ 0000000140003030     ScEntry:prepare.obj
 0002:00000040       ??_C@_0BH@GKPJJDBO@LdrGetProcedureAddress@ 0000000140003040     ScEntry:prepare.obj
 0002:00000058       ??_C@_0N@FIGJGHFN@LdrUnloadDll@ 0000000140003058     ScEntry:prepare.obj
 0002:00000068       ??_C@_0BD@JDDPIELM@RtlExitUserProcess@ 0000000140003068     ScEntry:prepare.obj
 0003:00000000       __@@_PchSym_@00@UfhvihUsziibUwlxfnvmghUtrgsfyUhxUgnkUcGEUivovzhvUhxounQzxtUhgwzucOlyq@4B2008FD98C1DD4 0000000140004000     stdafx.obj
 0003:00000004       __@@_PchSym_@00@UfhvihUsziibUwlxfnvmghUtrgsfyUhxUgnkUcGEUivovzhvUhxvmgibUhgwzucOlyq@4B2008FD98C1DD4 0000000140004004     ScEntry:stdafx.obj

 entry point at        0001:00001660

 Static symbols

 0001:00000052       common_imp_call            0000000140001052 f   x64.obj
 0001:00000777       ntdllp                     0000000140001777 f   x64.obj
 0002:00000120       $unwind$?ProtectEx@@YAJPEAX_KK0PEAH@Z 0000000140003120     ep.obj
 0002:00000130       $unwind$?IsImageOk@@YAEKPEAX@Z 0000000140003130     ep.obj
 0002:0000013c       $unwind$?FindNoCfgDll@@YAJKPEAU_UNICODE_STRING@@@Z 000000014000313c     ep.obj
 0002:00000158       $unwind$?OverwriteSection@@YAJPEAX0PEAU_IMAGE_NT_HEADERS64@@0@Z 0000000140003158     ep.obj
 0002:00000170       $unwind$?retFromMapViewOfSection@@YAJJ@Z 0000000140003170     ep.obj
 0002:00000188       $unwind$?MyVexHandler@@YAJPEAU_EXCEPTION_POINTERS@@@Z 0000000140003188     ep.obj
 0002:00000194       $unwind$?LoadLibraryFromMem@@YAJPEAPEAXPEAX1PEAU_IMAGE_NT_HEADERS64@@PEBU_UNICODE_STRING@@@Z 0000000140003194     ep.obj
 0002:000001b4       $unwind$?CheckModule@@YAXPEAU_LDR_DATA_TABLE_ENTRY@@PEAUDSC@@PEAE@Z 00000001400031b4     ep.obj
 0002:000001c4       $unwind$?LoadLibraryFromMem@@YAJPEAX_K0@Z 00000001400031c4     ep.obj
 0002:000001dc       $unwind$?ScEntry@@YAXPEAU_PEB@@@Z 00000001400031dc     ScEntry:prepare.obj
 0002:000001ec       $unwind$?get_hmod@@YAPEAXPEB_W@Z 00000001400031ec     ScEntry:GetFuncAddr.obj
 0002:000001f4       $unwind$?GetFuncAddressEx@@YAPEAXPEAU_IMAGE_DOS_HEADER@@PEBD@Z 00000001400031f4     ScEntry:GetFuncAddr.obj
