 ScLfm+ACG

 Timestamp is 67a0c1e2 (Mon Feb  3 15:17:22 2025)

 Preferred load address is 0000000140000000

 Start         Length     Name                   Class
 0001:00000000 00000784H .text$mn                CODE
 0001:00000784 00000e74H .text$mn$cpp            CODE
 0001:000015f8 00000018H .text$mn$cpp$r          CODE
 0001:00001610 00000048H .text$mn$cpp$s          CODE
 0001:00001658 00000008H .text$nm                CODE
 0001:00001660 00000112H .text$zz                CODE
 0002:00000000 000000b4H .rdata                  DATA
 0002:000000b4 0000006cH .rdata$zzzdbg           DATA
 0002:00000120 000000ecH .xdata                  DATA
 0002:0000020c 00000000H .edata                  DATA
 0003:00000000 00000000H .data                   DATA
 0003:00000000 00000008H .bss                    DATA
 0004:00000000 00000090H .pdata                  DATA

  Address         Publics by Value              Rva+Base               Lib:Object

 0000:00000000       __AbsoluteZero             0000000000000000     <absolute>
 0000:00000000       __arm64x_extra_rfe_table   0000000000000000     <absolute>
 0000:00000000       __arm64x_extra_rfe_table_size 0000000000000000     <absolute>
 0000:00000000       __arm64x_native_entrypoint 0000000000000000     <absolute>
 0000:00000000       __arm64x_redirection_metadata 0000000000000000     <absolute>
 0000:00000000       __arm64x_redirection_metadata_count 0000000000000000     <absolute>
 0000:00000000       __dynamic_value_reloc_table 0000000000000000     <absolute>
 0000:00000000       __enclave_config           0000000000000000     <absolute>
 0000:00000000       __guard_check_icall_a64n_fptr 0000000000000000     <absolute>
 0000:00000000       __guard_eh_cont_count      0000000000000000     <absolute>
 0000:00000000       __guard_eh_cont_table      0000000000000000     <absolute>
 0000:00000000       __guard_fids_count         0000000000000000     <absolute>
 0000:00000000       __guard_fids_table         0000000000000000     <absolute>
 0000:00000000       __guard_flags              0000000000000000     <absolute>
 0000:00000000       __guard_iat_count          0000000000000000     <absolute>
 0000:00000000       __guard_iat_table          0000000000000000     <absolute>
 0000:00000000       __guard_longjmp_count      0000000000000000     <absolute>
 0000:00000000       __guard_longjmp_table      0000000000000000     <absolute>
 0000:00000000       __hybrid_auxiliary_delayload_iat 0000000000000000     <absolute>
 0000:00000000       __hybrid_auxiliary_delayload_iat_copy 0000000000000000     <absolute>
 0000:00000000       __hybrid_auxiliary_iat     0000000000000000     <absolute>
 0000:00000000       __hybrid_auxiliary_iat_copy 0000000000000000     <absolute>
 0000:00000000       __hybrid_code_map          0000000000000000     <absolute>
 0000:00000000       __hybrid_code_map_count    0000000000000000     <absolute>
 0000:00000000       __hybrid_image_info_bitfield 0000000000000000     <absolute>
 0000:00000000       __volatile_metadata        0000000000000000     <absolute>
 0000:00000000       __x64_code_ranges_to_entry_points 0000000000000000     <absolute>
 0000:00000000       __x64_code_ranges_to_entry_points_count 0000000000000000     <absolute>
 0000:00000000       __ImageBase                0000000140000000     <linker-defined>
 0001:00000000       ?epASM@@YAXXZ              0000000140001000 f   x64.obj
 0001:00000005       __chkstk                   0000000140001005 f   x64.obj
 0001:000000a5       ?aretFromMapViewOfSection@@YAJXZ 00000001400010a5 f   x64.obj
 0001:000000ac       ZwProtectVirtualMemory     00000001400010ac f   x64.obj
 0001:000000df       NtWriteFile                00000001400010df f   x64.obj
 0001:00000104       NtReadFile                 0000000140001104 f   x64.obj
 0001:0000012b       ZwMapViewOfSection         000000014000112b f   x64.obj
 0001:0000015b       ZwUnmapViewOfSection       000000014000115b f   x64.obj
 0001:0000018d       RtlDosPathNameToNtPathName_U_WithStatus 000000014000118d f   x64.obj
 0001:000001d0       NtOpenFile                 00000001400011d0 f   x64.obj
 0001:000001fb       RtlFreeUnicodeString       00000001400011fb f   x64.obj
 0001:0000022d       RtlGetCurrentPeb           000000014000122d f   x64.obj
 0001:00000259       RtlAllocateHeap            0000000140001259 f   x64.obj
 0001:00000288       RtlInitUnicodeString       0000000140001288 f   x64.obj
 0001:000002bd       NtQueryDirectoryFile       00000001400012bd f   x64.obj
 0001:000002ed       LdrGetDllHandle            00000001400012ed f   x64.obj
 0001:00000318       NtCreateSection            0000000140001318 f   x64.obj
 0001:00000348       NtClose                    0000000140001348 f   x64.obj
 0001:00000370       RtlAppendUnicodeStringToString 0000000140001370 f   x64.obj
 0001:000003af       RtlFreeHeap                00000001400013af f   x64.obj
 0001:000003d4       RtlPushFrame               00000001400013d4 f   x64.obj
 0001:000003fd       RtlPopFrame                00000001400013fd f   x64.obj
 0001:00000424       RtlGetFrame                0000000140001424 f   x64.obj
 0001:0000044c       RtlImageDirectoryEntryToData 000000014000144c f   x64.obj
 0001:00000485       LdrProcessRelocationBlock  0000000140001485 f   x64.obj
 0001:000004ba       RtlEqualUnicodeString      00000001400014ba f   x64.obj
 0001:000004ee       RtlSetProtectedPolicy      00000001400014ee f   x64.obj
 0001:0000051e       RtlAddVectoredExceptionHandler 000000014000151e f   x64.obj
 0001:00000557       ZwSetContextThread         0000000140001557 f   x64.obj
 0001:00000583       LdrLoadDll                 0000000140001583 f   x64.obj
 0001:000005ab       LdrUnloadDll               00000001400015ab f   x64.obj
 0001:000005d5       RtlRemoveVectoredExceptionHandler 00000001400015d5 f   x64.obj
 0001:00000612       LdrAddRefDll               0000000140001612 f   x64.obj
 0001:0000063d       RtlImageNtHeaderEx         000000014000163d f   x64.obj
 0001:0000066b       LdrEnumerateLoadedModules  000000014000166b f   x64.obj
 0001:000006a2       RtlAppendUnicodeToString   00000001400016a2 f   x64.obj
 0001:000006d9       memset                     00000001400016d9 f   x64.obj
 0001:000006ff       LdrGetProcedureAddress     00000001400016ff f   x64.obj
 0001:0000072f       memcpy                     000000014000172f f   x64.obj
 0001:0000074f       strcmp                     000000014000174f f   x64.obj
 0001:00000784       ?ProtectEx@@YAJPEAX_KK0PEAH@Z 0000000140001784 f   ep.obj
 0001:00000898       ?IsImageOk@@YAEKPEAX@Z     0000000140001898 f   ep.obj
 0001:000009e0       ?FindNoCfgDll@@YAJKPEAU_UNICODE_STRING@@@Z 00000001400019e0 f   ep.obj
 0001:00000c10       ?OverwriteSection@@YAJPEAX0PEAU_IMAGE_NT_HEADERS64@@0@Z 0000000140001c10 f   ep.obj
 0001:00000eac       ?retFromMapViewOfSection@@YAJJ@Z 0000000140001eac f   ep.obj
 0001:00000f78       ?MyVexHandler@@YAJPEAU_EXCEPTION_POINTERS@@@Z 0000000140001f78 f   ep.obj
 0001:00001060       ?LoadLibraryFromMem@@YAJPEAPEAXPEAX1PEAU_IMAGE_NT_HEADERS64@@PEBU_UNICODE_STRING@@@Z 0000000140002060 f   ep.obj
 0001:00001230       ?CheckModule@@YAXPEAU_LDR_DATA_TABLE_ENTRY@@PEAUDSC@@PEAE@Z 0000000140002230 f   ep.obj
 0001:0000127c       ?LoadLibraryFromMem@@YAJPEAX_K0@Z 000000014000227c f   ep.obj
 0001:0000141c       ?get_hmod@@YAPEAXPEB_W@Z   000000014000241c f   ScEntry:GetFuncAddr.obj
 0001:00001478       ?GetFuncAddressEx@@YAPEAXPEAU_IMAGE_DOS_HEADER@@PEBD@Z 0000000140002478 f   ScEntry:GetFuncAddr.obj
 0001:000015f8       _GUID_1fc98bca_1ba9_4397_93f9_349ead41e057 00000001400025f8     ep.obj
 0001:00001610       ??_C@_1M@HNNPBALB@?$AA?$CK?$AA?4?$AAd?$AAl?$AAl@FNODOBFM@ 0000000140002610     ep.obj
 0001:00001620       ??_C@_0BD@PPCCBCGB@ZwMapViewOfSection@FNODOBFM@ 0000000140002620     ep.obj
 0001:00001640       ??_C@_1BG@NCCDOFIB@?$AA?2?$AAs?$AAy?$AAs?$AAt?$AAe?$AAm?$AA3?$AA2?$AA?2@FNODOBFM@ 0000000140002640     ep.obj
 0001:00001658       ?sc_end@@YAPEAXXZ          0000000140002658 f   ScEntry:prepare.obj
 0001:00001660       ?ScEntry@@YAXPEAU_PEB@@@Z  0000000140002660 f   ScEntry:prepare.obj
 0002:00000000       ??_C@_0BF@EKFKPNAI@RtlInitUnicodeString@ 0000000140003000     ScEntry:prepare.obj
 0002:00000018       ??_C@_1BI@NEOFKCPM@?$AAp?$AAr?$AAe?$AAp?$AAa?$AAr?$AAe?$AA?4?$AAd?$AAl?$AAl@ 0000000140003018     ScEntry:prepare.obj
 0002:00000030       ??_C@_0L@HOFGLFDL@LdrLoadDll@ 0000000140003030     ScEntry:prepare.obj
 0002:00000040       ??_C@_0BH@GKPJJDBO@LdrGetProcedureAddress@ 0000000140003040     ScEntry:prepare.obj
 0002:00000058       ??_C@_0N@FIGJGHFN@LdrUnloadDll@ 0000000140003058     ScEntry:prepare.obj
 0002:00000068       ??_C@_0BD@JDDPIELM@RtlExitUserProcess@ 0000000140003068     ScEntry:prepare.obj
 0003:00000000       __@@_PchSym_@00@UfhvihUsziibUwlxfnvmghUtrgsfyUhxUgnkUcGEUivovzhvUhxounQzxtUhgwzucOlyq@4B2008FD98C1DD4 0000000140004000     stdafx.obj
 0003:00000004       __@@_PchSym_@00@UfhvihUsziibUwlxfnvmghUtrgsfyUhxUgnkUcGEUivovzhvUhxvmgibUhgwzucOlyq@4B2008FD98C1DD4 0000000140004004     ScEntry:stdafx.obj

 entry point at        0001:00001660

 Static symbols

 0001:00000052       common_imp_call            0000000140001052 f   x64.obj
 0001:0000076f       ntdllp                     000000014000176f f   x64.obj
 0002:00000120       $unwind$?ProtectEx@@YAJPEAX_KK0PEAH@Z 0000000140003120     ep.obj
 0002:00000130       $unwind$?IsImageOk@@YAEKPEAX@Z 0000000140003130     ep.obj
 0002:0000013c       $unwind$?FindNoCfgDll@@YAJKPEAU_UNICODE_STRING@@@Z 000000014000313c     ep.obj
 0002:00000158       $unwind$?OverwriteSection@@YAJPEAX0PEAU_IMAGE_NT_HEADERS64@@0@Z 0000000140003158     ep.obj
 0002:00000170       $unwind$?retFromMapViewOfSection@@YAJJ@Z 0000000140003170     ep.obj
 0002:00000188       $unwind$?MyVexHandler@@YAJPEAU_EXCEPTION_POINTERS@@@Z 0000000140003188     ep.obj
 0002:00000194       $unwind$?LoadLibraryFromMem@@YAJPEAPEAXPEAX1PEAU_IMAGE_NT_HEADERS64@@PEBU_UNICODE_STRING@@@Z 0000000140003194     ep.obj
 0002:000001b4       $unwind$?CheckModule@@YAXPEAU_LDR_DATA_TABLE_ENTRY@@PEAUDSC@@PEAE@Z 00000001400031b4     ep.obj
 0002:000001c4       $unwind$?LoadLibraryFromMem@@YAJPEAX_K0@Z 00000001400031c4     ep.obj
 0002:000001dc       $unwind$?ScEntry@@YAXPEAU_PEB@@@Z 00000001400031dc     ScEntry:prepare.obj
 0002:000001ec       $unwind$?get_hmod@@YAPEAXPEB_W@Z 00000001400031ec     ScEntry:GetFuncAddr.obj
 0002:000001f4       $unwind$?GetFuncAddressEx@@YAPEAXPEAU_IMAGE_DOS_HEADER@@PEBD@Z 00000001400031f4     ScEntry:GetFuncAddr.obj
