 SCx64

 Timestamp is 66b4f7ef (Thu Aug  8 19:53:03 2024)

 Preferred load address is 0000000140000000

 Start         Length     Name                   Class
 0001:00000000 000007dcH .text$mn                CODE
 0001:000007dc 00000dd4H .text$mn$cpp            CODE
 0001:000015b0 0000014cH .text$mn$cpp$s          CODE
 0001:000016fc 00000008H .text$nm                CODE
 0001:00001704 0000011cH .text$zz                CODE
 0001:00001820 00000093H .text$zz$s              CODE
 0002:00000000 000000b0H .xdata                  DATA
 0002:000000b0 00000000H .edata                  DATA
 0003:00000000 00000000H .data                   DATA
 0003:00000000 00000004H .bss                    DATA
 0004:00000000 00000078H .pdata                  DATA

  Address         Publics by Value              Rva+Base               Lib:Object

 0000:00000000       __AbsoluteZero             0000000000000000     <absolute>
 0000:00000000       __arm64x_extra_rfe_table   0000000000000000     <absolute>
 0000:00000000       __arm64x_extra_rfe_table_size 0000000000000000     <absolute>
 0000:00000000       __arm64x_native_entrypoint 0000000000000000     <absolute>
 0000:00000000       __arm64x_redirection_metadata 0000000000000000     <absolute>
 0000:00000000       __arm64x_redirection_metadata_count 0000000000000000     <absolute>
 0000:00000000       __dynamic_value_reloc_table 0000000000000000     <absolute>
 0000:00000000       __enclave_config           0000000000000000     <absolute>
 0000:00000000       __guard_check_icall_a64n_fptr 0000000000000000     <absolute>
 0000:00000000       __guard_eh_cont_count      0000000000000000     <absolute>
 0000:00000000       __guard_eh_cont_table      0000000000000000     <absolute>
 0000:00000000       __guard_fids_count         0000000000000000     <absolute>
 0000:00000000       __guard_fids_table         0000000000000000     <absolute>
 0000:00000000       __guard_flags              0000000000000000     <absolute>
 0000:00000000       __guard_iat_count          0000000000000000     <absolute>
 0000:00000000       __guard_iat_table          0000000000000000     <absolute>
 0000:00000000       __guard_longjmp_count      0000000000000000     <absolute>
 0000:00000000       __guard_longjmp_table      0000000000000000     <absolute>
 0000:00000000       __hybrid_auxiliary_delayload_iat 0000000000000000     <absolute>
 0000:00000000       __hybrid_auxiliary_delayload_iat_copy 0000000000000000     <absolute>
 0000:00000000       __hybrid_auxiliary_iat     0000000000000000     <absolute>
 0000:00000000       __hybrid_auxiliary_iat_copy 0000000000000000     <absolute>
 0000:00000000       __hybrid_code_map          0000000000000000     <absolute>
 0000:00000000       __hybrid_code_map_count    0000000000000000     <absolute>
 0000:00000000       __volatile_metadata        0000000000000000     <absolute>
 0000:00000000       __x64_code_ranges_to_entry_points 0000000000000000     <absolute>
 0000:00000000       __x64_code_ranges_to_entry_points_count 0000000000000000     <absolute>
 0001:00000000       ?epASM@@YAXPEAU_PEB@@@Z    0000000140001000 f   x64.obj
 0001:00000058       ExitProcess                0000000140001058 f   x64.obj
 0001:0000007c       GetSystemWindowsDirectoryW 000000014000107c f   x64.obj
 0001:000000b3       CreateProcessW             00000001400010b3 f   x64.obj
 0001:000000df       TerminateProcess           00000001400010df f   x64.obj
 0001:00000109       GetSystemWow64DirectoryW   0000000140001109 f   x64.obj
 0001:00000172       WinHttpOpen                0000000140001172 f   x64.obj
 0001:0000019c       WinHttpSendRequest         000000014000119c f   x64.obj
 0001:000001cb       WinHttpReceiveResponse     00000001400011cb f   x64.obj
 0001:000001ff       WinHttpQueryHeaders        00000001400011ff f   x64.obj
 0001:0000022c       WinHttpReadData            000000014000122c f   x64.obj
 0001:00000258       WinHttpConnect             0000000140001258 f   x64.obj
 0001:00000287       WinHttpOpenRequest         0000000140001287 f   x64.obj
 0001:000002b3       WinHttpCloseHandle         00000001400012b3 f   x64.obj
 0001:00000310       ZwUnmapViewOfSection       0000000140001310 f   x64.obj
 0001:00000345       RtlInitUnicodeString       0000000140001345 f   x64.obj
 0001:00000375       LdrLoadDll                 0000000140001375 f   x64.obj
 0001:0000039b       LdrGetProcedureAddress     000000014000139b f   x64.obj
 0001:000003cf       NtClose                    00000001400013cf f   x64.obj
 0001:000003f0       NtQueryDirectoryFile       00000001400013f0 f   x64.obj
 0001:00000425       NtCreateSection            0000000140001425 f   x64.obj
 0001:00000450       RtlAllocateHeap            0000000140001450 f   x64.obj
 0001:00000480       RtlFreeHeap                0000000140001480 f   x64.obj
 0001:000004ac       memcpy                     00000001400014ac f   x64.obj
 0001:000004cf       ZwResumeThread             00000001400014cf f   x64.obj
 0001:000004f7       ZwWriteVirtualMemory       00000001400014f7 f   x64.obj
 0001:00000525       NtQueryInformationProcess  0000000140001525 f   x64.obj
 0001:0000055a       ZwMapViewOfSection         000000014000155a f   x64.obj
 0001:0000058b       ZwSetContextThread         000000014000158b f   x64.obj
 0001:000005bb       ZwGetContextThread         00000001400015bb f   x64.obj
 0001:000005eb       ZwSetInformationThread     00000001400015eb f   x64.obj
 0001:0000061f       ZwQueryInformationThread   000000014000161f f   x64.obj
 0001:00000651       ZwProtectVirtualMemory     0000000140001651 f   x64.obj
 0001:00000687       LdrProcessRelocationBlock  0000000140001687 f   x64.obj
 0001:000006ba       RtlImageDirectoryEntryToData 00000001400016ba f   x64.obj
 0001:000006f5       RtlImageNtHeader           00000001400016f5 f   x64.obj
 0001:00000721       RtlImageNtHeaderEx         0000000140001721 f   x64.obj
 0001:00000753       NtOpenFile                 0000000140001753 f   x64.obj
 0001:0000077b       wcstoul                    000000014000177b f   x64.obj
 0001:000007a0       memset                     00000001400017a0 f   x64.obj
 0001:000007dc       ?Download@@YAHPEB_W0PEAPEAXPEAK@Z 00000001400017dc f   ep.obj
 0001:000009e8       ?DownloadAndExec@@YAXPEB_W0@Z 00000001400019e8 f   ep.obj
 0001:00000a58       ?ep@@YAXPEAU_PEB@@@Z       0000000140001a58 f   ep.obj
 0001:00000a7c       ?ProtectImage@@YAJPEAX0PEAU_IMAGE_NT_HEADERS64@@@Z 0000000140001a7c f   Exec.obj
 0001:00000b70       ?GetWowContext@@YAJPEAXPEAU_CONTEXT@@@Z 0000000140001b70 f   Exec.obj
 0001:00000b94       ?SetWowContext@@YAJPEAXPEAU_CONTEXT@@@Z 0000000140001b94 f   Exec.obj
 0001:00000ba8       ?Exec@@YAHPEAXPEAU_IMAGE_NT_HEADERS64@@PEB_W@Z 0000000140001ba8 f   Exec.obj
 0001:000010a0       ?get_hmod@@YAPEAXPEB_W@Z   00000001400020a0 f   GetFuncAddr.obj
 0001:000010fc       ?GetFuncAddressEx@@YAPEAXPEAU_IMAGE_DOS_HEADER@@PEBD@Z 00000001400020fc f   GetFuncAddr.obj
 0001:0000124c       ?FindNoCfgDll@@YAJKKKPEAPEAX@Z 000000014000224c f   NoCfg.obj
 0001:000015b0       ??_C@_1EM@FHFNBODF@?$AA?1?$AA?$HO?$AAs?$AAg?$AAt?$AAa?$AAt?$AAh?$AAa?$AAm?$AA?1?$AAp?$AAu?$AAt?$AAt@FNODOBFM@ 00000001400025b0     ep.obj
 0001:00001600       ??_C@_1BK@DEAAAFKK@?$AAt?$AAh?$AAe?$AA?4?$AAe?$AAa?$AAr?$AAt?$AAh?$AA?4?$AAl?$AAi@FNODOBFM@ 0000000140002600     ep.obj
 0001:00001620       ??_C@_1EM@CKOJHMCM@?$AA?1?$AA?$HO?$AAs?$AAg?$AAt?$AAa?$AAt?$AAh?$AAa?$AAm?$AA?1?$AAp?$AAu?$AAt?$AAt@FNODOBFM@ 0000000140002620     ep.obj
 0001:00001670       ??_C@_1BM@ENECIFHC@?$AA?2?$AAe?$AAx?$AAp?$AAl?$AAo?$AAr?$AAe?$AAr?$AA?4?$AAe?$AAx?$AAe@FNODOBFM@ 0000000140002670     Exec.obj
 0001:00001690       ??_C@_1CK@JEHFHMMG@?$AA?2?$AAs?$AAy?$AAs?$AAt?$AAe?$AAm?$AAr?$AAo?$AAo?$AAt?$AA?2?$AAs?$AAy?$AAs@FNODOBFM@ 0000000140002690     NoCfg.obj
 0001:000016c0       ??_C@_1CK@GMBENNHD@?$AA?2?$AAs?$AAy?$AAs?$AAt?$AAe?$AAm?$AAr?$AAo?$AAo?$AAt?$AA?2?$AAs?$AAy?$AAs@FNODOBFM@ 00000001400026c0     NoCfg.obj
 0001:000016f0       ??_C@_1M@HNNPBALB@?$AA?$CK?$AA?4?$AAd?$AAl?$AAl@FNODOBFM@ 00000001400026f0     NoCfg.obj
 0001:000016fc       ?sc_end@@YAPEAXXZ          00000001400026fc f   prepare.obj
 0001:00001704       ?ep2@@YAXPEAU_PEB@@@Z      0000000140002704 f   prepare.obj
 0001:00001820       ??_C@_0BF@EKFKPNAI@RtlInitUnicodeString@FNODOBFM@ 0000000140002820     prepare.obj
 0001:00001840       ??_C@_1BI@NEOFKCPM@?$AAp?$AAr?$AAe?$AAp?$AAa?$AAr?$AAe?$AA?4?$AAd?$AAl?$AAl@FNODOBFM@ 0000000140002840     prepare.obj
 0001:00001860       ??_C@_0L@HOFGLFDL@LdrLoadDll@FNODOBFM@ 0000000140002860     prepare.obj
 0001:00001870       ??_C@_0BH@GKPJJDBO@LdrGetProcedureAddress@FNODOBFM@ 0000000140002870     prepare.obj
 0001:00001890       ??_C@_0N@FIGJGHFN@LdrUnloadDll@FNODOBFM@ 0000000140002890     prepare.obj
 0001:000018a0       ??_C@_0BD@JDDPIELM@RtlExitUserProcess@FNODOBFM@ 00000001400028a0     prepare.obj
 0003:00000000       __@@_PchSym_@00@UfhvihUsziibUwlxfnvmghUtrgsfyUhxUgnkUcGEUivovzhvUhxcGEUhgwzucOlyq@4B2008FD98C1DD4 0000000140004000     stdafx.obj

 entry point at        0001:00001704

 Static symbols

 0001:00000005       common_imp_call            0000000140001005 f   x64.obj
 0001:00000141       KERNEL32                   0000000140001141 f   x64.obj
 0001:000002e3       WINHTTP                    00000001400012e3 f   x64.obj
 0001:000007c7       ntdllp                     00000001400017c7 f   x64.obj
 0002:00000000       $unwind$?Download@@YAHPEB_W0PEAPEAXPEAK@Z 0000000140003000     ep.obj
 0002:00000020       $unwind$?DownloadAndExec@@YAXPEB_W0@Z 0000000140003020     ep.obj
 0002:00000028       $unwind$?ep@@YAXPEAU_PEB@@@Z 0000000140003028     ep.obj
 0002:00000030       $unwind$?ProtectImage@@YAJPEAX0PEAU_IMAGE_NT_HEADERS64@@@Z 0000000140003030     Exec.obj
 0002:00000040       $unwind$?GetWowContext@@YAJPEAXPEAU_CONTEXT@@@Z 0000000140003040     Exec.obj
 0002:00000048       $unwind$?Exec@@YAHPEAXPEAU_IMAGE_NT_HEADERS64@@PEB_W@Z 0000000140003048     Exec.obj
 0002:00000060       $unwind$?get_hmod@@YAPEAXPEB_W@Z 0000000140003060     GetFuncAddr.obj
 0002:00000068       $unwind$?GetFuncAddressEx@@YAPEAXPEAU_IMAGE_DOS_HEADER@@PEBD@Z 0000000140003068     GetFuncAddr.obj
 0002:00000084       $unwind$?FindNoCfgDll@@YAJKKKPEAPEAX@Z 0000000140003084     NoCfg.obj
 0002:000000a0       $unwind$?ep2@@YAXPEAU_PEB@@@Z 00000001400030a0     prepare.obj
