 Seci

 Timestamp is 67a0c1e6 (Mon Feb  3 15:17:26 2025)

 Preferred load address is 0000000140000000

 Start         Length     Name                   Class
 0001:00000000 00000264H .text$mn                CODE
 0001:00000264 0000037cH .text$mn$cpp            CODE
 0001:000005e0 00000018H .text$mn$cpp$s          CODE
 0001:000005f8 00000008H .text$nm                CODE
 0001:00000600 00000112H .text$zz                CODE
 0002:00000000 00000000H .idata$5                DATA
 0002:00000000 000000b4H .rdata                  DATA
 0002:000000b4 00000064H .rdata$zzzdbg           DATA
 0002:00000118 00000048H .xdata                  DATA
 0002:0000015c 00000000H .edata                  DATA
 0002:0000015c 00000000H .idata$2                DATA
 0002:0000015c 00000000H .idata$3                DATA
 0002:00000160 00000000H .idata$4                DATA
 0002:00000160 00000000H .idata$6                DATA
 0003:00000000 00000000H .data                   DATA
 0003:00000000 00000008H .bss                    DATA
 0004:00000000 00000030H .pdata                  DATA

  Address         Publics by Value              Rva+Base               Lib:Object

 0000:00000000       __AbsoluteZero             0000000000000000     <absolute>
 0000:00000000       __arm64x_extra_rfe_table   0000000000000000     <absolute>
 0000:00000000       __arm64x_extra_rfe_table_size 0000000000000000     <absolute>
 0000:00000000       __arm64x_native_entrypoint 0000000000000000     <absolute>
 0000:00000000       __arm64x_redirection_metadata 0000000000000000     <absolute>
 0000:00000000       __arm64x_redirection_metadata_count 0000000000000000     <absolute>
 0000:00000000       __dynamic_value_reloc_table 0000000000000000     <absolute>
 0000:00000000       __enclave_config           0000000000000000     <absolute>
 0000:00000000       __guard_check_icall_a64n_fptr 0000000000000000     <absolute>
 0000:00000000       __guard_eh_cont_count      0000000000000000     <absolute>
 0000:00000000       __guard_eh_cont_table      0000000000000000     <absolute>
 0000:00000000       __guard_fids_count         0000000000000000     <absolute>
 0000:00000000       __guard_fids_table         0000000000000000     <absolute>
 0000:00000000       __guard_flags              0000000000000000     <absolute>
 0000:00000000       __guard_iat_count          0000000000000000     <absolute>
 0000:00000000       __guard_iat_table          0000000000000000     <absolute>
 0000:00000000       __guard_longjmp_count      0000000000000000     <absolute>
 0000:00000000       __guard_longjmp_table      0000000000000000     <absolute>
 0000:00000000       __hybrid_auxiliary_delayload_iat 0000000000000000     <absolute>
 0000:00000000       __hybrid_auxiliary_delayload_iat_copy 0000000000000000     <absolute>
 0000:00000000       __hybrid_auxiliary_iat     0000000000000000     <absolute>
 0000:00000000       __hybrid_auxiliary_iat_copy 0000000000000000     <absolute>
 0000:00000000       __hybrid_code_map          0000000000000000     <absolute>
 0000:00000000       __hybrid_code_map_count    0000000000000000     <absolute>
 0000:00000000       __hybrid_image_info_bitfield 0000000000000000     <absolute>
 0000:00000000       __volatile_metadata        0000000000000000     <absolute>
 0000:00000000       __x64_code_ranges_to_entry_points 0000000000000000     <absolute>
 0000:00000000       __x64_code_ranges_to_entry_points_count 0000000000000000     <absolute>
 0000:00000000       __ImageBase                0000000140000000     <linker-defined>
 0001:00000000       ?epASM@@YAXXZ              0000000140001000 f   x64.obj
 0001:00000005       __chkstk                   0000000140001005 f   x64.obj
 0001:000000a5       VirtualProtect             00000001400010a5 f   x64.obj
 0001:000000cf       LoadLibraryW               00000001400010cf f   x64.obj
 0001:00000122       SeciAllocateAndSetCallFlags 0000000140001122 f   x64.obj
 0001:00000188       RtlImageDirectoryEntryToData 0000000140001188 f   x64.obj
 0001:000001c5       RtlInitUnicodeString       00000001400011c5 f   x64.obj
 0001:000001f5       LdrLoadDll                 00000001400011f5 f   x64.obj
 0001:0000021b       LdrGetProcedureAddress     000000014000121b f   x64.obj
 0001:00000264       ?MySeciAllocateAndSetCallFlags@@YAJKPEAH@Z 0000000140001264 f   ep.obj
 0001:0000027c       ?OnApc@@YAXKKPEAX@Z        000000014000127c f   ep.obj
 0001:00000404       ?get_hmod@@YAPEAXPEB_W@Z   0000000140001404 f   ScEntry:GetFuncAddr.obj
 0001:00000460       ?GetFuncAddressEx@@YAPEAXPEAU_IMAGE_DOS_HEADER@@PEBD@Z 0000000140001460 f   ScEntry:GetFuncAddr.obj
 0001:000005e0       ??_C@_1BI@LOPIEHPM@?$AAU?$AAS?$AAE?$AAR?$AAM?$AAG?$AAR?$AA?4?$AAD?$AAL?$AAL@FNODOBFM@ 00000001400015e0     ep.obj
 0001:000005f8       ?sc_end@@YAPEAXXZ          00000001400015f8 f   ScEntry:prepare.obj
 0001:00000600       ?ScEntry@@YAXPEAU_PEB@@@Z  0000000140001600 f   ScEntry:prepare.obj
 0002:00000000       ??_C@_0BF@EKFKPNAI@RtlInitUnicodeString@ 0000000140002000     ScEntry:prepare.obj
 0002:00000018       ??_C@_1BI@NEOFKCPM@?$AAp?$AAr?$AAe?$AAp?$AAa?$AAr?$AAe?$AA?4?$AAd?$AAl?$AAl@ 0000000140002018     ScEntry:prepare.obj
 0002:00000030       ??_C@_0L@HOFGLFDL@LdrLoadDll@ 0000000140002030     ScEntry:prepare.obj
 0002:00000040       ??_C@_0BH@GKPJJDBO@LdrGetProcedureAddress@ 0000000140002040     ScEntry:prepare.obj
 0002:00000058       ??_C@_0N@FIGJGHFN@LdrUnloadDll@ 0000000140002058     ScEntry:prepare.obj
 0002:00000068       ??_C@_0BD@JDDPIELM@RtlExitUserProcess@ 0000000140002068     ScEntry:prepare.obj
 0003:00000000       __@@_PchSym_@00@UfhvihUsziibUwlxfnvmghUtrgsfyUhxUgnkUcGEUivovzhvUhvxrUhgwzucOlyq@4B2008FD98C1DD4 0000000140003000     stdafx.obj
 0003:00000004       __@@_PchSym_@00@UfhvihUsziibUwlxfnvmghUtrgsfyUhxUgnkUcGEUivovzhvUhxvmgibUhgwzucOlyq@4B2008FD98C1DD4 0000000140003004     ScEntry:stdafx.obj

 entry point at        0001:00000600

 Static symbols

 0000:ffffb000       .debug$S                   0000000140000000     ntdllp:ntdll.dll
 0000:ffffb000       .debug$S                   0000000140000000     ntdllp:ntdll.dll
 0002:ffffe000       .idata$6                   0000000140000000     ntdllp:ntdll.dll
 0001:00000052       common_imp_call            0000000140001052 f   x64.obj
 0001:000000f5       kernel32                   00000001400010f5 f   x64.obj
 0001:0000015c       secur32                    000000014000115c f   x64.obj
 0001:0000024f       ntdllp                     000000014000124f f   x64.obj
 0002:00000118       $unwind$?OnApc@@YAXKKPEAX@Z 0000000140002118     ep.obj
 0002:0000012c       $unwind$?ScEntry@@YAXPEAU_PEB@@@Z 000000014000212c     ScEntry:prepare.obj
 0002:0000013c       $unwind$?get_hmod@@YAPEAXPEB_W@Z 000000014000213c     ScEntry:GetFuncAddr.obj
 0002:00000144       $unwind$?GetFuncAddressEx@@YAPEAXPEAU_IMAGE_DOS_HEADER@@PEBD@Z 0000000140002144     ScEntry:GetFuncAddr.obj
