 Seci

 Timestamp is 67d42437 (Fri Mar 14 14:42:31 2025)

 Preferred load address is 0000000140000000

 Start         Length     Name                   Class
 0001:00000000 000001b4H .text$mn                CODE
 0001:000001b4 0000039cH .text$mn$cpp            CODE
 0001:00000550 00000ab0H .text$mn$cpp$s          CODE
 0001:00001000 00000130H .text$mn$cpp$u          CODE
 0001:00001130 00000000H .text$mn$cpp$v          CODE
 0001:00001130 00000008H .text$nm                CODE
 0001:00001138 000000ffH .text$zz                CODE
 0002:00000000 00000000H .idata$5                DATA
 0002:00000000 000000b4H .rdata                  DATA
 0002:000000b4 00000064H .rdata$zzzdbg           DATA
 0002:00000118 00000048H .xdata                  DATA
 0002:0000015c 00000000H .edata                  DATA
 0002:0000015c 00000000H .idata$2                DATA
 0002:0000015c 00000000H .idata$3                DATA
 0002:00000160 00000000H .idata$4                DATA
 0002:00000160 00000000H .idata$6                DATA
 0003:00000000 00000000H .data                   DATA
 0003:00000000 00000008H .bss                    DATA
 0004:00000000 00000030H .pdata                  DATA

  Address         Publics by Value              Rva+Base               Lib:Object

 0000:00000000       __AbsoluteZero             0000000000000000     <absolute>
 0000:00000000       __arm64x_extra_rfe_table   0000000000000000     <absolute>
 0000:00000000       __arm64x_extra_rfe_table_size 0000000000000000     <absolute>
 0000:00000000       __arm64x_native_entrypoint 0000000000000000     <absolute>
 0000:00000000       __arm64x_redirection_metadata 0000000000000000     <absolute>
 0000:00000000       __arm64x_redirection_metadata_count 0000000000000000     <absolute>
 0000:00000000       __dynamic_value_reloc_table 0000000000000000     <absolute>
 0000:00000000       __enclave_config           0000000000000000     <absolute>
 0000:00000000       __guard_check_icall_a64n_fptr 0000000000000000     <absolute>
 0000:00000000       __guard_eh_cont_count      0000000000000000     <absolute>
 0000:00000000       __guard_eh_cont_table      0000000000000000     <absolute>
 0000:00000000       __guard_fids_count         0000000000000000     <absolute>
 0000:00000000       __guard_fids_table         0000000000000000     <absolute>
 0000:00000000       __guard_flags              0000000000000000     <absolute>
 0000:00000000       __guard_iat_count          0000000000000000     <absolute>
 0000:00000000       __guard_iat_table          0000000000000000     <absolute>
 0000:00000000       __guard_longjmp_count      0000000000000000     <absolute>
 0000:00000000       __guard_longjmp_table      0000000000000000     <absolute>
 0000:00000000       __hybrid_auxiliary_delayload_iat 0000000000000000     <absolute>
 0000:00000000       __hybrid_auxiliary_delayload_iat_copy 0000000000000000     <absolute>
 0000:00000000       __hybrid_auxiliary_iat     0000000000000000     <absolute>
 0000:00000000       __hybrid_auxiliary_iat_copy 0000000000000000     <absolute>
 0000:00000000       __hybrid_code_map          0000000000000000     <absolute>
 0000:00000000       __hybrid_code_map_count    0000000000000000     <absolute>
 0000:00000000       __hybrid_image_info_bitfield 0000000000000000     <absolute>
 0000:00000000       __volatile_metadata        0000000000000000     <absolute>
 0000:00000000       __x64_code_ranges_to_entry_points 0000000000000000     <absolute>
 0000:00000000       __x64_code_ranges_to_entry_points_count 0000000000000000     <absolute>
 0000:00000000       __ImageBase                0000000140000000     <linker-defined>
 0001:00000000       ?epASM@@YAXXZ              0000000140001000 f   x64.obj
 0001:0000000a       __chkstk                   000000014000100a f   x64.obj
 0001:0000012e       VirtualProtect             000000014000112e f   x64.obj
 0001:00000141       LoadLibraryW               0000000140001141 f   x64.obj
 0001:00000154       SeciAllocateAndSetCallFlags 0000000140001154 f   x64.obj
 0001:00000167       RtlImageDirectoryEntryToData 0000000140001167 f   x64.obj
 0001:0000017a       RtlInitUnicodeString       000000014000117a f   x64.obj
 0001:0000018d       LdrLoadDll                 000000014000118d f   x64.obj
 0001:000001a0       LdrGetProcedureAddress     00000001400011a0 f   x64.obj
 0001:000001b4       ?MySeciAllocateAndSetCallFlags@@YAJKPEAH@Z 00000001400011b4 f   ep.obj
 0001:000001cc       ?OnApc@@YAXKKPEAX@Z        00000001400011cc f   ep.obj
 0001:00000354       ?GetNtBase@@YAPEAXXZ       0000000140001354 f   ScEntry:GetFuncAddr.obj
 0001:00000370       ?get_hmod@@YAPEAXPEB_W@Z   0000000140001370 f   ScEntry:GetFuncAddr.obj
 0001:000003cc       ?GetFuncAddressEx@@YAPEAXPEAU_IMAGE_DOS_HEADER@@PEBD@Z 00000001400013cc f   ScEntry:GetFuncAddr.obj
 0001:00000550       ??_C@_1BI@LOPIEHPM@?$AAU?$AAS?$AAE?$AAR?$AAM?$AAG?$AAR?$AA?4?$AAD?$AAL?$AAL@FNODOBFM@ 0000000140001550     ep.obj
 0001:00001130       ?sc_end@@YAPEAXXZ          0000000140002130 f   ScEntry:prepare.obj
 0001:00001138       ?ScEntry@@YAXPEAU_PEB@@@Z  0000000140002138 f   ScEntry:prepare.obj
 0002:00000000       ??_C@_0BF@EKFKPNAI@RtlInitUnicodeString@ 0000000140003000     ScEntry:prepare.obj
 0002:00000018       ??_C@_1BI@NEOFKCPM@?$AAp?$AAr?$AAe?$AAp?$AAa?$AAr?$AAe?$AA?4?$AAd?$AAl?$AAl@ 0000000140003018     ScEntry:prepare.obj
 0002:00000030       ??_C@_0L@HOFGLFDL@LdrLoadDll@ 0000000140003030     ScEntry:prepare.obj
 0002:00000040       ??_C@_0BH@GKPJJDBO@LdrGetProcedureAddress@ 0000000140003040     ScEntry:prepare.obj
 0002:00000058       ??_C@_0N@FIGJGHFN@LdrUnloadDll@ 0000000140003058     ScEntry:prepare.obj
 0002:00000068       ??_C@_0BD@JDDPIELM@RtlExitUserProcess@ 0000000140003068     ScEntry:prepare.obj
 0003:00000000       __@@_PchSym_@00@UfhvihUsziibUwlxfnvmghUtrgsfyUhxUgnkUcGEUivovzhvUhvxrUhgwzucOlyq@4B2008FD98C1DD4 0000000140004000     stdafx.obj
 0003:00000004       __@@_PchSym_@00@UfhvihUsziibUwlxfnvmghUtrgsfyUhxUgnkUcGEUivovzhvUhxvmgibUhgwzucOlyq@4B2008FD98C1DD4 0000000140004004     ScEntry:stdafx.obj

 entry point at        0001:00001138

 Static symbols

 0000:ffffa000       .debug$S                   0000000140000000     ntdllp:ntdll.dll
 0000:ffffa000       .debug$S                   0000000140000000     ntdllp:ntdll.dll
 0002:ffffd000       .idata$6                   0000000140000000     ntdllp:ntdll.dll
 0001:00000057       common_imp_call            0000000140001057 f   x64.obj
 0001:000000aa       protect                    00000001400010aa f   x64.obj
 0001:00001000       ?VirtualProtect            0000000140002000     x64.obj
 0001:00001000       @imp_begin@                0000000140002000     x64.obj
 0001:00001018       ?LoadLibraryW              0000000140002018     x64.obj
 0001:00001030       @kernel32                  0000000140002030     x64.obj
 0001:00001058       ?SeciAllocateAndSetCallFlags 0000000140002058     x64.obj
 0001:00001080       @secur32                   0000000140002080     x64.obj
 0001:000010a0       ?RtlImageDirectoryEntryToData 00000001400020a0     x64.obj
 0001:000010c8       ?RtlInitUnicodeString      00000001400020c8     x64.obj
 0001:000010e8       ?LdrLoadDll                00000001400020e8     x64.obj
 0001:00001100       ?LdrGetProcedureAddress    0000000140002100     x64.obj
 0001:00001120       @ntdllp                    0000000140002120     x64.obj
 0002:00000118       $unwind$?OnApc@@YAXKKPEAX@Z 0000000140003118     ep.obj
 0002:0000012c       $unwind$?ScEntry@@YAXPEAU_PEB@@@Z 000000014000312c     ScEntry:prepare.obj
 0002:0000013c       $unwind$?get_hmod@@YAPEAXPEB_W@Z 000000014000313c     ScEntry:GetFuncAddr.obj
 0002:00000144       $unwind$?GetFuncAddressEx@@YAPEAXPEAU_IMAGE_DOS_HEADER@@PEBD@Z 0000000140003144     ScEntry:GetFuncAddr.obj
