 TestTask

 Timestamp is 67a61573 (Fri Feb  7 16:15:15 2025)

 Preferred load address is 0000000140000000

 Start         Length     Name                   Class
 0001:00000000 00000790H .text$mn                CODE
 0001:00000790 00002bd0H .text$mn$cpp            CODE
 0001:00003360 000005b0H .text$mn$cpp$r          CODE
 0001:00003910 000016f0H .text$mn$cpp$s          CODE
 0001:00005000 00000a50H .text$mn$cpp$u          CODE
 0001:00005a50 00000000H .text$mn$cpp$v          CODE
 0001:00005a50 00000008H .text$nm                CODE
 0001:00005a58 00000108H .text$zz                CODE
 0002:00000000 000000b4H .rdata                  DATA
 0002:000000b4 00000068H .rdata$zzzdbg           DATA
 0002:0000011c 00000258H .xdata                  DATA
 0002:00000374 00000000H .edata                  DATA
 0003:00000000 00000000H .data                   DATA
 0003:00000000 00000008H .bss                    DATA
 0004:00000000 00000180H .pdata                  DATA

  Address         Publics by Value              Rva+Base               Lib:Object

 0000:00000000       __AbsoluteZero             0000000000000000     <absolute>
 0000:00000000       __arm64x_extra_rfe_table   0000000000000000     <absolute>
 0000:00000000       __arm64x_extra_rfe_table_size 0000000000000000     <absolute>
 0000:00000000       __arm64x_native_entrypoint 0000000000000000     <absolute>
 0000:00000000       __arm64x_redirection_metadata 0000000000000000     <absolute>
 0000:00000000       __arm64x_redirection_metadata_count 0000000000000000     <absolute>
 0000:00000000       __dynamic_value_reloc_table 0000000000000000     <absolute>
 0000:00000000       __enclave_config           0000000000000000     <absolute>
 0000:00000000       __guard_check_icall_a64n_fptr 0000000000000000     <absolute>
 0000:00000000       __guard_eh_cont_count      0000000000000000     <absolute>
 0000:00000000       __guard_eh_cont_table      0000000000000000     <absolute>
 0000:00000000       __guard_fids_count         0000000000000000     <absolute>
 0000:00000000       __guard_fids_table         0000000000000000     <absolute>
 0000:00000000       __guard_flags              0000000000000000     <absolute>
 0000:00000000       __guard_iat_count          0000000000000000     <absolute>
 0000:00000000       __guard_iat_table          0000000000000000     <absolute>
 0000:00000000       __guard_longjmp_count      0000000000000000     <absolute>
 0000:00000000       __guard_longjmp_table      0000000000000000     <absolute>
 0000:00000000       __hybrid_auxiliary_delayload_iat 0000000000000000     <absolute>
 0000:00000000       __hybrid_auxiliary_delayload_iat_copy 0000000000000000     <absolute>
 0000:00000000       __hybrid_auxiliary_iat     0000000000000000     <absolute>
 0000:00000000       __hybrid_auxiliary_iat_copy 0000000000000000     <absolute>
 0000:00000000       __hybrid_code_map          0000000000000000     <absolute>
 0000:00000000       __hybrid_code_map_count    0000000000000000     <absolute>
 0000:00000000       __hybrid_image_info_bitfield 0000000000000000     <absolute>
 0000:00000000       __volatile_metadata        0000000000000000     <absolute>
 0000:00000000       __x64_code_ranges_to_entry_points 0000000000000000     <absolute>
 0000:00000000       __x64_code_ranges_to_entry_points_count 0000000000000000     <absolute>
 0000:00000000       __ImageBase                0000000140000000     <linker-defined>
 0001:00000000       ?epASM@@YAXXZ              0000000140001000 f   x64.obj
 0001:0000000a       __chkstk                   000000014000100a f   x64.obj
 0001:0000012e       OpenSCManagerW             000000014000112e f   x64.obj
 0001:00000141       LsaFreeMemory              0000000140001141 f   x64.obj
 0001:00000154       OpenServiceW               0000000140001154 f   x64.obj
 0001:00000167       LsaClose                   0000000140001167 f   x64.obj
 0001:0000017a       EnumServicesStatusExW      000000014000117a f   x64.obj
 0001:0000018d       LsaOpenPolicy              000000014000118d f   x64.obj
 0001:000001a0       LsaLookupSids              00000001400011a0 f   x64.obj
 0001:000001b3       CloseServiceHandle         00000001400011b3 f   x64.obj
 0001:000001c6       QueryServiceConfigW        00000001400011c6 f   x64.obj
 0001:000001d9       GetSystemTimeAsFileTime    00000001400011d9 f   x64.obj
 0001:000001ec       Sleep                      00000001400011ec f   x64.obj
 0001:000001ff       GetCommandLineW            00000001400011ff f   x64.obj
 0001:00000212       MultiByteToWideChar        0000000140001212 f   x64.obj
 0001:00000225       GetEnvironmentVariableW    0000000140001225 f   x64.obj
 0001:00000238       IsDebuggerPresent          0000000140001238 f   x64.obj
 0001:0000024b       GetLastError               000000014000124b f   x64.obj
 0001:0000025e       GetStdHandle               000000014000125e f   x64.obj
 0001:00000271       GetConsoleOutputCP         0000000140001271 f   x64.obj
 0001:00000284       FormatMessageW             0000000140001284 f   x64.obj
 0001:00000297       GetModuleHandleW           0000000140001297 f   x64.obj
 0001:000002aa       WriteFile                  00000001400012aa f   x64.obj
 0001:000002bd       WriteConsoleW              00000001400012bd f   x64.obj
 0001:000002d0       RaiseException             00000001400012d0 f   x64.obj
 0001:000002e3       LocalAlloc                 00000001400012e3 f   x64.obj
 0001:000002f6       WideCharToMultiByte        00000001400012f6 f   x64.obj
 0001:00000309       LocalFree                  0000000140001309 f   x64.obj
 0001:0000031c       ExitProcess                000000014000131c f   x64.obj
 0001:0000032f       SysFreeString              000000014000132f f   x64.obj
 0001:00000342       SysAllocString             0000000140001342 f   x64.obj
 0001:00000355       LsaGetLogonSessionData     0000000140001355 f   x64.obj
 0001:00000368       LsaEnumerateLogonSessions  0000000140001368 f   x64.obj
 0001:0000037b       LsaFreeReturnBuffer        000000014000137b f   x64.obj
 0001:0000038e       RtlGetNtVersionNumbers     000000014000138e f   x64.obj
 0001:000003a1       _snwprintf                 00000001400013a1 f   x64.obj
 0001:000003b4       RtlSubAuthorityCountSid    00000001400013b4 f   x64.obj
 0001:000003c7       RtlSubAuthoritySid         00000001400013c7 f   x64.obj
 0001:000003da       RtlIdentifierAuthoritySid  00000001400013da f   x64.obj
 0001:000003ed       RtlConvertSidToUnicodeString 00000001400013ed f   x64.obj
 0001:00000400       ZwQuerySection             0000000140001400 f   x64.obj
 0001:00000413       NtQuerySystemInformation   0000000140001413 f   x64.obj
 0001:00000426       RtlImageNtHeader           0000000140001426 f   x64.obj
 0001:00000439       RtlImageDirectoryEntryToData 0000000140001439 f   x64.obj
 0001:0000044c       memset                     000000014000144c f   x64.obj
 0001:0000045f       sprintf_s                  000000014000145f f   x64.obj
 0001:00000472       NtQueryVolumeInformationFile 0000000140001472 f   x64.obj
 0001:00000485       _vsnwprintf                0000000140001485 f   x64.obj
 0001:00000498       RtlGetFrame                0000000140001498 f   x64.obj
 0001:000004ab       NtCreateSection            00000001400014ab f   x64.obj
 0001:000004be       NtOpenProcess              00000001400014be f   x64.obj
 0001:000004d1       ZwUnmapViewOfSection       00000001400014d1 f   x64.obj
 0001:000004e4       ZwMapViewOfSection         00000001400014e4 f   x64.obj
 0001:000004f7       ZwTerminateThread          00000001400014f7 f   x64.obj
 0001:0000050a       ZwWaitForSingleObject      000000014000150a f   x64.obj
 0001:0000051d       RtlCopySid                 000000014000151d f   x64.obj
 0001:00000530       NtSetInformationThread     0000000140001530 f   x64.obj
 0001:00000543       RtlCreateUserThread        0000000140001543 f   x64.obj
 0001:00000556       ZwQueueApcThread           0000000140001556 f   x64.obj
 0001:00000569       RtlQueueApcWow64Thread     0000000140001569 f   x64.obj
 0001:0000057c       RtlFreeUnicodeString       000000014000157c f   x64.obj
 0001:0000058f       RtlDosPathNameToNtPathName_U_WithStatus 000000014000158f f   x64.obj
 0001:000005a2       NtQueryDirectoryFile       00000001400015a2 f   x64.obj
 0001:000005b5       NtOpenFile                 00000001400015b5 f   x64.obj
 0001:000005c8       wcstoul                    00000001400015c8 f   x64.obj
 0001:000005db       RtlHashUnicodeString       00000001400015db f   x64.obj
 0001:000005ee       RtlInitUnicodeString       00000001400015ee f   x64.obj
 0001:00000601       wcschr                     0000000140001601 f   x64.obj
 0001:00000614       NtClose                    0000000140001614 f   x64.obj
 0001:00000627       NtAdjustPrivilegesToken    0000000140001627 f   x64.obj
 0001:0000063a       NtOpenProcessToken         000000014000163a f   x64.obj
 0001:0000064d       RtlPopFrame                000000014000164d f   x64.obj
 0001:00000660       RtlPushFrame               0000000140001660 f   x64.obj
 0001:00000673       NtQueryVirtualMemory       0000000140001673 f   x64.obj
 0001:00000686       RtlFreeHeap                0000000140001686 f   x64.obj
 0001:00000699       RtlAllocateHeap            0000000140001699 f   x64.obj
 0001:000006ac       LdrGetProcedureAddress     00000001400016ac f   x64.obj
 0001:000006bf       LdrLoadDll                 00000001400016bf f   x64.obj
 0001:000006d2       RtlLengthSid               00000001400016d2 f   x64.obj
 0001:000006e5       RtlEqualSid                00000001400016e5 f   x64.obj
 0001:000006f8       ZwResumeThread             00000001400016f8 f   x64.obj
 0001:0000070b       NtQueryInformationToken    000000014000170b f   x64.obj
 0001:0000071e       NtQueryInformationProcess  000000014000171e f   x64.obj
 0001:00000731       ZwOpenSection              0000000140001731 f   x64.obj
 0001:00000744       NtSetInformationVirtualMemory 0000000140001744 f   x64.obj
 0001:00000757       CoCreateInstance           0000000140001757 f   x64.obj
 0001:0000076a       CoInitializeEx             000000014000176a f   x64.obj
 0001:0000077d       CoUninitialize             000000014000177d f   x64.obj
 0001:00000790       ?NtSetProcessValidCallTargets@@YAJPEAX0_KKPEAU_CFG_CALL_TARGET_INFO@@@Z 0000000140001790 f   cfg.obj
 0001:00000818       ?SetExportValid@@YAJPEAXPEBX1@Z 0000000140001818 f   cfg.obj
 0001:000009cc       ??0PrintInfo@@QEAA@XZ      00000001400019cc f i ep.obj
 0001:00000a08       ??1PrintInfo@@QEAA@XZ      0000000140001a08 f i ep.obj
 0001:00000a10       ?AdjustPrivileges@@YAXXZ   0000000140001a10 f   ep.obj
 0001:00000a78       ?OnCmd@@YAXPEA_W@Z         0000000140001a78 f   ep.obj
 0001:00000c80       ?ep@@YAXXZ                 0000000140001c80 f   ep.obj
 0001:00000d08       ?ListFolder@@YAXPEAU_OBJECT_ATTRIBUTES@@PEBD@Z 0000000140001d08 f   folder.obj
 0001:00000f44       ?ListFolder@@YAJPEB_WK@Z   0000000140001f44 f   folder.obj
 0001:00001010       ?DoQuery@@YAJPEAX0KEQEATFUNC@@@Z 0000000140002010 f   modules.obj
 0001:000011a8       ?DumpModules@@YAXPEAXKE@Z  00000001400021a8 f   modules.obj
 0001:000012f4       ?ProQuery@@YAJ_K@Z         00000001400022f4 f   modules.obj
 0001:00001550       ?PutChars@@YAXPEB_WK@Z     0000000140002550 f   print.obj
 0001:000016fc       ?PrintWA_v@@YAXPEB_WZZ     00000001400026fc f   print.obj
 0001:000017d0       ?PrintError@@YAJJ@Z        00000001400027d0 f   print.obj
 0001:00001860       ?InitPrintf@@YAXXZ         0000000140002860 f   print.obj
 0001:000018f0       ?GetThreadWaitReason@@YAPEBDW4_KWAIT_REASON@@PEADK@Z 00000001400028f0 f   PT.obj
 0001:00001c20       ?List_all_running_processes@@YAJXZ 0000000140002c20 f   PT.obj
 0001:00001d1c       ?DumpProcessThreads@@YAJ_K@Z 0000000140002d1c f   PT.obj
 0001:00001f1c       ?Dump@SIDS@@QEAAXPEAXPEAU_ENUM_SERVICE_STATUS_PROCESSW@@K@Z 0000000140002f1c f   srv.obj
 0001:0000207c       ?List_Services@@YAJXZ      000000014000307c f   srv.obj
 0001:000024f4       ?CreateTask_I@@YAJPEA_W@Z  00000001400034f4 f   task.obj
 0001:000026ac       ?CreateTask@@YAJPEB_W@Z    00000001400036ac f   task.obj
 0001:000027a8       ?CreateTask@@YAJXZ         00000001400037a8 f   task.obj
 0001:00002864       ?ListFolder@@YAXPEAUITaskFolder@@PEBD@Z 0000000140003864 f   task.obj
 0001:00002a88       ?ListTask@@YAJXZ           0000000140003a88 f   task.obj
 0001:00002ba8       ?GetLogonTypeName@@YAPEBDKPEADK@Z 0000000140003ba8 f   Users.obj
 0001:00002c9c       ?ListUsers@@YAJXZ          0000000140003c9c f   Users.obj
 0001:00002e9c       ?GetFunc@@YAKKPEAU_IMAGE_EXPORT_DIRECTORY@@KPEAXPEBDK@Z 0000000140003e9c f   wow.obj
 0001:00002fa4       ?GetWowInfo@@YAJPEATFUNC@@K@Z 0000000140003fa4 f   wow.obj
 0001:00003160       ?GetNtBase@@YAPEAXXZ       0000000140004160 f   ScEntry:GetFuncAddr.obj
 0001:0000317c       ?get_hmod@@YAPEAXPEB_W@Z   000000014000417c f   ScEntry:GetFuncAddr.obj
 0001:000031d8       ?GetFuncAddressEx@@YAPEAXPEAU_IMAGE_DOS_HEADER@@PEBD@Z 00000001400041d8 f   ScEntry:GetFuncAddr.obj
 0001:00003360       ?xml_begin@@3QBDB          0000000140004360     x64.obj
 0001:000038c2       ?xml_end@@3QBDB            00000001400048c2     x64.obj
 0001:000038f0       _GUID_0f87369f_a4e5_4cfc_bd3e_73e6154572dd 00000001400048f0     task.obj
 0001:00003900       _GUID_2faba4c7_4da9_4013_9697_20cc3fd40f85 0000000140004900     task.obj
 0001:00003910       ??_C@_0BK@PCGDBAMC@?$DPname?$EAPrintInfo?$EA?$EASAPEBDXZ@FNODOBFM@ 0000000140004910     ep.obj
 0001:00003930       ??_C@_1CM@DOPICJIB@?$AAA?$AAd?$AAj?$AAu?$AAs?$AAt?$AAP?$AAr?$AAi?$AAv?$AAi?$AAl?$AAe?$AAg?$AAe@FNODOBFM@ 0000000140004930     ep.obj
 0001:00003960       ??_C@_1O@OFOJCOLI@?$AA?7?$AA?$CF?$AAw?$AAs?$AA?$AN?$AA?6@FNODOBFM@ 0000000140004960     ep.obj
 0001:00003970       ??_C@_1DI@HGPDKKDJ@?$AAt?$AAo?$AAo?$AA?5?$AAm?$AAa?$AAn?$AAy?$AA?5?$AAp?$AAa?$AAr?$AAa?$AAm?$AAs@FNODOBFM@ 0000000140004970     ep.obj
 0001:000039b0       ??_C@_1EC@GFCGHOOD@?$AAc?$AAa?$AAs?$AAe?$AA?5?$AA0?$AAx?$AA?$CF?$AA0?$AA8?$AAx?$AA?3?$AA?5?$AA?1?$AA?1@FNODOBFM@ 00000001400049b0     ep.obj
 0001:00003a00       ??_C@_1CA@LNGIBHBH@?$AA?$CF?$AAh?$AAs?$AA?$CF?$AAx?$AA?5?$AA?$FL?$AA?$CC?$AA?$CF?$AAw?$AAZ?$AA?$CC?$AA?$FN?$AA?$AN?$AA?6@FNODOBFM@ 0000000140004a00     folder.obj
 0001:00003a20       ??_C@_1CI@BIOMLOFM@?$AA?$CF?$AAh?$AAs?$AA?$CF?$AAx?$AA?5?$AA?$CF?$AAI?$AA6?$AA4?$AAu?$AA?5?$AA?$CC?$AA?$CF?$AAw@FNODOBFM@ 0000000140004a20     folder.obj
 0001:00003a50       ??_C@_1CE@FLJFOHFG@?$AA?$CF?$AAh?$AAs?$AA?5?$AA?$CB?$AA?$CB?$AA?5?$AA?$CF?$AAx?$AA?5?$AA?$CC?$AA?$CF?$AAw?$AAZ?$AA?$CC@FNODOBFM@ 0000000140004a50     folder.obj
 0001:00003a80       ??_C@_11LOCGONAA@@FNODOBFM@ 0000000140004a80     modules.obj
 0001:00003a90       ??_C@_0CB@GEDFOBKG@LdrQueryProcessModuleInformatio@FNODOBFM@ 0000000140004a90     modules.obj
 0001:00003ac0       ??_C@_0BC@BGOECEEA@RtlExitUserThread@FNODOBFM@ 0000000140004ac0     modules.obj
 0001:00003ae0       ??_C@_1EA@KJKILMBC@?$AAD?$AAu?$AAm?$AAp?$AAM?$AAo?$AAd?$AAu?$AAl?$AAe?$AAs?$AA?$CI?$AAw?$AA?$DN?$AA?$CF@FNODOBFM@ 0000000140004ae0     modules.obj
 0001:00003b20       ??_C@_1CA@FGEDGAFK@?$AAG?$AAe?$AAt?$AAW?$AAo?$AAw?$AAI?$AAn?$AAf?$AAo?$AA?$DN?$AA?$CF?$AAx?$AA?$AN?$AA?6@FNODOBFM@ 0000000140004b20     modules.obj
 0001:00003b40       ??_C@_1CE@DLGMMIJH@?$AAP?$AAr?$AAo?$AAQ?$AAu?$AAe?$AAr?$AAy?$AA?$CI?$AA?$CF?$AAu?$AA?$CJ?$AA?$DN?$AA?$CF?$AAx@FNODOBFM@ 0000000140004b40     modules.obj
 0001:00003b70       ??_C@_1CA@DFMAEJDP@?$AA?$CF?$AAp?$AA?5?$AA?$CF?$AA0?$AA8?$AAx?$AA?5?$AA?$CC?$AA?$CF?$AAh?$AAs?$AA?$CC?$AA?$AN?$AA?6@FNODOBFM@ 0000000140004b70     modules.obj
 0001:00003b90       ??_C@_1M@OAIMIKLP@?$AAn?$AAt?$AAd?$AAl?$AAl@FNODOBFM@ 0000000140004b90     print.obj
 0001:00003ba0       ??_C@_09FEKNCLPD@Executive@FNODOBFM@ 0000000140004ba0     PT.obj
 0001:00003bb0       ??_C@_08DFCHOHHA@FreePage@FNODOBFM@ 0000000140004bb0     PT.obj
 0001:00003bc0       ??_C@_06CBDBEJMD@PageIn@FNODOBFM@ 0000000140004bc0     PT.obj
 0001:00003bd0       ??_C@_0P@JMNJFBFE@PoolAllocation@FNODOBFM@ 0000000140004bd0     PT.obj
 0001:00003be0       ??_C@_0P@HKNPNBLI@DelayExecution@FNODOBFM@ 0000000140004be0     PT.obj
 0001:00003bf0       ??_C@_09LPCHPKPJ@Suspended@FNODOBFM@ 0000000140004bf0     PT.obj
 0001:00003c00       ??_C@_0M@IAHEEPPB@UserRequest@FNODOBFM@ 0000000140004c00     PT.obj
 0001:00003c10       ??_C@_0M@CCFPNNFL@WrExecutive@FNODOBFM@ 0000000140004c10     PT.obj
 0001:00003c20       ??_C@_0L@BLJANPDA@WrFreePage@FNODOBFM@ 0000000140004c20     PT.obj
 0001:00003c30       ??_C@_08KCBCDIEB@WrPageIn@FNODOBFM@ 0000000140004c30     PT.obj
 0001:00003c40       ??_C@_0BB@LAKGLFLG@WrPoolAllocation@FNODOBFM@ 0000000140004c40     PT.obj
 0001:00003c60       ??_C@_0BB@FGKADFFK@WrDelayExecution@FNODOBFM@ 0000000140004c60     PT.obj
 0001:00003c80       ??_C@_0M@MJNFAMFB@WrSuspended@FNODOBFM@ 0000000140004c80     PT.obj
 0001:00003c90       ??_C@_0O@LCHEFIML@WrUserRequest@FNODOBFM@ 0000000140004c90     PT.obj
 0001:00003ca0       ??_C@_0M@KDBKHFFM@WrEventPair@FNODOBFM@ 0000000140004ca0     PT.obj
 0001:00003cb0       ??_C@_07OGBJNMO@WrQueue@FNODOBFM@ 0000000140004cb0     PT.obj
 0001:00003cc0       ??_C@_0N@BMBBAFFH@WrLpcReceive@FNODOBFM@ 0000000140004cc0     PT.obj
 0001:00003cd0       ??_C@_0L@NNHCOFEM@WrLpcReply@FNODOBFM@ 0000000140004cd0     PT.obj
 0001:00003ce0       ??_C@_0BA@FCKNEPLG@WrVirtualMemory@FNODOBFM@ 0000000140004ce0     PT.obj
 0001:00003cf0       ??_C@_09HPDCMMIB@WrPageOut@FNODOBFM@ 0000000140004cf0     PT.obj
 0001:00003d00       ??_C@_0N@KLNHPHMI@WrRendezvous@FNODOBFM@ 0000000140004d00     PT.obj
 0001:00003d10       ??_C@_0N@BJLDKGFO@WrKeyedEvent@FNODOBFM@ 0000000140004d10     PT.obj
 0001:00003d20       ??_C@_0N@FEDABNG@WrTerminated@FNODOBFM@ 0000000140004d20     PT.obj
 0001:00003d30       ??_C@_0BA@DGEOODJM@WrProcessInSwap@FNODOBFM@ 0000000140004d30     PT.obj
 0001:00003d40       ??_C@_0BB@JFJIAIMI@WrCpuRateControl@FNODOBFM@ 0000000140004d40     PT.obj
 0001:00003d60       ??_C@_0P@KCBHBDEH@WrCalloutStack@FNODOBFM@ 0000000140004d60     PT.obj
 0001:00003d70       ??_C@_08CADKPAJG@WrKernel@FNODOBFM@ 0000000140004d70     PT.obj
 0001:00003d80       ??_C@_0L@HFNDIODE@WrResource@FNODOBFM@ 0000000140004d80     PT.obj
 0001:00003d90       ??_C@_0L@KKFKNPBK@WrPushLock@FNODOBFM@ 0000000140004d90     PT.obj
 0001:00003da0       ??_C@_07HBJKKALI@WrMutex@FNODOBFM@ 0000000140004da0     PT.obj
 0001:00003db0       ??_C@_0N@KGFCMHFJ@WrQuantumEnd@FNODOBFM@ 0000000140004db0     PT.obj
 0001:00003dc0       ??_C@_0O@IPEJKPNM@WrDispatchInt@FNODOBFM@ 0000000140004dc0     PT.obj
 0001:00003dd0       ??_C@_0M@KKCLKNEP@WrPreempted@FNODOBFM@ 0000000140004dd0     PT.obj
 0001:00003de0       ??_C@_0BB@LIGBMLPO@WrYieldExecution@FNODOBFM@ 0000000140004de0     PT.obj
 0001:00003e00       ??_C@_0M@EHJAFKJJ@WrFastMutex@FNODOBFM@ 0000000140004e00     PT.obj
 0001:00003e10       ??_C@_0P@GKLAOA@WrGuardedMutex@FNODOBFM@ 0000000140004e10     PT.obj
 0001:00003e20       ??_C@_09KHHCIKNC@WrRundown@FNODOBFM@ 0000000140004e20     PT.obj
 0001:00003e30       ??_C@_0BC@MKOBINNA@WrAlertByThreadId@FNODOBFM@ 0000000140004e30     PT.obj
 0001:00003e50       ??_C@_0BC@BIPDOAHE@WrDeferredPreempt@FNODOBFM@ 0000000140004e50     PT.obj
 0001:00003e70       ??_C@_0BA@BGIBNPEE@WrPhysicalFault@FNODOBFM@ 0000000140004e70     PT.obj
 0001:00003e80       ??_C@_08KFIJODEO@WrIoRing@FNODOBFM@ 0000000140004e80     PT.obj
 0001:00003e90       ??_C@_0L@FKGIMEDJ@WrMdlCache@FNODOBFM@ 0000000140004e90     PT.obj
 0001:00003ea0       ??_C@_04LEAFLDMF@?$FL?$CFx?$FN@FNODOBFM@ 0000000140004ea0     PT.obj
 0001:00003eb0       ??_C@_0M@OJIBHFOA@Initialized@FNODOBFM@ 0000000140004eb0     PT.obj
 0001:00003ec0       ??_C@_05GMBADOLI@Ready@FNODOBFM@ 0000000140004ec0     PT.obj
 0001:00003ed0       ??_C@_07JKJCPGE@Running@FNODOBFM@ 0000000140004ed0     PT.obj
 0001:00003ee0       ??_C@_07LNBDIIPN@Standby@FNODOBFM@ 0000000140004ee0     PT.obj
 0001:00003ef0       ??_C@_0L@NNDINIPK@Terminated@FNODOBFM@ 0000000140004ef0     PT.obj
 0001:00003f00       ??_C@_0L@CACIDCOI@Transition@FNODOBFM@ 0000000140004f00     PT.obj
 0001:00003f10       ??_C@_0O@GKFHHMDG@DeferredReady@FNODOBFM@ 0000000140004f10     PT.obj
 0001:00003f20       ??_C@_0BB@OHAJBHEL@GateWaitObsolete@FNODOBFM@ 0000000140004f20     PT.obj
 0001:00003f40       ??_C@_0BI@NJMPJPH@WaitingForProcessInSwap@FNODOBFM@ 0000000140004f40     PT.obj
 0001:00003f60       ??_C@_1DG@KJELOEN@?$AA?$CF?$AAx?$AA?3?$AA?5?$AA?$CF?$AAx?$AA?$CI?$AA?$CF?$AAx?$AA?$CJ?$AA?5?$AA?$FL?$AA?$CF?$AAx?$AA?$FN@FNODOBFM@ 0000000140004f60     PT.obj
 0001:00003fa0       ??_C@_1DI@NDONBPGD@?$AAP?$AAI?$AAD?$AA?$DN?$AA?$CF?$AAu?$AA?5?$AAN?$AAu?$AAm?$AAb?$AAe?$AAr?$AAO?$AAf@FNODOBFM@ 0000000140004fa0     PT.obj
 0001:00003fe0       ??_C@_1CA@LOKKCFKC@?$AA?$CF?$AAx?$AA?3?$AA?5?$AA?$CF?$AAp?$AA?5?$AA?$CF?$AAp?$AA?5?$AA?$CF?$AAh?$AAs?$AA?$AN?$AA?6@FNODOBFM@ 0000000140004fe0     PT.obj
 0001:00004000       ??_C@_1DI@FLKJADEG@?$AAD?$AAu?$AAm?$AAp?$AAP?$AAr?$AAo?$AAc?$AAe?$AAs?$AAs?$AAT?$AAh?$AAr?$AAe@FNODOBFM@ 0000000140005000     PT.obj
 0001:00004040       ??_C@_1DK@MELOKAPJ@?$AA?$CF?$AAx?$AA?5?$AA?$CC?$AA?$CF?$AAw?$AAs?$AA?$CC?$AA?5?$AA?$CI?$AA?$CC?$AA?$CF?$AAw?$AAs?$AA?$CC@FNODOBFM@ 0000000140005040     srv.obj
 0001:00004080       ??_C@_1CK@LFAPEAEK@?$AA?7?$AAS?$AAt?$AAa?$AAr?$AAt?$AAN?$AAa?$AAm?$AAe?$AA?5?$AA?$DN?$AA?5?$AA?$CC?$AA?$CF@FNODOBFM@ 0000000140005080     srv.obj
 0001:000040b0       ??_C@_1CG@DJMAHOMD@?$AAL?$AAi?$AAs?$AAt?$AA_?$AAS?$AAe?$AAr?$AAv?$AAi?$AAc?$AAe?$AAs?$AA?$DN?$AA?$CF@FNODOBFM@ 00000001400050b0     srv.obj
 0001:000040e0       ??_C@_0BD@BLGDCODL@TASK_STATE_UNKNOWN@FNODOBFM@ 00000001400050e0     task.obj
 0001:00004100       ??_C@_0BE@ECMBMEJC@TASK_STATE_DISABLED@FNODOBFM@ 0000000140005100     task.obj
 0001:00004120       ??_C@_0BC@DKOBFADC@TASK_STATE_QUEUED@FNODOBFM@ 0000000140005120     task.obj
 0001:00004140       ??_C@_0BB@LHDFJPIJ@TASK_STATE_READY@FNODOBFM@ 0000000140005140     task.obj
 0001:00004160       ??_C@_0BD@MDOMACMP@TASK_STATE_RUNNING@FNODOBFM@ 0000000140005160     task.obj
 0001:00004180       ??_C@_13FPGAJAPJ@?$AA?2@FNODOBFM@ 0000000140005180     task.obj
 0001:00004190       ??_C@_1BK@KDDKMJBN@?$AAS?$AA?9?$AA1?$AA?9?$AA5?$AA?9?$AA3?$AA2?$AA?9?$AA5?$AA4?$AA4@FNODOBFM@ 0000000140005190     task.obj
 0001:000041b0       ??_C@_17MEJHPLBO@?$AAc?$AAm?$AAd@FNODOBFM@ 00000001400051b0     task.obj
 0001:000041c0       ??_C@_1BA@KPPNLCOJ@?$AAc?$AAo?$AAm?$AAs?$AAp?$AAe?$AAc@FNODOBFM@ 00000001400051c0     task.obj
 0001:000041d0       ??_C@_1BK@JCHAMGBD@?$AA?$CF?$AAh?$AAs?$AA?$FL?$AA?$CC?$AA?$CF?$AAw?$AAs?$AA?$CC?$AA?$FN?$AA?$AN?$AA?6@FNODOBFM@ 00000001400051d0     task.obj
 0001:000041f0       ??_C@_1CG@IFDEFMEF@?$AA?$CF?$AAh?$AAs?$AA?7?$AA?$FL?$AA?$CF?$AAh?$AAs?$AA?$FN?$AA?3?$AA?5?$AA?$CC?$AA?$CF?$AAw?$AAs@FNODOBFM@ 00000001400051f0     task.obj
 0001:00004220       ??_C@_1BM@FBDBHHPP@?$AA?$CB?$AA?$CB?$AA?5?$AAt?$AAo?$AAo?$AA?5?$AAd?$AAe?$AAe?$AAp?$AA?$AN?$AA?6@FNODOBFM@ 0000000140005220     task.obj
 0001:00004240       ??_C@_0BD@BLCPHMMF@UndefinedLogonType@FNODOBFM@ 0000000140005240     Users.obj
 0001:00004260       ??_C@_0M@INEKDBAI@Interactive@FNODOBFM@ 0000000140005260     Users.obj
 0001:00004270       ??_C@_07BGDMAJAE@Network@FNODOBFM@ 0000000140005270     Users.obj
 0001:00004280       ??_C@_05KLBHAINL@Batch@FNODOBFM@ 0000000140005280     Users.obj
 0001:00004290       ??_C@_07LMLHFMEG@Service@FNODOBFM@ 0000000140005290     Users.obj
 0001:000042a0       ??_C@_05GPLPJAG@Proxy@FNODOBFM@ 00000001400052a0     Users.obj
 0001:000042b0       ??_C@_06NCJPDCLH@Unlock@FNODOBFM@ 00000001400052b0     Users.obj
 0001:000042c0       ??_C@_0BB@NFAOCLPE@NetworkCleartext@FNODOBFM@ 00000001400052c0     Users.obj
 0001:000042e0       ??_C@_0P@JGPJNOLN@NewCredentials@FNODOBFM@ 00000001400052e0     Users.obj
 0001:000042f0       ??_C@_0BC@EBJHNIOA@RemoteInteractive@FNODOBFM@ 00000001400052f0     Users.obj
 0001:00004310       ??_C@_0BC@GOMGOIPI@CachedInteractive@FNODOBFM@ 0000000140005310     Users.obj
 0001:00004330       ??_C@_0BI@NMMLLLKL@CachedRemoteInteractive@FNODOBFM@ 0000000140005330     Users.obj
 0001:00004350       ??_C@_0N@LKGEKIFO@CachedUnlock@FNODOBFM@ 0000000140005350     Users.obj
 0001:00004360       ??_C@_1GA@OPGIDKDO@?$AA?$CF?$AAx?$AA?5?$AA?$HL?$AA?$CF?$AA0?$AA8?$AAx?$AA?9?$AA?$CF?$AA0?$AA8?$AAx?$AA?$HN?$AA?5@FNODOBFM@ 0000000140005360     Users.obj
 0001:000043c0       ??_C@_1CO@JDNKBFCK@?$AA?2?$AAK?$AAn?$AAo?$AAw?$AAn?$AAD?$AAl?$AAl?$AAs?$AA3?$AA2?$AA?2?$AAn?$AAt@FNODOBFM@ 00000001400053c0     wow.obj
 0001:00005a50       ?sc_end@@YAPEAXXZ          0000000140006a50 f   ScEntry:prepare.obj
 0001:00005a58       ?ScEntry@@YAXPEAU_PEB@@@Z  0000000140006a58 f   ScEntry:prepare.obj
 0002:00000000       ??_C@_0BF@EKFKPNAI@RtlInitUnicodeString@ 0000000140007000     ScEntry:prepare.obj
 0002:00000018       ??_C@_1BI@NEOFKCPM@?$AAp?$AAr?$AAe?$AAp?$AAa?$AAr?$AAe?$AA?4?$AAd?$AAl?$AAl@ 0000000140007018     ScEntry:prepare.obj
 0002:00000030       ??_C@_0L@HOFGLFDL@LdrLoadDll@ 0000000140007030     ScEntry:prepare.obj
 0002:00000040       ??_C@_0BH@GKPJJDBO@LdrGetProcedureAddress@ 0000000140007040     ScEntry:prepare.obj
 0002:00000058       ??_C@_0N@FIGJGHFN@LdrUnloadDll@ 0000000140007058     ScEntry:prepare.obj
 0002:00000068       ??_C@_0BD@JDDPIELM@RtlExitUserProcess@ 0000000140007068     ScEntry:prepare.obj
 0003:00000000       __@@_PchSym_@00@UfhvihUsziibUwlxfnvmghUtrgsfyUhxUgnkUcGEUivovzhvUgvhggzhpUhgwzucOlyq@4B2008FD98C1DD4 0000000140008000     stdafx.obj
 0003:00000004       __@@_PchSym_@00@UfhvihUsziibUwlxfnvmghUtrgsfyUhxUgnkUcGEUivovzhvUhxvmgibUhgwzucOlyq@4B2008FD98C1DD4 0000000140008004     ScEntry:stdafx.obj

 entry point at        0001:00005a58

 Static symbols

 0001:00000057       common_imp_call            0000000140001057 f   x64.obj
 0001:000000aa       protect                    00000001400010aa f   x64.obj
 0001:000038c8       ?$S1@?1??AdjustPrivileges@@YAXXZ@4T<unnamed-type-$S1>@?1??1@YAXXZ@B 00000001400048c8     ep.obj
 0001:00005000       ?OpenSCManagerW            0000000140006000     x64.obj
 0001:00005000       @imp_begin@                0000000140006000     x64.obj
 0001:00005018       ?LsaFreeMemory             0000000140006018     x64.obj
 0001:00005030       ?OpenServiceW              0000000140006030     x64.obj
 0001:00005048       ?LsaClose                  0000000140006048     x64.obj
 0001:00005060       ?EnumServicesStatusExW     0000000140006060     x64.obj
 0001:00005080       ?LsaOpenPolicy             0000000140006080     x64.obj
 0001:00005098       ?LsaLookupSids             0000000140006098     x64.obj
 0001:000050b0       ?CloseServiceHandle        00000001400060b0     x64.obj
 0001:000050d0       ?QueryServiceConfigW       00000001400060d0     x64.obj
 0001:000050f0       @advapi32                  00000001400060f0     x64.obj
 0001:00005118       ?GetSystemTimeAsFileTime   0000000140006118     x64.obj
 0001:00005138       ?Sleep                     0000000140006138     x64.obj
 0001:00005148       ?GetCommandLineW           0000000140006148     x64.obj
 0001:00005160       ?MultiByteToWideChar       0000000140006160     x64.obj
 0001:00005180       ?GetEnvironmentVariableW   0000000140006180     x64.obj
 0001:000051a0       ?IsDebuggerPresent         00000001400061a0     x64.obj
 0001:000051c0       ?GetLastError              00000001400061c0     x64.obj
 0001:000051d8       ?GetStdHandle              00000001400061d8     x64.obj
 0001:000051f0       ?GetConsoleOutputCP        00000001400061f0     x64.obj
 0001:00005210       ?FormatMessageW            0000000140006210     x64.obj
 0001:00005228       ?GetModuleHandleW          0000000140006228     x64.obj
 0001:00005248       ?WriteFile                 0000000140006248     x64.obj
 0001:00005260       ?WriteConsoleW             0000000140006260     x64.obj
 0001:00005278       ?RaiseException            0000000140006278     x64.obj
 0001:00005290       ?LocalAlloc                0000000140006290     x64.obj
 0001:000052a8       ?WideCharToMultiByte       00000001400062a8     x64.obj
 0001:000052c8       ?LocalFree                 00000001400062c8     x64.obj
 0001:000052e0       ?ExitProcess               00000001400062e0     x64.obj
 0001:000052f8       @kernel32                  00000001400062f8     x64.obj
 0001:00005320       ?SysFreeString             0000000140006320     x64.obj
 0001:00005330       ?SysAllocString            0000000140006330     x64.obj
 0001:00005340       @Oleaut32                  0000000140006340     x64.obj
 0001:00005368       ?LsaGetLogonSessionData    0000000140006368     x64.obj
 0001:00005388       ?LsaEnumerateLogonSessions 0000000140006388     x64.obj
 0001:000053b0       ?LsaFreeReturnBuffer       00000001400063b0     x64.obj
 0001:000053d0       @Secur32                   00000001400063d0     x64.obj
 0001:000053f0       ?RtlGetNtVersionNumbers    00000001400063f0     x64.obj
 0001:00005410       ?_snwprintf                0000000140006410     x64.obj
 0001:00005428       ?RtlSubAuthorityCountSid   0000000140006428     x64.obj
 0001:00005448       ?RtlSubAuthoritySid        0000000140006448     x64.obj
 0001:00005468       ?RtlIdentifierAuthoritySid 0000000140006468     x64.obj
 0001:00005490       ?RtlConvertSidToUnicodeString 0000000140006490     x64.obj
 0001:000054b8       ?ZwQuerySection            00000001400064b8     x64.obj
 0001:000054d0       ?NtQuerySystemInformation  00000001400064d0     x64.obj
 0001:000054f8       ?RtlImageNtHeader          00000001400064f8     x64.obj
 0001:00005518       ?RtlImageDirectoryEntryToData 0000000140006518     x64.obj
 0001:00005540       ?memset                    0000000140006540     x64.obj
 0001:00005550       ?sprintf_s                 0000000140006550     x64.obj
 0001:00005568       ?NtQueryVolumeInformationFile 0000000140006568     x64.obj
 0001:00005590       ?_vsnwprintf               0000000140006590     x64.obj
 0001:000055a8       ?RtlGetFrame               00000001400065a8     x64.obj
 0001:000055c0       ?NtCreateSection           00000001400065c0     x64.obj
 0001:000055d8       ?NtOpenProcess             00000001400065d8     x64.obj
 0001:000055f0       ?ZwUnmapViewOfSection      00000001400065f0     x64.obj
 0001:00005610       ?ZwMapViewOfSection        0000000140006610     x64.obj
 0001:00005630       ?ZwTerminateThread         0000000140006630     x64.obj
 0001:00005650       ?ZwWaitForSingleObject     0000000140006650     x64.obj
 0001:00005670       ?RtlCopySid                0000000140006670     x64.obj
 0001:00005688       ?NtSetInformationThread    0000000140006688     x64.obj
 0001:000056a8       ?RtlCreateUserThread       00000001400066a8     x64.obj
 0001:000056c8       ?ZwQueueApcThread          00000001400066c8     x64.obj
 0001:000056e8       ?RtlQueueApcWow64Thread    00000001400066e8     x64.obj
 0001:00005708       ?RtlFreeUnicodeString      0000000140006708     x64.obj
 0001:00005728       ?RtlDosPathNameToNtPathName_U_WithStatus 0000000140006728     x64.obj
 0001:00005758       ?NtQueryDirectoryFile      0000000140006758     x64.obj
 0001:00005778       ?NtOpenFile                0000000140006778     x64.obj
 0001:00005790       ?wcstoul                   0000000140006790     x64.obj
 0001:000057a0       ?RtlHashUnicodeString      00000001400067a0     x64.obj
 0001:000057c0       ?RtlInitUnicodeString      00000001400067c0     x64.obj
 0001:000057e0       ?wcschr                    00000001400067e0     x64.obj
 0001:000057f0       ?NtClose                   00000001400067f0     x64.obj
 0001:00005800       ?NtAdjustPrivilegesToken   0000000140006800     x64.obj
 0001:00005820       ?NtOpenProcessToken        0000000140006820     x64.obj
 0001:00005840       ?RtlPopFrame               0000000140006840     x64.obj
 0001:00005858       ?RtlPushFrame              0000000140006858     x64.obj
 0001:00005870       ?NtQueryVirtualMemory      0000000140006870     x64.obj
 0001:00005890       ?RtlFreeHeap               0000000140006890     x64.obj
 0001:000058a8       ?RtlAllocateHeap           00000001400068a8     x64.obj
 0001:000058c0       ?LdrGetProcedureAddress    00000001400068c0     x64.obj
 0001:000058e0       ?LdrLoadDll                00000001400068e0     x64.obj
 0001:000058f8       ?RtlLengthSid              00000001400068f8     x64.obj
 0001:00005910       ?RtlEqualSid               0000000140006910     x64.obj
 0001:00005928       ?ZwResumeThread            0000000140006928     x64.obj
 0001:00005940       ?NtQueryInformationToken   0000000140006940     x64.obj
 0001:00005960       ?NtQueryInformationProcess 0000000140006960     x64.obj
 0001:00005988       ?ZwOpenSection             0000000140006988     x64.obj
 0001:000059a0       ?NtSetInformationVirtualMemory 00000001400069a0     x64.obj
 0001:000059c8       @ntdllp                    00000001400069c8     x64.obj
 0001:000059d8       ?CoCreateInstance          00000001400069d8     x64.obj
 0001:000059f8       ?CoInitializeEx            00000001400069f8     x64.obj
 0001:00005a10       ?CoUninitialize            0000000140006a10     x64.obj
 0001:00005a28       @ole32                     0000000140006a28     x64.obj
 0002:0000011c       $unwind$?NtSetProcessValidCallTargets@@YAJPEAX0_KKPEAU_CFG_CALL_TARGET_INFO@@@Z 000000014000711c     cfg.obj
 0002:00000128       $unwind$?SetExportValid@@YAJPEAXPEBX1@Z 0000000140007128     cfg.obj
 0002:00000144       $unwind$?GetThreadWaitReason@@YAPEBDW4_KWAIT_REASON@@PEADK@Z 0000000140007144     PT.obj
 0002:00000144       $unwind$?GetLogonTypeName@@YAPEBDKPEADK@Z 0000000140007144     Users.obj
 0002:00000144       $unwind$??0PrintInfo@@QEAA@XZ 0000000140007144     ep.obj
 0002:0000014c       $unwind$?AdjustPrivileges@@YAXXZ 000000014000714c     ep.obj
 0002:0000014c       $unwind$?get_hmod@@YAPEAXPEB_W@Z 000000014000714c     ScEntry:GetFuncAddr.obj
 0002:00000154       $unwind$?OnCmd@@YAXPEA_W@Z 0000000140007154     ep.obj
 0002:00000168       $unwind$?ep@@YAXXZ         0000000140007168     ep.obj
 0002:00000178       $unwind$?ListFolder@@YAXPEAU_OBJECT_ATTRIBUTES@@PEBD@Z 0000000140007178     folder.obj
 0002:00000198       $unwind$?ListFolder@@YAJPEB_WK@Z 0000000140007198     folder.obj
 0002:000001b4       $unwind$?DoQuery@@YAJPEAX0KEQEATFUNC@@@Z 00000001400071b4     modules.obj
 0002:000001cc       $unwind$?DumpModules@@YAXPEAXKE@Z 00000001400071cc     modules.obj
 0002:000001e0       $unwind$?ProQuery@@YAJ_K@Z 00000001400071e0     modules.obj
 0002:000001f0       $unwind$?PutChars@@YAXPEB_WK@Z 00000001400071f0     print.obj
 0002:00000208       $unwind$?PrintWA_v@@YAXPEB_WZZ 0000000140007208     print.obj
 0002:00000218       $unwind$?PrintError@@YAJJ@Z 0000000140007218     print.obj
 0002:00000224       $unwind$?InitPrintf@@YAXXZ 0000000140007224     print.obj
 0002:0000022c       $unwind$?List_all_running_processes@@YAJXZ 000000014000722c     PT.obj
 0002:00000240       $unwind$?DumpProcessThreads@@YAJ_K@Z 0000000140007240     PT.obj
 0002:00000254       $unwind$?Dump@SIDS@@QEAAXPEAXPEAU_ENUM_SERVICE_STATUS_PROCESSW@@K@Z 0000000140007254     srv.obj
 0002:00000270       $unwind$?List_Services@@YAJXZ 0000000140007270     srv.obj
 0002:00000288       $unwind$?CreateTask_I@@YAJPEA_W@Z 0000000140007288     task.obj
 0002:0000029c       $unwind$?CreateTask@@YAJPEB_W@Z 000000014000729c     task.obj
 0002:000002b4       $unwind$?CreateTask@@YAJXZ 00000001400072b4     task.obj
 0002:000002d0       $unwind$?ListFolder@@YAXPEAUITaskFolder@@PEBD@Z 00000001400072d0     task.obj
 0002:000002e0       $unwind$?ListTask@@YAJXZ   00000001400072e0     task.obj
 0002:000002f0       $unwind$?ListUsers@@YAJXZ  00000001400072f0     Users.obj
 0002:00000314       $unwind$?GetFunc@@YAKKPEAU_IMAGE_EXPORT_DIRECTORY@@KPEAXPEBDK@Z 0000000140007314     wow.obj
 0002:00000330       $unwind$?GetWowInfo@@YAJPEATFUNC@@K@Z 0000000140007330     wow.obj
 0002:0000034c       $unwind$?ScEntry@@YAXPEAU_PEB@@@Z 000000014000734c     ScEntry:prepare.obj
 0002:0000035c       $unwind$?GetFuncAddressEx@@YAPEAXPEAU_IMAGE_DOS_HEADER@@PEBD@Z 000000014000735c     ScEntry:GetFuncAddr.obj
