 Tools

 Timestamp is 6710414c (Thu Oct 17 01:42:20 2024)

 Preferred load address is 0000000140000000

 Start         Length     Name                   Class
 0001:00000000 0000111cH .text$mn                CODE
 0001:0000111c 00002b84H .text$mn$cpp            CODE
 0001:00003ca0 00000ae0H .text$mn$cpp$s          CODE
 0001:00004780 000005b0H .text$mn$dat            CODE
 0001:00004d30 00000008H .text$nm                CODE
 0001:00004d38 00000115H .text$zz                CODE
 0002:00000000 000000b4H .rdata                  DATA
 0002:000000b4 00000068H .rdata$zzzdbg           DATA
 0002:0000011c 0000025cH .xdata                  DATA
 0002:00000378 00000000H .edata                  DATA
 0003:00000000 00000000H .data                   DATA
 0003:00000000 00000008H .bss                    DATA
 0004:00000000 00000180H .pdata                  DATA

  Address         Publics by Value              Rva+Base               Lib:Object

 0000:00000000       __AbsoluteZero             0000000000000000     <absolute>
 0000:00000000       __arm64x_extra_rfe_table   0000000000000000     <absolute>
 0000:00000000       __arm64x_extra_rfe_table_size 0000000000000000     <absolute>
 0000:00000000       __arm64x_native_entrypoint 0000000000000000     <absolute>
 0000:00000000       __arm64x_redirection_metadata 0000000000000000     <absolute>
 0000:00000000       __arm64x_redirection_metadata_count 0000000000000000     <absolute>
 0000:00000000       __dynamic_value_reloc_table 0000000000000000     <absolute>
 0000:00000000       __enclave_config           0000000000000000     <absolute>
 0000:00000000       __guard_check_icall_a64n_fptr 0000000000000000     <absolute>
 0000:00000000       __guard_eh_cont_count      0000000000000000     <absolute>
 0000:00000000       __guard_eh_cont_table      0000000000000000     <absolute>
 0000:00000000       __guard_fids_count         0000000000000000     <absolute>
 0000:00000000       __guard_fids_table         0000000000000000     <absolute>
 0000:00000000       __guard_flags              0000000000000000     <absolute>
 0000:00000000       __guard_iat_count          0000000000000000     <absolute>
 0000:00000000       __guard_iat_table          0000000000000000     <absolute>
 0000:00000000       __guard_longjmp_count      0000000000000000     <absolute>
 0000:00000000       __guard_longjmp_table      0000000000000000     <absolute>
 0000:00000000       __hybrid_auxiliary_delayload_iat 0000000000000000     <absolute>
 0000:00000000       __hybrid_auxiliary_delayload_iat_copy 0000000000000000     <absolute>
 0000:00000000       __hybrid_auxiliary_iat     0000000000000000     <absolute>
 0000:00000000       __hybrid_auxiliary_iat_copy 0000000000000000     <absolute>
 0000:00000000       __hybrid_code_map          0000000000000000     <absolute>
 0000:00000000       __hybrid_code_map_count    0000000000000000     <absolute>
 0000:00000000       __hybrid_image_info_bitfield 0000000000000000     <absolute>
 0000:00000000       __volatile_metadata        0000000000000000     <absolute>
 0000:00000000       __x64_code_ranges_to_entry_points 0000000000000000     <absolute>
 0000:00000000       __x64_code_ranges_to_entry_points_count 0000000000000000     <absolute>
 0000:00000000       __ImageBase                0000000140000000     <linker-defined>
 0001:00000000       ?epASM@@YAXPEAU_PEB@@@Z    0000000140001000 f   x64.obj
 0001:0000005c       OpenSCManagerW             000000014000105c f   x64.obj
 0001:00000087       LsaFreeMemory              0000000140001087 f   x64.obj
 0001:000000ae       OpenServiceW               00000001400010ae f   x64.obj
 0001:000000d5       LsaClose                   00000001400010d5 f   x64.obj
 0001:000000f9       EnumServicesStatusExW      00000001400010f9 f   x64.obj
 0001:0000012e       LsaOpenPolicy              000000014000112e f   x64.obj
 0001:00000156       LsaLookupSids              0000000140001156 f   x64.obj
 0001:0000017e       CloseServiceHandle         000000014000117e f   x64.obj
 0001:000001ab       QueryServiceConfigW        00000001400011ab f   x64.obj
 0001:0000020a       GetSystemTimeAsFileTime    000000014000120a f   x64.obj
 0001:00000240       ExitProcess                0000000140001240 f   x64.obj
 0001:0000026c       LocalFree                  000000014000126c f   x64.obj
 0001:00000292       MultiByteToWideChar        0000000140001292 f   x64.obj
 0001:000002c4       GetEnvironmentVariableW    00000001400012c4 f   x64.obj
 0001:000002f8       GetCommandLineW            00000001400012f8 f   x64.obj
 0001:00000328       GetLastError               0000000140001328 f   x64.obj
 0001:00000355       GetStdHandle               0000000140001355 f   x64.obj
 0001:0000037d       GetConsoleOutputCP         000000014000137d f   x64.obj
 0001:000003ab       FormatMessageW             00000001400013ab f   x64.obj
 0001:000003d7       GetModuleHandleW           00000001400013d7 f   x64.obj
 0001:00000401       WriteFile                  0000000140001401 f   x64.obj
 0001:0000042a       WriteConsoleW              000000014000142a f   x64.obj
 0001:00000456       RaiseException             0000000140001456 f   x64.obj
 0001:0000047f       IsDebuggerPresent          000000014000147f f   x64.obj
 0001:000004aa       LocalAlloc                 00000001400014aa f   x64.obj
 0001:000004d3       WideCharToMultiByte        00000001400014d3 f   x64.obj
 0001:00000532       SysFreeString              0000000140001532 f   x64.obj
 0001:0000055e       SysAllocString             000000014000155e f   x64.obj
 0001:000005b2       LsaGetLogonSessionData     00000001400015b2 f   x64.obj
 0001:000005e7       LsaEnumerateLogonSessions  00000001400015e7 f   x64.obj
 0001:0000061a       LsaFreeReturnBuffer        000000014000161a f   x64.obj
 0001:00000678       RtlEqualSid                0000000140001678 f   x64.obj
 0001:000006a4       RtlLengthSid               00000001400016a4 f   x64.obj
 0001:000006cd       RtlCopySid                 00000001400016cd f   x64.obj
 0001:000006f3       RtlGetNtVersionNumbers     00000001400016f3 f   x64.obj
 0001:00000727       _snwprintf                 0000000140001727 f   x64.obj
 0001:0000074b       RtlSubAuthorityCountSid    000000014000174b f   x64.obj
 0001:00000780       RtlSubAuthoritySid         0000000140001780 f   x64.obj
 0001:000007b3       RtlIdentifierAuthoritySid  00000001400017b3 f   x64.obj
 0001:000007ea       _vsnwprintf                00000001400017ea f   x64.obj
 0001:00000814       __chkstk                   0000000140001814 f   x64.obj
 0001:00000839       ZwQuerySection             0000000140001839 f   x64.obj
 0001:00000867       ZwOpenSection              0000000140001867 f   x64.obj
 0001:0000088e       RtlImageNtHeader           000000014000188e f   x64.obj
 0001:000008b9       RtlImageDirectoryEntryToData 00000001400018b9 f   x64.obj
 0001:000008f5       RtlGetFrame                00000001400018f5 f   x64.obj
 0001:0000091c       NtCreateSection            000000014000191c f   x64.obj
 0001:00000948       NtOpenProcess              0000000140001948 f   x64.obj
 0001:00000976       ZwUnmapViewOfSection       0000000140001976 f   x64.obj
 0001:000009a5       ZwMapViewOfSection         00000001400019a5 f   x64.obj
 0001:000009d3       ZwTerminateThread          00000001400019d3 f   x64.obj
 0001:00000a02       ZwWaitForSingleObject      0000000140001a02 f   x64.obj
 0001:00000a36       ZwResumeThread             0000000140001a36 f   x64.obj
 0001:00000a5f       NtQueryInformationToken    0000000140001a5f f   x64.obj
 0001:00000a90       RtlCreateUserThread        0000000140001a90 f   x64.obj
 0001:00000ac4       ZwQueueApcThread           0000000140001ac4 f   x64.obj
 0001:00000af1       RtlExitUserThread          0000000140001af1 f   x64.obj
 0001:00000b22       LdrQueryProcessModuleInformation 0000000140001b22 f   x64.obj
 0001:00000b61       RtlQueueApcWow64Thread     0000000140001b61 f   x64.obj
 0001:00000b97       RtlFreeUnicodeString       0000000140001b97 f   x64.obj
 0001:00000bc5       RtlDosPathNameToNtPathName_U_WithStatus 0000000140001bc5 f   x64.obj
 0001:00000c08       NtQueryDirectoryFile       0000000140001c08 f   x64.obj
 0001:00000c3d       NtOpenFile                 0000000140001c3d f   x64.obj
 0001:00000c63       wcstoul                    0000000140001c63 f   x64.obj
 0001:00000c88       RtlHashUnicodeString       0000000140001c88 f   x64.obj
 0001:00000cbd       RtlInitUnicodeString       0000000140001cbd f   x64.obj
 0001:00000ced       wcschr                     0000000140001ced f   x64.obj
 0001:00000d0f       NtClose                    0000000140001d0f f   x64.obj
 0001:00000d30       NtAdjustPrivilegesToken    0000000140001d30 f   x64.obj
 0001:00000d68       NtOpenProcessToken         0000000140001d68 f   x64.obj
 0001:00000d9b       RtlPopFrame                0000000140001d9b f   x64.obj
 0001:00000dc4       RtlPushFrame               0000000140001dc4 f   x64.obj
 0001:00000ded       NtQueryVirtualMemory       0000000140001ded f   x64.obj
 0001:00000e1d       RtlFreeHeap                0000000140001e1d f   x64.obj
 0001:00000e44       RtlAllocateHeap            0000000140001e44 f   x64.obj
 0001:00000e70       LdrGetProcedureAddress     0000000140001e70 f   x64.obj
 0001:00000ea7       LdrLoadDll                 0000000140001ea7 f   x64.obj
 0001:00000ecb       NtQuerySystemInformation   0000000140001ecb f   x64.obj
 0001:00000f01       sprintf_s                  0000000140001f01 f   x64.obj
 0001:00000f2a       NtSetInformationThread     0000000140001f2a f   x64.obj
 0001:00000f5f       NtQueryVolumeInformationFile 0000000140001f5f f   x64.obj
 0001:00000f95       NtQueryInformationProcess  0000000140001f95 f   x64.obj
 0001:00000fca       RtlConvertSidToUnicodeString 0000000140001fca f   x64.obj
 0001:00001005       NtSetInformationVirtualMemory 0000000140002005 f   x64.obj
 0001:0000103e       memset                     000000014000203e f   x64.obj
 0001:00001072       CoInitializeEx             0000000140002072 f   x64.obj
 0001:0000109f       CoCreateInstance           000000014000209f f   x64.obj
 0001:000010c9       CoUninitialize             00000001400020c9 f   x64.obj
 0001:0000111c       ?NtSetProcessValidCallTargets@@YAJPEAX0_KKPEAU_CFG_CALL_TARGET_INFO@@@Z 000000014000211c f   cfg.obj
 0001:000011a4       ?SetExportValid@@YAJPEAXPEBX1@Z 00000001400021a4 f   cfg.obj
 0001:00001358       ??0PrintInfo@@QEAA@XZ      0000000140002358 f i ep.obj
 0001:00001394       ??1PrintInfo@@QEAA@XZ      0000000140002394 f i ep.obj
 0001:0000139c       ?AdjustPrivileges@@YAXXZ   000000014000239c f   ep.obj
 0001:00001404       ?OnCmd@@YAXPEA_W@Z         0000000140002404 f   ep.obj
 0001:0000160c       ?ep@@YAXPEAU_PEB@@@Z       000000014000260c f   ep.obj
 0001:00001694       ?ListFolder@@YAXPEAU_OBJECT_ATTRIBUTES@@PEBD@Z 0000000140002694 f   folder.obj
 0001:000018d0       ?ListFolder@@YAJPEB_WK@Z   00000001400028d0 f   folder.obj
 0001:0000199c       ?DoQuery@@YAJPEAX0KEQEATFUNC@@@Z 000000014000299c f   modules.obj
 0001:00001b34       ?DumpModules@@YAXPEAXKE@Z  0000000140002b34 f   modules.obj
 0001:00001c80       ?ProQuery@@YAJ_K@Z         0000000140002c80 f   modules.obj
 0001:00001edc       ?PutChars@@YAXPEB_WK@Z     0000000140002edc f   print.obj
 0001:00002088       ?PrintWA_v@@YAXPEB_WZZ     0000000140003088 f   print.obj
 0001:0000215c       ?PrintError@@YAJJ@Z        000000014000315c f   print.obj
 0001:000021ec       ?InitPrintf@@YAXXZ         00000001400031ec f   print.obj
 0001:00002278       ?GetThreadWaitReason@@YAPEBDW4_KWAIT_REASON@@PEADK@Z 0000000140003278 f   PT.obj
 0001:000025a8       ?List_all_running_processes@@YAJXZ 00000001400035a8 f   PT.obj
 0001:000026a4       ?DumpProcessThreads@@YAJ_K@Z 00000001400036a4 f   PT.obj
 0001:000028a4       ?Dump@SIDS@@QEAAXPEAXPEAU_ENUM_SERVICE_STATUS_PROCESSW@@K@Z 00000001400038a4 f   srv.obj
 0001:00002a04       ?List_Services@@YAJXZ      0000000140003a04 f   srv.obj
 0001:00002e7c       ?CreateTask_I@@YAJPEA_W@Z  0000000140003e7c f   task.obj
 0001:00003034       ?CreateTask@@YAJPEB_W@Z    0000000140004034 f   task.obj
 0001:00003130       ?CreateTask@@YAJXZ         0000000140004130 f   task.obj
 0001:000031ec       ?ListFolder@@YAXPEAUITaskFolder@@PEBD@Z 00000001400041ec f   task.obj
 0001:00003410       ?ListTask@@YAJXZ           0000000140004410 f   task.obj
 0001:00003530       ?GetLogonTypeName@@YAPEBDKPEADK@Z 0000000140004530 f   Users.obj
 0001:00003624       ?ListUsers@@YAJXZ          0000000140004624 f   Users.obj
 0001:00003824       ?GetFunc@@YAKKPEAU_IMAGE_EXPORT_DIRECTORY@@KPEAXPEBDK@Z 0000000140004824 f   wow.obj
 0001:0000392c       ?GetWowInfo@@YAJPEATFUNC@@K@Z 000000014000492c f   wow.obj
 0001:00003ae8       ?get_hmod@@YAPEAXPEB_W@Z   0000000140004ae8 f   ScEntry:GetFuncAddr.obj
 0001:00003b44       ?GetFuncAddressEx@@YAPEAXPEAU_IMAGE_DOS_HEADER@@PEBD@Z 0000000140004b44 f   ScEntry:GetFuncAddr.obj
 0001:00003ca0       ??_C@_0BK@PCGDBAMC@?$DPname?$EAPrintInfo?$EA?$EASAPEBDXZ@FNODOBFM@ 0000000140004ca0     ep.obj
 0001:00003cc0       ??_C@_1CM@DOPICJIB@?$AAA?$AAd?$AAj?$AAu?$AAs?$AAt?$AAP?$AAr?$AAi?$AAv?$AAi?$AAl?$AAe?$AAg?$AAe@FNODOBFM@ 0000000140004cc0     ep.obj
 0001:00003cf0       ??_C@_1O@OFOJCOLI@?$AA?7?$AA?$CF?$AAw?$AAs?$AA?$AN?$AA?6@FNODOBFM@ 0000000140004cf0     ep.obj
 0001:00003d00       ??_C@_1DI@HGPDKKDJ@?$AAt?$AAo?$AAo?$AA?5?$AAm?$AAa?$AAn?$AAy?$AA?5?$AAp?$AAa?$AAr?$AAa?$AAm?$AAs@FNODOBFM@ 0000000140004d00     ep.obj
 0001:00003d40       ??_C@_1EC@GFCGHOOD@?$AAc?$AAa?$AAs?$AAe?$AA?5?$AA0?$AAx?$AA?$CF?$AA0?$AA8?$AAx?$AA?3?$AA?5?$AA?1?$AA?1@FNODOBFM@ 0000000140004d40     ep.obj
 0001:00003d90       ??_C@_1CA@LNGIBHBH@?$AA?$CF?$AAh?$AAs?$AA?$CF?$AAx?$AA?5?$AA?$FL?$AA?$CC?$AA?$CF?$AAw?$AAZ?$AA?$CC?$AA?$FN?$AA?$AN?$AA?6@FNODOBFM@ 0000000140004d90     folder.obj
 0001:00003db0       ??_C@_1CI@BIOMLOFM@?$AA?$CF?$AAh?$AAs?$AA?$CF?$AAx?$AA?5?$AA?$CF?$AAI?$AA6?$AA4?$AAu?$AA?5?$AA?$CC?$AA?$CF?$AAw@FNODOBFM@ 0000000140004db0     folder.obj
 0001:00003de0       ??_C@_1CE@FLJFOHFG@?$AA?$CF?$AAh?$AAs?$AA?5?$AA?$CB?$AA?$CB?$AA?5?$AA?$CF?$AAx?$AA?5?$AA?$CC?$AA?$CF?$AAw?$AAZ?$AA?$CC@FNODOBFM@ 0000000140004de0     folder.obj
 0001:00003e10       ??_C@_11LOCGONAA@@FNODOBFM@ 0000000140004e10     modules.obj
 0001:00003e20       ??_C@_0CB@GEDFOBKG@LdrQueryProcessModuleInformatio@FNODOBFM@ 0000000140004e20     modules.obj
 0001:00003e50       ??_C@_0BC@BGOECEEA@RtlExitUserThread@FNODOBFM@ 0000000140004e50     modules.obj
 0001:00003e70       ??_C@_1EA@KJKILMBC@?$AAD?$AAu?$AAm?$AAp?$AAM?$AAo?$AAd?$AAu?$AAl?$AAe?$AAs?$AA?$CI?$AAw?$AA?$DN?$AA?$CF@FNODOBFM@ 0000000140004e70     modules.obj
 0001:00003eb0       ??_C@_1CA@FGEDGAFK@?$AAG?$AAe?$AAt?$AAW?$AAo?$AAw?$AAI?$AAn?$AAf?$AAo?$AA?$DN?$AA?$CF?$AAx?$AA?$AN?$AA?6@FNODOBFM@ 0000000140004eb0     modules.obj
 0001:00003ed0       ??_C@_1CE@DLGMMIJH@?$AAP?$AAr?$AAo?$AAQ?$AAu?$AAe?$AAr?$AAy?$AA?$CI?$AA?$CF?$AAu?$AA?$CJ?$AA?$DN?$AA?$CF?$AAx@FNODOBFM@ 0000000140004ed0     modules.obj
 0001:00003f00       ??_C@_1CA@DFMAEJDP@?$AA?$CF?$AAp?$AA?5?$AA?$CF?$AA0?$AA8?$AAx?$AA?5?$AA?$CC?$AA?$CF?$AAh?$AAs?$AA?$CC?$AA?$AN?$AA?6@FNODOBFM@ 0000000140004f00     modules.obj
 0001:00003f20       ??_C@_1M@OAIMIKLP@?$AAn?$AAt?$AAd?$AAl?$AAl@FNODOBFM@ 0000000140004f20     print.obj
 0001:00003f30       ??_C@_09FEKNCLPD@Executive@FNODOBFM@ 0000000140004f30     PT.obj
 0001:00003f40       ??_C@_08DFCHOHHA@FreePage@FNODOBFM@ 0000000140004f40     PT.obj
 0001:00003f50       ??_C@_06CBDBEJMD@PageIn@FNODOBFM@ 0000000140004f50     PT.obj
 0001:00003f60       ??_C@_0P@JMNJFBFE@PoolAllocation@FNODOBFM@ 0000000140004f60     PT.obj
 0001:00003f70       ??_C@_0P@HKNPNBLI@DelayExecution@FNODOBFM@ 0000000140004f70     PT.obj
 0001:00003f80       ??_C@_09LPCHPKPJ@Suspended@FNODOBFM@ 0000000140004f80     PT.obj
 0001:00003f90       ??_C@_0M@IAHEEPPB@UserRequest@FNODOBFM@ 0000000140004f90     PT.obj
 0001:00003fa0       ??_C@_0M@CCFPNNFL@WrExecutive@FNODOBFM@ 0000000140004fa0     PT.obj
 0001:00003fb0       ??_C@_0L@BLJANPDA@WrFreePage@FNODOBFM@ 0000000140004fb0     PT.obj
 0001:00003fc0       ??_C@_08KCBCDIEB@WrPageIn@FNODOBFM@ 0000000140004fc0     PT.obj
 0001:00003fd0       ??_C@_0BB@LAKGLFLG@WrPoolAllocation@FNODOBFM@ 0000000140004fd0     PT.obj
 0001:00003ff0       ??_C@_0BB@FGKADFFK@WrDelayExecution@FNODOBFM@ 0000000140004ff0     PT.obj
 0001:00004010       ??_C@_0M@MJNFAMFB@WrSuspended@FNODOBFM@ 0000000140005010     PT.obj
 0001:00004020       ??_C@_0O@LCHEFIML@WrUserRequest@FNODOBFM@ 0000000140005020     PT.obj
 0001:00004030       ??_C@_0M@KDBKHFFM@WrEventPair@FNODOBFM@ 0000000140005030     PT.obj
 0001:00004040       ??_C@_07OGBJNMO@WrQueue@FNODOBFM@ 0000000140005040     PT.obj
 0001:00004050       ??_C@_0N@BMBBAFFH@WrLpcReceive@FNODOBFM@ 0000000140005050     PT.obj
 0001:00004060       ??_C@_0L@NNHCOFEM@WrLpcReply@FNODOBFM@ 0000000140005060     PT.obj
 0001:00004070       ??_C@_0BA@FCKNEPLG@WrVirtualMemory@FNODOBFM@ 0000000140005070     PT.obj
 0001:00004080       ??_C@_09HPDCMMIB@WrPageOut@FNODOBFM@ 0000000140005080     PT.obj
 0001:00004090       ??_C@_0N@KLNHPHMI@WrRendezvous@FNODOBFM@ 0000000140005090     PT.obj
 0001:000040a0       ??_C@_0N@BJLDKGFO@WrKeyedEvent@FNODOBFM@ 00000001400050a0     PT.obj
 0001:000040b0       ??_C@_0N@FEDABNG@WrTerminated@FNODOBFM@ 00000001400050b0     PT.obj
 0001:000040c0       ??_C@_0BA@DGEOODJM@WrProcessInSwap@FNODOBFM@ 00000001400050c0     PT.obj
 0001:000040d0       ??_C@_0BB@JFJIAIMI@WrCpuRateControl@FNODOBFM@ 00000001400050d0     PT.obj
 0001:000040f0       ??_C@_0P@KCBHBDEH@WrCalloutStack@FNODOBFM@ 00000001400050f0     PT.obj
 0001:00004100       ??_C@_08CADKPAJG@WrKernel@FNODOBFM@ 0000000140005100     PT.obj
 0001:00004110       ??_C@_0L@HFNDIODE@WrResource@FNODOBFM@ 0000000140005110     PT.obj
 0001:00004120       ??_C@_0L@KKFKNPBK@WrPushLock@FNODOBFM@ 0000000140005120     PT.obj
 0001:00004130       ??_C@_07HBJKKALI@WrMutex@FNODOBFM@ 0000000140005130     PT.obj
 0001:00004140       ??_C@_0N@KGFCMHFJ@WrQuantumEnd@FNODOBFM@ 0000000140005140     PT.obj
 0001:00004150       ??_C@_0O@IPEJKPNM@WrDispatchInt@FNODOBFM@ 0000000140005150     PT.obj
 0001:00004160       ??_C@_0M@KKCLKNEP@WrPreempted@FNODOBFM@ 0000000140005160     PT.obj
 0001:00004170       ??_C@_0BB@LIGBMLPO@WrYieldExecution@FNODOBFM@ 0000000140005170     PT.obj
 0001:00004190       ??_C@_0M@EHJAFKJJ@WrFastMutex@FNODOBFM@ 0000000140005190     PT.obj
 0001:000041a0       ??_C@_0P@GKLAOA@WrGuardedMutex@FNODOBFM@ 00000001400051a0     PT.obj
 0001:000041b0       ??_C@_09KHHCIKNC@WrRundown@FNODOBFM@ 00000001400051b0     PT.obj
 0001:000041c0       ??_C@_0BC@MKOBINNA@WrAlertByThreadId@FNODOBFM@ 00000001400051c0     PT.obj
 0001:000041e0       ??_C@_0BC@BIPDOAHE@WrDeferredPreempt@FNODOBFM@ 00000001400051e0     PT.obj
 0001:00004200       ??_C@_0BA@BGIBNPEE@WrPhysicalFault@FNODOBFM@ 0000000140005200     PT.obj
 0001:00004210       ??_C@_08KFIJODEO@WrIoRing@FNODOBFM@ 0000000140005210     PT.obj
 0001:00004220       ??_C@_0L@FKGIMEDJ@WrMdlCache@FNODOBFM@ 0000000140005220     PT.obj
 0001:00004230       ??_C@_04LEAFLDMF@?$FL?$CFx?$FN@FNODOBFM@ 0000000140005230     PT.obj
 0001:00004240       ??_C@_0M@OJIBHFOA@Initialized@FNODOBFM@ 0000000140005240     PT.obj
 0001:00004250       ??_C@_05GMBADOLI@Ready@FNODOBFM@ 0000000140005250     PT.obj
 0001:00004260       ??_C@_07JKJCPGE@Running@FNODOBFM@ 0000000140005260     PT.obj
 0001:00004270       ??_C@_07LNBDIIPN@Standby@FNODOBFM@ 0000000140005270     PT.obj
 0001:00004280       ??_C@_0L@NNDINIPK@Terminated@FNODOBFM@ 0000000140005280     PT.obj
 0001:00004290       ??_C@_0L@CACIDCOI@Transition@FNODOBFM@ 0000000140005290     PT.obj
 0001:000042a0       ??_C@_0O@GKFHHMDG@DeferredReady@FNODOBFM@ 00000001400052a0     PT.obj
 0001:000042b0       ??_C@_0BB@OHAJBHEL@GateWaitObsolete@FNODOBFM@ 00000001400052b0     PT.obj
 0001:000042d0       ??_C@_0BI@NJMPJPH@WaitingForProcessInSwap@FNODOBFM@ 00000001400052d0     PT.obj
 0001:000042f0       ??_C@_1DG@KJELOEN@?$AA?$CF?$AAx?$AA?3?$AA?5?$AA?$CF?$AAx?$AA?$CI?$AA?$CF?$AAx?$AA?$CJ?$AA?5?$AA?$FL?$AA?$CF?$AAx?$AA?$FN@FNODOBFM@ 00000001400052f0     PT.obj
 0001:00004330       ??_C@_1DI@NDONBPGD@?$AAP?$AAI?$AAD?$AA?$DN?$AA?$CF?$AAu?$AA?5?$AAN?$AAu?$AAm?$AAb?$AAe?$AAr?$AAO?$AAf@FNODOBFM@ 0000000140005330     PT.obj
 0001:00004370       ??_C@_1CA@LOKKCFKC@?$AA?$CF?$AAx?$AA?3?$AA?5?$AA?$CF?$AAp?$AA?5?$AA?$CF?$AAp?$AA?5?$AA?$CF?$AAh?$AAs?$AA?$AN?$AA?6@FNODOBFM@ 0000000140005370     PT.obj
 0001:00004390       ??_C@_1DI@FLKJADEG@?$AAD?$AAu?$AAm?$AAp?$AAP?$AAr?$AAo?$AAc?$AAe?$AAs?$AAs?$AAT?$AAh?$AAr?$AAe@FNODOBFM@ 0000000140005390     PT.obj
 0001:000043d0       ??_C@_1DK@MELOKAPJ@?$AA?$CF?$AAx?$AA?5?$AA?$CC?$AA?$CF?$AAw?$AAs?$AA?$CC?$AA?5?$AA?$CI?$AA?$CC?$AA?$CF?$AAw?$AAs?$AA?$CC@FNODOBFM@ 00000001400053d0     srv.obj
 0001:00004410       ??_C@_1CK@LFAPEAEK@?$AA?7?$AAS?$AAt?$AAa?$AAr?$AAt?$AAN?$AAa?$AAm?$AAe?$AA?5?$AA?$DN?$AA?5?$AA?$CC?$AA?$CF@FNODOBFM@ 0000000140005410     srv.obj
 0001:00004440       ??_C@_1CG@DJMAHOMD@?$AAL?$AAi?$AAs?$AAt?$AA_?$AAS?$AAe?$AAr?$AAv?$AAi?$AAc?$AAe?$AAs?$AA?$DN?$AA?$CF@FNODOBFM@ 0000000140005440     srv.obj
 0001:00004470       ??_C@_0BD@BLGDCODL@TASK_STATE_UNKNOWN@FNODOBFM@ 0000000140005470     task.obj
 0001:00004490       ??_C@_0BE@ECMBMEJC@TASK_STATE_DISABLED@FNODOBFM@ 0000000140005490     task.obj
 0001:000044b0       ??_C@_0BC@DKOBFADC@TASK_STATE_QUEUED@FNODOBFM@ 00000001400054b0     task.obj
 0001:000044d0       ??_C@_0BB@LHDFJPIJ@TASK_STATE_READY@FNODOBFM@ 00000001400054d0     task.obj
 0001:000044f0       ??_C@_0BD@MDOMACMP@TASK_STATE_RUNNING@FNODOBFM@ 00000001400054f0     task.obj
 0001:00004510       ??_C@_13FPGAJAPJ@?$AA?2@FNODOBFM@ 0000000140005510     task.obj
 0001:00004520       ??_C@_1BK@KDDKMJBN@?$AAS?$AA?9?$AA1?$AA?9?$AA5?$AA?9?$AA3?$AA2?$AA?9?$AA5?$AA4?$AA4@FNODOBFM@ 0000000140005520     task.obj
 0001:00004540       ??_C@_17MEJHPLBO@?$AAc?$AAm?$AAd@FNODOBFM@ 0000000140005540     task.obj
 0001:00004550       ??_C@_1BA@KPPNLCOJ@?$AAc?$AAo?$AAm?$AAs?$AAp?$AAe?$AAc@FNODOBFM@ 0000000140005550     task.obj
 0001:00004560       ??_C@_1BK@JCHAMGBD@?$AA?$CF?$AAh?$AAs?$AA?$FL?$AA?$CC?$AA?$CF?$AAw?$AAs?$AA?$CC?$AA?$FN?$AA?$AN?$AA?6@FNODOBFM@ 0000000140005560     task.obj
 0001:00004580       ??_C@_1CG@IFDEFMEF@?$AA?$CF?$AAh?$AAs?$AA?7?$AA?$FL?$AA?$CF?$AAh?$AAs?$AA?$FN?$AA?3?$AA?5?$AA?$CC?$AA?$CF?$AAw?$AAs@FNODOBFM@ 0000000140005580     task.obj
 0001:000045b0       ??_C@_1BM@FBDBHHPP@?$AA?$CB?$AA?$CB?$AA?5?$AAt?$AAo?$AAo?$AA?5?$AAd?$AAe?$AAe?$AAp?$AA?$AN?$AA?6@FNODOBFM@ 00000001400055b0     task.obj
 0001:000045d0       ??_C@_0BD@BLCPHMMF@UndefinedLogonType@FNODOBFM@ 00000001400055d0     Users.obj
 0001:000045f0       ??_C@_0M@INEKDBAI@Interactive@FNODOBFM@ 00000001400055f0     Users.obj
 0001:00004600       ??_C@_07BGDMAJAE@Network@FNODOBFM@ 0000000140005600     Users.obj
 0001:00004610       ??_C@_05KLBHAINL@Batch@FNODOBFM@ 0000000140005610     Users.obj
 0001:00004620       ??_C@_07LMLHFMEG@Service@FNODOBFM@ 0000000140005620     Users.obj
 0001:00004630       ??_C@_05GPLPJAG@Proxy@FNODOBFM@ 0000000140005630     Users.obj
 0001:00004640       ??_C@_06NCJPDCLH@Unlock@FNODOBFM@ 0000000140005640     Users.obj
 0001:00004650       ??_C@_0BB@NFAOCLPE@NetworkCleartext@FNODOBFM@ 0000000140005650     Users.obj
 0001:00004670       ??_C@_0P@JGPJNOLN@NewCredentials@FNODOBFM@ 0000000140005670     Users.obj
 0001:00004680       ??_C@_0BC@EBJHNIOA@RemoteInteractive@FNODOBFM@ 0000000140005680     Users.obj
 0001:000046a0       ??_C@_0BC@GOMGOIPI@CachedInteractive@FNODOBFM@ 00000001400056a0     Users.obj
 0001:000046c0       ??_C@_0BI@NMMLLLKL@CachedRemoteInteractive@FNODOBFM@ 00000001400056c0     Users.obj
 0001:000046e0       ??_C@_0N@LKGEKIFO@CachedUnlock@FNODOBFM@ 00000001400056e0     Users.obj
 0001:000046f0       ??_C@_1GA@OPGIDKDO@?$AA?$CF?$AAx?$AA?5?$AA?$HL?$AA?$CF?$AA0?$AA8?$AAx?$AA?9?$AA?$CF?$AA0?$AA8?$AAx?$AA?$HN?$AA?5@FNODOBFM@ 00000001400056f0     Users.obj
 0001:00004750       ??_C@_1CO@JDNKBFCK@?$AA?2?$AAK?$AAn?$AAo?$AAw?$AAn?$AAD?$AAl?$AAl?$AAs?$AA3?$AA2?$AA?2?$AAn?$AAt@FNODOBFM@ 0000000140005750     wow.obj
 0001:00004780       ?xml_begin@@3QBDB          0000000140005780     x64.obj
 0001:00004ce2       ?xml_end@@3QBDB            0000000140005ce2     x64.obj
 0001:00004d10       _GUID_0f87369f_a4e5_4cfc_bd3e_73e6154572dd 0000000140005d10     task.obj
 0001:00004d20       _GUID_2faba4c7_4da9_4013_9697_20cc3fd40f85 0000000140005d20     task.obj
 0001:00004d30       ?sc_end@@YAPEAXXZ          0000000140005d30 f   ScEntry:prepare.obj
 0001:00004d38       ?ScEntry@@YAXPEAU_PEB@@@Z  0000000140005d38 f   ScEntry:prepare.obj
 0002:00000000       ??_C@_0BF@EKFKPNAI@RtlInitUnicodeString@ 0000000140006000     ScEntry:prepare.obj
 0002:00000018       ??_C@_1BI@NEOFKCPM@?$AAp?$AAr?$AAe?$AAp?$AAa?$AAr?$AAe?$AA?4?$AAd?$AAl?$AAl@ 0000000140006018     ScEntry:prepare.obj
 0002:00000030       ??_C@_0L@HOFGLFDL@LdrLoadDll@ 0000000140006030     ScEntry:prepare.obj
 0002:00000040       ??_C@_0BH@GKPJJDBO@LdrGetProcedureAddress@ 0000000140006040     ScEntry:prepare.obj
 0002:00000058       ??_C@_0N@FIGJGHFN@LdrUnloadDll@ 0000000140006058     ScEntry:prepare.obj
 0002:00000068       ??_C@_0BD@JDDPIELM@RtlExitUserProcess@ 0000000140006068     ScEntry:prepare.obj
 0003:00000000       __@@_PchSym_@00@UfhvihUsziibUwlxfnvmghUtrgsfyUhxUgnkUcGEUivovzhvUgllohUhgwzucOlyq@4B2008FD98C1DD4 0000000140007000     stdafx.obj
 0003:00000004       __@@_PchSym_@00@UfhvihUsziibUwlxfnvmghUtrgsfyUhxUgnkUcGEUivovzhvUhxvmgibUhgwzucOlyq@4B2008FD98C1DD4 0000000140007004     ScEntry:stdafx.obj

 entry point at        0001:00004d38

 Static symbols

 0001:00000005       common_imp_call            0000000140001005 f   x64.obj
 0001:000001dc       advapi32                   00000001400011dc f   x64.obj
 0001:00000504       kernel32                   0000000140001504 f   x64.obj
 0001:00000587       Oleaut32                   0000000140001587 f   x64.obj
 0001:0000064c       Secur32                    000000014000164c f   x64.obj
 0001:0000105f       ntdllp                     000000014000205f f   x64.obj
 0001:000010f7       ole32                      00000001400020f7 f   x64.obj
 0001:00004ce8       ?$S1@?1??AdjustPrivileges@@YAXXZ@4T<unnamed-type-$S1>@?1??1@YAXXZ@B 0000000140005ce8     ep.obj
 0002:0000011c       $unwind$?NtSetProcessValidCallTargets@@YAJPEAX0_KKPEAU_CFG_CALL_TARGET_INFO@@@Z 000000014000611c     cfg.obj
 0002:00000128       $unwind$?SetExportValid@@YAJPEAXPEBX1@Z 0000000140006128     cfg.obj
 0002:00000144       $unwind$?GetThreadWaitReason@@YAPEBDW4_KWAIT_REASON@@PEADK@Z 0000000140006144     PT.obj
 0002:00000144       $unwind$?GetLogonTypeName@@YAPEBDKPEADK@Z 0000000140006144     Users.obj
 0002:00000144       $unwind$??0PrintInfo@@QEAA@XZ 0000000140006144     ep.obj
 0002:0000014c       $unwind$?AdjustPrivileges@@YAXXZ 000000014000614c     ep.obj
 0002:0000014c       $unwind$?get_hmod@@YAPEAXPEB_W@Z 000000014000614c     ScEntry:GetFuncAddr.obj
 0002:00000154       $unwind$?OnCmd@@YAXPEA_W@Z 0000000140006154     ep.obj
 0002:00000168       $unwind$?ep@@YAXPEAU_PEB@@@Z 0000000140006168     ep.obj
 0002:00000178       $unwind$?ListFolder@@YAXPEAU_OBJECT_ATTRIBUTES@@PEBD@Z 0000000140006178     folder.obj
 0002:00000198       $unwind$?ListFolder@@YAJPEB_WK@Z 0000000140006198     folder.obj
 0002:000001b4       $unwind$?DoQuery@@YAJPEAX0KEQEATFUNC@@@Z 00000001400061b4     modules.obj
 0002:000001cc       $unwind$?DumpModules@@YAXPEAXKE@Z 00000001400061cc     modules.obj
 0002:000001e0       $unwind$?ProQuery@@YAJ_K@Z 00000001400061e0     modules.obj
 0002:000001f0       $unwind$?PutChars@@YAXPEB_WK@Z 00000001400061f0     print.obj
 0002:00000208       $unwind$?PrintWA_v@@YAXPEB_WZZ 0000000140006208     print.obj
 0002:00000218       $unwind$?PrintError@@YAJJ@Z 0000000140006218     print.obj
 0002:00000224       $unwind$?InitPrintf@@YAXXZ 0000000140006224     print.obj
 0002:0000022c       $unwind$?List_all_running_processes@@YAJXZ 000000014000622c     PT.obj
 0002:00000240       $unwind$?DumpProcessThreads@@YAJ_K@Z 0000000140006240     PT.obj
 0002:00000254       $unwind$?Dump@SIDS@@QEAAXPEAXPEAU_ENUM_SERVICE_STATUS_PROCESSW@@K@Z 0000000140006254     srv.obj
 0002:00000270       $unwind$?List_Services@@YAJXZ 0000000140006270     srv.obj
 0002:00000288       $unwind$?CreateTask_I@@YAJPEA_W@Z 0000000140006288     task.obj
 0002:0000029c       $unwind$?CreateTask@@YAJPEB_W@Z 000000014000629c     task.obj
 0002:000002b4       $unwind$?CreateTask@@YAJXZ 00000001400062b4     task.obj
 0002:000002d0       $unwind$?ListFolder@@YAXPEAUITaskFolder@@PEBD@Z 00000001400062d0     task.obj
 0002:000002e0       $unwind$?ListTask@@YAJXZ   00000001400062e0     task.obj
 0002:000002f0       $unwind$?ListUsers@@YAJXZ  00000001400062f0     Users.obj
 0002:00000314       $unwind$?GetFunc@@YAKKPEAU_IMAGE_EXPORT_DIRECTORY@@KPEAXPEBDK@Z 0000000140006314     wow.obj
 0002:00000330       $unwind$?GetWowInfo@@YAJPEATFUNC@@K@Z 0000000140006330     wow.obj
 0002:0000034c       $unwind$?ScEntry@@YAXPEAU_PEB@@@Z 000000014000634c     ScEntry:prepare.obj
 0002:0000035c       $unwind$?GetFuncAddressEx@@YAPEAXPEAU_IMAGE_DOS_HEADER@@PEBD@Z 000000014000635c     ScEntry:GetFuncAddr.obj
