 SCx64

 Timestamp is 6676ae40 (Sat Jun 22 13:58:08 2024)

 Preferred load address is 0000000140000000

 Start         Length     Name                   Class
 0001:00000000 00000a48H .text$mn                CODE
 0001:00000a48 00000dd8H .text$mn$cpp            CODE
 0001:00001820 0000014cH .text$mn$cpp$s          CODE
 0001:0000196c 00000008H .text$nm                CODE
 0001:00001974 000004ccH .text$zz                CODE
 0001:00001e40 00000077H .text$zz$s              CODE
 0002:00000000 00000038H .rdata                  DATA
 0002:00000038 00000030H .rdata$voltmd           DATA
 0002:00000068 00000068H .rdata$zzzdbg           DATA
 0002:000000d0 000000dcH .xdata                  DATA
 0002:000001ac 00000000H .edata                  DATA
 0003:00000000 00000000H .data                   DATA
 0003:00000000 00000004H .bss                    DATA
 0004:00000000 000000a8H .pdata                  DATA

  Address         Publics by Value              Rva+Base               Lib:Object

 0000:00000000       __AbsoluteZero             0000000000000000     <absolute>
 0000:00000000       __arm64x_extra_rfe_table   0000000000000000     <absolute>
 0000:00000000       __arm64x_extra_rfe_table_size 0000000000000000     <absolute>
 0000:00000000       __arm64x_native_entrypoint 0000000000000000     <absolute>
 0000:00000000       __arm64x_redirection_metadata 0000000000000000     <absolute>
 0000:00000000       __arm64x_redirection_metadata_count 0000000000000000     <absolute>
 0000:00000000       __dynamic_value_reloc_table 0000000000000000     <absolute>
 0000:00000000       __enclave_config           0000000000000000     <absolute>
 0000:00000000       __guard_check_icall_a64n_fptr 0000000000000000     <absolute>
 0000:00000000       __guard_eh_cont_count      0000000000000000     <absolute>
 0000:00000000       __guard_eh_cont_table      0000000000000000     <absolute>
 0000:00000000       __guard_fids_count         0000000000000000     <absolute>
 0000:00000000       __guard_fids_table         0000000000000000     <absolute>
 0000:00000000       __guard_flags              0000000000000000     <absolute>
 0000:00000000       __guard_iat_count          0000000000000000     <absolute>
 0000:00000000       __guard_iat_table          0000000000000000     <absolute>
 0000:00000000       __guard_longjmp_count      0000000000000000     <absolute>
 0000:00000000       __guard_longjmp_table      0000000000000000     <absolute>
 0000:00000000       __hybrid_auxiliary_delayload_iat 0000000000000000     <absolute>
 0000:00000000       __hybrid_auxiliary_delayload_iat_copy 0000000000000000     <absolute>
 0000:00000000       __hybrid_auxiliary_iat     0000000000000000     <absolute>
 0000:00000000       __hybrid_auxiliary_iat_copy 0000000000000000     <absolute>
 0000:00000000       __hybrid_code_map          0000000000000000     <absolute>
 0000:00000000       __hybrid_code_map_count    0000000000000000     <absolute>
 0000:00000000       __x64_code_ranges_to_entry_points 0000000000000000     <absolute>
 0000:00000000       __x64_code_ranges_to_entry_points_count 0000000000000000     <absolute>
 0000:00000000       __ImageBase                0000000140000000     <linker-defined>
 0001:00000000       epASM                      0000000140001000 f   x64.obj
 0001:000000b8       DbgPrint                   00000001400010b8 f   x64.obj
 0001:000000e1       wcstoul                    00000001400010e1 f   x64.obj
 0001:00000108       memset                     0000000140001108 f   x64.obj
 0001:0000012f       memcpy                     000000014000112f f   x64.obj
 0001:0000014f       LdrGetProcedureAddress     000000014000114f f   x64.obj
 0001:0000017f       LdrLoadDll                 000000014000117f f   x64.obj
 0001:000001a3       LdrUnloadDll               00000001400011a3 f   x64.obj
 0001:000001cd       LdrGetDllHandle            00000001400011cd f   x64.obj
 0001:000001f8       LdrProcessRelocationBlock  00000001400011f8 f   x64.obj
 0001:00000232       NtCreateSection            0000000140001232 f   x64.obj
 0001:00000260       ZwMapViewOfSection         0000000140001260 f   x64.obj
 0001:00000293       ZwUnmapViewOfSection       0000000140001293 f   x64.obj
 0001:000002c5       ZwProtectVirtualMemory     00000001400012c5 f   x64.obj
 0001:000002f7       NtOpenFile                 00000001400012f7 f   x64.obj
 0001:0000031b       NtQueryDirectoryFile       000000014000131b f   x64.obj
 0001:0000034d       NtClose                    000000014000134d f   x64.obj
 0001:00000370       NtFreeVirtualMemory        0000000140001370 f   x64.obj
 0001:000003a4       NtQueryInformationProcess  00000001400013a4 f   x64.obj
 0001:000003da       ZwQueryInformationThread   00000001400013da f   x64.obj
 0001:00000411       ZwSetInformationThread     0000000140001411 f   x64.obj
 0001:00000447       ZwSetContextThread         0000000140001447 f   x64.obj
 0001:00000473       ZwGetContextThread         0000000140001473 f   x64.obj
 0001:000004a3       ZwResumeThread             00000001400014a3 f   x64.obj
 0001:000004cf       ZwReadVirtualMemory        00000001400014cf f   x64.obj
 0001:000004fc       ZwWriteVirtualMemory       00000001400014fc f   x64.obj
 0001:0000052d       RtlInitAnsiString          000000014000152d f   x64.obj
 0001:0000055a       RtlInitUnicodeString       000000014000155a f   x64.obj
 0001:0000058d       RtlEqualUnicodeString      000000014000158d f   x64.obj
 0001:000005be       RtlAppendUnicodeStringToString 00000001400015be f   x64.obj
 0001:000005f7       RtlAppendUnicodeToString   00000001400015f7 f   x64.obj
 0001:00000629       RtlGetNtSystemRoot         0000000140001629 f   x64.obj
 0001:0000065b       RtlDosPathNameToNtPathName_U_WithStatus 000000014000165b f   x64.obj
 0001:000006a0       RtlFreeUnicodeString       00000001400016a0 f   x64.obj
 0001:000006d5       RtlAllocateHeap            00000001400016d5 f   x64.obj
 0001:00000700       RtlFreeHeap                0000000140001700 f   x64.obj
 0001:0000072c       RtlImageNtHeaderEx         000000014000172c f   x64.obj
 0001:0000075b       RtlImageNtHeader           000000014000175b f   x64.obj
 0001:00000789       RtlImageDirectoryEntryToData 0000000140001789 f   x64.obj
 0001:000007c5       ExitProcess                00000001400017c5 f   x64.obj
 0001:000007ec       GetProcessHeap             00000001400017ec f   x64.obj
 0001:00000817       GetSystemWow64DirectoryW   0000000140001817 f   x64.obj
 0001:00000849       GetSystemWindowsDirectoryW 0000000140001849 f   x64.obj
 0001:00000883       TerminateProcess           0000000140001883 f   x64.obj
 0001:000008b1       CreateProcessW             00000001400018b1 f   x64.obj
 0001:000008df       WinHttpCloseHandle         00000001400018df f   x64.obj
 0001:0000090b       WinHttpOpen                000000014000190b f   x64.obj
 0001:00000934       WinHttpConnect             0000000140001934 f   x64.obj
 0001:0000095f       WinHttpOpenRequest         000000014000195f f   x64.obj
 0001:0000098b       WinHttpSendRequest         000000014000198b f   x64.obj
 0001:000009bb       WinHttpQueryHeaders        00000001400019bb f   x64.obj
 0001:000009ec       WinHttpReceiveResponse     00000001400019ec f   x64.obj
 0001:00000a1f       WinHttpReadData            0000000140001a1f f   x64.obj
 0001:00000a48       ?Download@@YAHPEB_W0PEAPEAXPEAK@Z 0000000140001a48 f   ep.obj
 0001:00000c40       ?DownloadAndExec@@YAXPEB_W0@Z 0000000140001c40 f   ep.obj
 0001:00000ca8       ?ep@@YAXPEAU_PEB@@@Z       0000000140001ca8 f   ep.obj
 0001:00000ccc       ?ProtectImage@@YAJPEAX0PEAU_IMAGE_NT_HEADERS64@@@Z 0000000140001ccc f   Exec.obj
 0001:00000dc0       ?GetWowContext@@YAJPEAXPEAU_CONTEXT@@@Z 0000000140001dc0 f   Exec.obj
 0001:00000de4       ?SetWowContext@@YAJPEAXPEAU_CONTEXT@@@Z 0000000140001de4 f   Exec.obj
 0001:00000df8       ?Exec@@YAHPEAXPEAU_IMAGE_NT_HEADERS64@@PEB_W@Z 0000000140001df8 f   Exec.obj
 0001:000012f0       ?GetNtBase@@YAPEAXXZ       00000001400022f0 f   GetFuncAddr.obj
 0001:0000130c       ?get_hmod@@YAPEAXPEB_W@Z   000000014000230c f   GetFuncAddr.obj
 0001:00001368       ?GetFuncAddressEx@@YAPEAXPEAU_IMAGE_DOS_HEADER@@PEBD@Z 0000000140002368 f   GetFuncAddr.obj
 0001:000014b8       ?FindNoCfgDll@@YAJKKKPEAPEAX@Z 00000001400024b8 f   NoCfg.obj
 0001:00001800       ??3@YAXPEAX_K@Z            0000000140002800 f   stdafx.obj
 0001:00001820       ??_C@_1EM@FHFNBODF@?$AA?1?$AA?$HO?$AAs?$AAg?$AAt?$AAa?$AAt?$AAh?$AAa?$AAm?$AA?1?$AAp?$AAu?$AAt?$AAt@FNODOBFM@ 0000000140002820     ep.obj
 0001:00001870       ??_C@_1BK@DEAAAFKK@?$AAt?$AAh?$AAe?$AA?4?$AAe?$AAa?$AAr?$AAt?$AAh?$AA?4?$AAl?$AAi@FNODOBFM@ 0000000140002870     ep.obj
 0001:00001890       ??_C@_1EM@CKOJHMCM@?$AA?1?$AA?$HO?$AAs?$AAg?$AAt?$AAa?$AAt?$AAh?$AAa?$AAm?$AA?1?$AAp?$AAu?$AAt?$AAt@FNODOBFM@ 0000000140002890     ep.obj
 0001:000018e0       ??_C@_1BM@ENECIFHC@?$AA?2?$AAe?$AAx?$AAp?$AAl?$AAo?$AAr?$AAe?$AAr?$AA?4?$AAe?$AAx?$AAe@FNODOBFM@ 00000001400028e0     Exec.obj
 0001:00001900       ??_C@_1CK@JEHFHMMG@?$AA?2?$AAs?$AAy?$AAs?$AAt?$AAe?$AAm?$AAr?$AAo?$AAo?$AAt?$AA?2?$AAs?$AAy?$AAs@FNODOBFM@ 0000000140002900     NoCfg.obj
 0001:00001930       ??_C@_1CK@GMBENNHD@?$AA?2?$AAs?$AAy?$AAs?$AAt?$AAe?$AAm?$AAr?$AAo?$AAo?$AAt?$AA?2?$AAs?$AAy?$AAs@FNODOBFM@ 0000000140002930     NoCfg.obj
 0001:00001960       ??_C@_1M@HNNPBALB@?$AA?$CK?$AA?4?$AAd?$AAl?$AAl@FNODOBFM@ 0000000140002960     NoCfg.obj
 0001:0000196c       ?sc_end@@YAPEAXXZ          000000014000296c f   prepare.obj
 0001:00001974       ?SaveToFile@@YAJPEB_WPEBXK@Z 0000000140002974 f   prepare.obj
 0001:00001ad0       ?PrepareCode@@YAJPEB_WPEA_K_K@Z 0000000140002ad0 f   prepare.obj
 0001:00001bcc       ?ep2@@YAXPEAU_PEB@@@Z      0000000140002bcc f   prepare.obj
 0001:00001e40       ??_C@_0CI@LIOAJGPI@RtlDosPathNameToNtPathName_U_Wi@FNODOBFM@ 0000000140002e40     prepare.obj
 0001:00001e70       ??_C@_0N@KPMLACHP@NtCreateFile@FNODOBFM@ 0000000140002e70     prepare.obj
 0001:00001e80       ??_C@_0M@NBHOGDOK@NtWriteFile@FNODOBFM@ 0000000140002e80     prepare.obj
 0001:00001e90       ??_C@_09ECOADGFO@sprintf_s@FNODOBFM@ 0000000140002e90     prepare.obj
 0001:00001ea0       ??_C@_0BA@MBBLBAHO@DQ?50?$CF016I64xh?$AN?6@FNODOBFM@ 0000000140002ea0     prepare.obj
 0001:00001eb0       ??_C@_06JBAPAMO@wcschr@FNODOBFM@ 0000000140002eb0     prepare.obj
 0002:00000038       __volatile_metadata        0000000140003038     <linker-defined>
 0003:00000000       __@@_PchSym_@00@UfhvihUsziibUwlxfnvmghUtrgsfyUhxUgnkUcGEUivovzhvUhxcGEUhgwzucOlyq@4B2008FD98C1DD4 0000000140004000     stdafx.obj

 entry point at        0001:00001bcc

 Static symbols

 0001:00000005       common_imp_call            0000000140001005 f   x64.obj
 0001:00000058       ntdll                      0000000140001058 f   x64.obj
 0001:0000006a       kernel32                   000000014000106a f   x64.obj
 0001:00000092       WinHttp                    0000000140001092 f   x64.obj
 0001:00001e1c       ??2PE@?BA@??ep2@@YAXPEAU_PEB@@@Z@SAPEAX_KK@Z 0000000140002e1c f   prepare.obj
 0002:000000d0       $unwind$?Download@@YAHPEB_W0PEAPEAXPEAK@Z 00000001400030d0     ep.obj
 0002:000000f0       $unwind$?DownloadAndExec@@YAXPEB_W0@Z 00000001400030f0     ep.obj
 0002:000000f8       $unwind$?ep@@YAXPEAU_PEB@@@Z 00000001400030f8     ep.obj
 0002:00000100       $unwind$?ProtectImage@@YAJPEAX0PEAU_IMAGE_NT_HEADERS64@@@Z 0000000140003100     Exec.obj
 0002:00000110       $unwind$?GetWowContext@@YAJPEAXPEAU_CONTEXT@@@Z 0000000140003110     Exec.obj
 0002:00000118       $unwind$?Exec@@YAHPEAXPEAU_IMAGE_NT_HEADERS64@@PEB_W@Z 0000000140003118     Exec.obj
 0002:00000130       $unwind$?get_hmod@@YAPEAXPEB_W@Z 0000000140003130     GetFuncAddr.obj
 0002:00000138       $unwind$?GetFuncAddressEx@@YAPEAXPEAU_IMAGE_DOS_HEADER@@PEBD@Z 0000000140003138     GetFuncAddr.obj
 0002:00000154       $unwind$?FindNoCfgDll@@YAJKKKPEAPEAX@Z 0000000140003154     NoCfg.obj
 0002:00000170       $unwind$?SaveToFile@@YAJPEB_WPEBXK@Z 0000000140003170     prepare.obj
 0002:00000188       $unwind$?PrepareCode@@YAJPEB_WPEA_K_K@Z 0000000140003188     prepare.obj
 0002:00000188       $unwind$?ep2@@YAXPEAU_PEB@@@Z 0000000140003188     prepare.obj
 0002:000001a4       $unwind$??2PE@?BA@??ep2@@YAXPEAU_PEB@@@Z@SAPEAX_KK@Z 00000001400031a4     prepare.obj
 0002:000001a4       $unwind$??3@YAXPEAX_K@Z    00000001400031a4     stdafx.obj
