 CertLogon#1

 Timestamp is 67a50baf (Thu Feb  6 21:21:19 2025)

 Preferred load address is 00400000

 Start         Length     Name                   Class
 0001:00000000 0000056cH .text$mn                CODE
 0001:0000056c 00000674H .text$mn$cpp            CODE
 0001:00000be0 00000420H .text$mn$cpp$s          CODE
 0001:00001000 000003c0H .text$mn$cpp$u          CODE
 0001:000013c0 00000000H .text$mn$cpp$v          CODE
 0001:000013c0 00000006H .text$nm                CODE
 0001:000013c6 000000d2H .text$zz                CODE
 0002:00000000 00000000H .idata$5                DATA
 0002:00000000 000000b0H .rdata                  DATA
 0002:000000b0 00000000H .edata                  DATA
 0002:000000b0 00000068H .rdata$zzzdbg           DATA
 0002:00000118 00000000H .idata$2                DATA
 0002:00000118 00000000H .idata$3                DATA
 0002:00000118 00000000H .idata$4                DATA
 0002:00000118 00000000H .idata$6                DATA
 0003:00000000 00000000H .data                   DATA
 0003:00000000 00000008H .bss                    DATA

  Address         Publics by Value              Rva+Base       Lib:Object

 0000:00000000       ___AbsoluteZero            00000000     <absolute>
 0000:00000000       ___arm64x_extra_rfe_table  00000000     <absolute>
 0000:00000000       ___arm64x_extra_rfe_table_size 00000000     <absolute>
 0000:00000000       ___arm64x_native_entrypoint 00000000     <absolute>
 0000:00000000       ___arm64x_redirection_metadata 00000000     <absolute>
 0000:00000000       ___arm64x_redirection_metadata_count 00000000     <absolute>
 0000:00000000       ___dynamic_value_reloc_table 00000000     <absolute>
 0000:00000000       ___enclave_config          00000000     <absolute>
 0000:00000000       ___guard_check_icall_a64n_fptr 00000000     <absolute>
 0000:00000000       ___guard_eh_cont_count     00000000     <absolute>
 0000:00000000       ___guard_eh_cont_table     00000000     <absolute>
 0000:00000000       ___guard_fids_count        00000000     <absolute>
 0000:00000000       ___guard_fids_table        00000000     <absolute>
 0000:00000000       ___guard_flags             00000000     <absolute>
 0000:00000000       ___guard_iat_count         00000000     <absolute>
 0000:00000000       ___guard_iat_table         00000000     <absolute>
 0000:00000000       ___guard_longjmp_count     00000000     <absolute>
 0000:00000000       ___guard_longjmp_table     00000000     <absolute>
 0000:00000000       ___hybrid_auxiliary_delayload_iat 00000000     <absolute>
 0000:00000000       ___hybrid_auxiliary_delayload_iat_copy 00000000     <absolute>
 0000:00000000       ___hybrid_auxiliary_iat    00000000     <absolute>
 0000:00000000       ___hybrid_auxiliary_iat_copy 00000000     <absolute>
 0000:00000000       ___hybrid_code_map         00000000     <absolute>
 0000:00000000       ___hybrid_code_map_count   00000000     <absolute>
 0000:00000000       ___hybrid_image_info_bitfield 00000000     <absolute>
 0000:00000000       ___volatile_metadata       00000000     <absolute>
 0000:00000000       ___x64_code_ranges_to_entry_points 00000000     <absolute>
 0000:00000000       ___x64_code_ranges_to_entry_points_count 00000000     <absolute>
 0000:00000000       ___ImageBase               00400000     <linker-defined>
 0001:00000000       ?epASM@@YGXXZ              00401000 f   x86.obj
 0001:00000037       ?__Address@@YIPAXPBX@Z     00401037 f   x86.obj
 0001:0000004a       __alloca_probe             0040104a f   x86.obj
 0001:0000004a       __chkstk                   0040104a f   x86.obj
 0001:000000da       _LogonUserW@24             004010da f   x86.obj
 0001:000000fb       _CredFree@4                004010fb f   x86.obj
 0001:0000011c       _ImpersonateLoggedOnUser@4 0040111c f   x86.obj
 0001:0000013d       _CredMarshalCredentialW@12 0040113d f   x86.obj
 0001:0000015e       _CryptHashCertificate2@28  0040115e f   x86.obj
 0001:0000017f       _PFXImportCertStore@12     0040117f f   x86.obj
 0001:000001a0       _CertAddCertificateContextToStore@16 004011a0 f   x86.obj
 0001:000001c1       _CertGetCertificateContextProperty@16 004011c1 f   x86.obj
 0001:000001e2       _CertEnumCertificatesInStore@8 004011e2 f   x86.obj
 0001:00000203       _CertOpenStore@20          00401203 f   x86.obj
 0001:00000224       _CertFreeCertificateContext@4 00401224 f   x86.obj
 0001:00000245       _CertCloseStore@8          00401245 f   x86.obj
 0001:00000266       _GetLastError@0            00401266 f   x86.obj
 0001:00000287       _LocalAlloc@8              00401287 f   x86.obj
 0001:000002a8       _GetCommandLineW@0         004012a8 f   x86.obj
 0001:000002c9       _FormatMessageW@28         004012c9 f   x86.obj
 0001:000002ea       _GetModuleHandleW@4        004012ea f   x86.obj
 0001:0000030b       _LocalFree@4               0040130b f   x86.obj
 0001:0000032c       _ExitProcess@4             0040132c f   x86.obj
 0001:0000034d       _MessageBoxW@16            0040134d f   x86.obj
 0001:0000036e       _NCryptDeleteKey@8         0040136e f   x86.obj
 0001:0000038f       _NCryptFreeObject@4        0040138f f   x86.obj
 0001:000003b0       _NCryptOpenKey@20          004013b0 f   x86.obj
 0001:000003d1       _NCryptOpenStorageProvider@12 004013d1 f   x86.obj
 0001:000003f2       _NtClose@4                 004013f2 f   x86.obj
 0001:00000413       _RtlFreeUnicodeString@4    00401413 f   x86.obj
 0001:00000434       _NtQueryInformationFile@20 00401434 f   x86.obj
 0001:00000455       _wcschr                    00401455 f   x86.obj
 0001:00000476       _NtOpenFile@24             00401476 f   x86.obj
 0001:00000497       _RtlDosPathNameToNtPathName_U_WithStatus@16 00401497 f   x86.obj
 0001:000004b8       _NtReadFile@36             004014b8 f   x86.obj
 0001:000004d9       _RtlInitUnicodeString@8    004014d9 f   x86.obj
 0001:000004fa       _LdrLoadDll@16             004014fa f   x86.obj
 0001:0000051b       _LdrGetProcedureAddress@16 0040151b f   x86.obj
 0001:00000540       __alloca_probe_16          00401540 f   ntdllp:alloca16.obj
 0001:00000556       __alloca_probe_8           00401556     ntdllp:alloca16.obj
 0001:0000056c       ?AddToMyStore@@YGJPBU_CERT_CONTEXT@@@Z 0040156c f   ep.obj
 0001:000005c4       ?NameFromCert@@YGJPBU_CERT_CONTEXT@@PAPA_W@Z 004015c4 f   ep.obj
 0001:00000638       ?NameFromCert@@YGJPBU_CERT_CONTEXT@@PAPA_WPAK@Z 00401638 f   ep.obj
 0001:000006ec       ?PFXImport@@YGJPAU_CRYPTOAPI_BLOB@@PB_WPAPA_WPAK@Z 004016ec f   ep.obj
 0001:0000074e       ?ReadFromFile@@YGJPB_WPAU_CRYPTOAPI_BLOB@@@Z 0040174e f   ep.obj
 0001:00000836       ?DemoLogon@@YGJPA_W0@Z     00401836 f   ep.obj
 0001:000008e0       ?ShowErrorBox@@YGHPAUHWND__@@JPB_W@Z 004018e0 f   ep.obj
 0001:0000096a       ?ep@@YGXXZ                 0040196a f   ep.obj
 0001:000009d2       ??$HR@H@@YGHAAJH@Z         004019d2 f i ep.obj
 0001:000009ec       ?GetNtBase@@YGPAXXZ        004019ec f   ScEntry:GetFuncAddr.obj
 0001:000009ff       ?get_hmod@@YIPAXPB_W@Z     004019ff f   ScEntry:GetFuncAddr.obj
 0001:00000a49       ?GetFuncAddressEx@@YIPAXPAU_IMAGE_DOS_HEADER@@PBD@Z 00401a49 f   ScEntry:GetFuncAddr.obj
 0001:00000be0       ??_C@_15ELPOAHMG@?$AAM?$AAY@FNODOBFM@ 00401be0     ep.obj
 0001:00000bf0       ??_C@_19DILNDFJH@?$AAS?$AAH?$AAA?$AA1@FNODOBFM@ 00401bf0     ep.obj
 0001:00000c00       ??_C@_1M@OAIMIKLP@?$AAn?$AAt?$AAd?$AAl?$AAl@FNODOBFM@ 00401c00     ep.obj
 0001:00000c10       ??_C@_1BE@KDLLNMG@?$AAP?$AAF?$AAX?$AA?5?$AAL?$AAo?$AAg?$AAo?$AAn@FNODOBFM@ 00401c10     ep.obj
 0001:000013c0       ?sc_end@@YGPAXXZ           004023c0 f   ScEntry:prepare.obj
 0001:000013c6       ?ScEntry@@YGXPAU_PEB@@@Z   004023c6 f   ScEntry:prepare.obj
 0002:00000000       ??_C@_0BF@EKFKPNAI@RtlInitUnicodeString@ 00403000     ScEntry:prepare.obj
 0002:00000018       ??_C@_1BI@NEOFKCPM@?$AAp?$AAr?$AAe?$AAp?$AAa?$AAr?$AAe?$AA?4?$AAd?$AAl?$AAl@ 00403018     ScEntry:prepare.obj
 0002:00000030       ??_C@_0L@HOFGLFDL@LdrLoadDll@ 00403030     ScEntry:prepare.obj
 0002:0000003c       ??_C@_0BH@GKPJJDBO@LdrGetProcedureAddress@ 0040303c     ScEntry:prepare.obj
 0002:00000054       ??_C@_0N@FIGJGHFN@LdrUnloadDll@ 00403054     ScEntry:prepare.obj
 0002:00000064       ??_C@_0BD@JDDPIELM@RtlExitUserProcess@ 00403064     ScEntry:prepare.obj
 0003:00000000       ___@@_PchSym_@00@UfhvihUsziibUwlxfnvmghUtrgsfyUhxUgnkUdrmDCUivovzhvUxvigoltlmKxwBUhgwzucOlyq@4B2008FD98C1DD4 00404000     stdafx.obj
 0003:00000004       ___@@_PchSym_@00@UfhvihUsziibUwlxfnvmghUtrgsfyUhxUgnkUdrmDCUivovzhvUhxvmgibUhgwzucOlyq@4B2008FD98C1DD4 00404004     ScEntry:stdafx.obj

 entry point at        0001:000013c6

 Static symbols

 0000:ffffa000       .debug$S                   00400000     ntdllp:ntdll.dll
 0000:ffffa000       .debug$S                   00400000     ntdllp:ntdll.dll
 0002:ffffd000       .idata$6                   00400000     ntdllp:ntdll.dll
 0001:0000000a       common_imp_call            0040100a f   x86.obj
 0001:00000075       protect                    00401075 f   x86.obj
 0001:00000540       $$000000                   00401540     ntdllp:alloca16.obj
 0001:00001000       ?_LogonUserW@24            00402000     x86.obj
 0001:00001000       @imp_begin@                00402000     x86.obj
 0001:00001010       ?_CredFree@4               00402010     x86.obj
 0001:00001020       ?_ImpersonateLoggedOnUser@4 00402020     x86.obj
 0001:0000103c       ?_CredMarshalCredentialW@12 0040203c     x86.obj
 0001:00001058       @advapi32                  00402058     x86.obj
 0001:00001078       ?_CryptHashCertificate2@28 00402078     x86.obj
 0001:00001094       ?_PFXImportCertStore@12    00402094     x86.obj
 0001:000010ac       ?_CertAddCertificateContextToStore@16 004020ac     x86.obj
 0001:000010d4       ?_CertGetCertificateContextProperty@16 004020d4     x86.obj
 0001:000010fc       ?_CertEnumCertificatesInStore@8 004020fc     x86.obj
 0001:0000111c       ?_CertOpenStore@20         0040211c     x86.obj
 0001:00001130       ?_CertFreeCertificateContext@4 00402130     x86.obj
 0001:00001150       ?_CertCloseStore@8         00402150     x86.obj
 0001:00001164       @crypt32                   00402164     x86.obj
 0001:00001180       ?_GetLastError@0           00402180     x86.obj
 0001:00001194       ?_LocalAlloc@8             00402194     x86.obj
 0001:000011a4       ?_GetCommandLineW@0        004021a4     x86.obj
 0001:000011b8       ?_FormatMessageW@28        004021b8     x86.obj
 0001:000011cc       ?_GetModuleHandleW@4       004021cc     x86.obj
 0001:000011e4       ?_LocalFree@4              004021e4     x86.obj
 0001:000011f4       ?_ExitProcess@4            004021f4     x86.obj
 0001:00001204       @kernel32                  00402204     x86.obj
 0001:00001224       ?_MessageBoxW@16           00402224     x86.obj
 0001:00001234       @user32                    00402234     x86.obj
 0001:00001250       ?_NCryptDeleteKey@8        00402250     x86.obj
 0001:00001264       ?_NCryptFreeObject@4       00402264     x86.obj
 0001:0000127c       ?_NCryptOpenKey@20         0040227c     x86.obj
 0001:00001290       ?_NCryptOpenStorageProvider@12 00402290     x86.obj
 0001:000012b0       @ncrypt                    004022b0     x86.obj
 0001:000012cc       ?_NtClose@4                004022cc     x86.obj
 0001:000012d8       ?_RtlFreeUnicodeString@4   004022d8     x86.obj
 0001:000012f4       ?_NtQueryInformationFile@20 004022f4     x86.obj
 0001:00001310       ?_wcschr                   00402310     x86.obj
 0001:0000131c       ?_NtOpenFile@24            0040231c     x86.obj
 0001:0000132c       ?_RtlDosPathNameToNtPathName_U_WithStatus@16 0040232c     x86.obj
 0001:00001358       ?_NtReadFile@36            00402358     x86.obj
 0001:00001368       ?_RtlInitUnicodeString@8   00402368     x86.obj
 0001:00001384       ?_LdrLoadDll@16            00402384     x86.obj
 0001:00001394       ?_LdrGetProcedureAddress@16 00402394     x86.obj
 0001:000013b0       @ntdllp                    004023b0     x86.obj
