 CertLogon#2

 Timestamp is 67a50bb3 (Thu Feb  6 21:21:23 2025)

 Preferred load address is 00400000

 Start         Length     Name                   Class
 0001:00000000 0000073cH .text$mn                CODE
 0001:0000073c 00000b24H .text$mn$cpp            CODE
 0001:00001260 00000da0H .text$mn$cpp$s          CODE
 0001:00002000 00000520H .text$mn$cpp$u          CODE
 0001:00002520 00000000H .text$mn$cpp$v          CODE
 0001:00002520 00000006H .text$nm                CODE
 0001:00002526 000000d2H .text$zz                CODE
 0002:00000000 00000000H .idata$5                DATA
 0002:00000000 000000b0H .rdata                  DATA
 0002:000000b0 00000000H .edata                  DATA
 0002:000000b0 00000068H .rdata$zzzdbg           DATA
 0002:00000118 00000000H .idata$2                DATA
 0002:00000118 00000000H .idata$3                DATA
 0002:00000118 00000000H .idata$4                DATA
 0002:00000118 00000000H .idata$6                DATA
 0003:00000000 00000000H .data                   DATA
 0003:00000000 00000008H .bss                    DATA

  Address         Publics by Value              Rva+Base       Lib:Object

 0000:00000000       ___AbsoluteZero            00000000     <absolute>
 0000:00000000       ___arm64x_extra_rfe_table  00000000     <absolute>
 0000:00000000       ___arm64x_extra_rfe_table_size 00000000     <absolute>
 0000:00000000       ___arm64x_native_entrypoint 00000000     <absolute>
 0000:00000000       ___arm64x_redirection_metadata 00000000     <absolute>
 0000:00000000       ___arm64x_redirection_metadata_count 00000000     <absolute>
 0000:00000000       ___dynamic_value_reloc_table 00000000     <absolute>
 0000:00000000       ___enclave_config          00000000     <absolute>
 0000:00000000       ___guard_check_icall_a64n_fptr 00000000     <absolute>
 0000:00000000       ___guard_eh_cont_count     00000000     <absolute>
 0000:00000000       ___guard_eh_cont_table     00000000     <absolute>
 0000:00000000       ___guard_fids_count        00000000     <absolute>
 0000:00000000       ___guard_fids_table        00000000     <absolute>
 0000:00000000       ___guard_flags             00000000     <absolute>
 0000:00000000       ___guard_iat_count         00000000     <absolute>
 0000:00000000       ___guard_iat_table         00000000     <absolute>
 0000:00000000       ___guard_longjmp_count     00000000     <absolute>
 0000:00000000       ___guard_longjmp_table     00000000     <absolute>
 0000:00000000       ___hybrid_auxiliary_delayload_iat 00000000     <absolute>
 0000:00000000       ___hybrid_auxiliary_delayload_iat_copy 00000000     <absolute>
 0000:00000000       ___hybrid_auxiliary_iat    00000000     <absolute>
 0000:00000000       ___hybrid_auxiliary_iat_copy 00000000     <absolute>
 0000:00000000       ___hybrid_code_map         00000000     <absolute>
 0000:00000000       ___hybrid_code_map_count   00000000     <absolute>
 0000:00000000       ___hybrid_image_info_bitfield 00000000     <absolute>
 0000:00000000       ___volatile_metadata       00000000     <absolute>
 0000:00000000       ___x64_code_ranges_to_entry_points 00000000     <absolute>
 0000:00000000       ___x64_code_ranges_to_entry_points_count 00000000     <absolute>
 0000:00000000       ___ImageBase               00400000     <linker-defined>
 0001:00000000       ?epASM@@YGXXZ              00401000 f   x86.obj
 0001:00000037       ?__Address@@YIPAXPBX@Z     00401037 f   x86.obj
 0001:0000004a       __alloca_probe             0040104a f   x86.obj
 0001:0000004a       __chkstk                   0040104a f   x86.obj
 0001:000000da       _ImpersonateLoggedOnUser@4 004010da f   x86.obj
 0001:000000fb       _CryptDecodeObjectEx@32    004010fb f   x86.obj
 0001:0000011c       _CryptImportPublicKeyInfoEx2@20 0040111c f   x86.obj
 0001:0000013d       _CertFreeCertificateContext@4 0040113d f   x86.obj
 0001:0000015e       _CertGetCertificateContextProperty@16 0040115e f   x86.obj
 0001:0000017f       _CertEnumCertificatesInStore@8 0040117f f   x86.obj
 0001:000001a0       _PFXImportCertStore@12     004011a0 f   x86.obj
 0001:000001c1       _CertCloseStore@8          004011c1 f   x86.obj
 0001:000001e2       _LocalAlloc@8              004011e2 f   x86.obj
 0001:00000203       _LocalFree@4               00401203 f   x86.obj
 0001:00000224       _GetLastError@0            00401224 f   x86.obj
 0001:00000245       _GetModuleHandleW@4        00401245 f   x86.obj
 0001:00000266       _FormatMessageW@28         00401266 f   x86.obj
 0001:00000287       _GetCommandLineW@0         00401287 f   x86.obj
 0001:000002a8       _ExitProcess@4             004012a8 f   x86.obj
 0001:000002c9       _LsaConnectUntrusted@4     004012c9 f   x86.obj
 0001:000002ea       _LsaLookupAuthenticationPackage@12 004012ea f   x86.obj
 0001:0000030b       _LsaLogonUser@56           0040130b f   x86.obj
 0001:0000032c       _LsaDeregisterLogonProcess@4 0040132c f   x86.obj
 0001:0000034d       _LsaFreeReturnBuffer@4     0040134d f   x86.obj
 0001:0000036e       _MessageBoxW@16            0040136e f   x86.obj
 0001:0000038f       _NCryptDeleteKey@8         0040138f f   x86.obj
 0001:000003b0       _BCryptDestroyKey@4        004013b0 f   x86.obj
 0001:000003d1       _BCryptVerifySignature@28  004013d1 f   x86.obj
 0001:000003f2       _NCryptOpenStorageProvider@12 004013f2 f   x86.obj
 0001:00000413       _NCryptOpenKey@20          00401413 f   x86.obj
 0001:00000434       _NCryptFreeObject@4        00401434 f   x86.obj
 0001:00000455       _NCryptExportKey@32        00401455 f   x86.obj
 0001:00000476       _NCryptImportKey@32        00401476 f   x86.obj
 0001:00000497       _NCryptSetProperty@20      00401497 f   x86.obj
 0001:000004b8       _NCryptFinalizeKey@8       004014b8 f   x86.obj
 0001:000004d9       _NCryptGetProperty@24      004014d9 f   x86.obj
 0001:000004fa       _BCryptGenRandom@16        004014fa f   x86.obj
 0001:0000051b       _NCryptSignHash@32         0040151b f   x86.obj
 0001:0000053c       _RtlFreeUnicodeString@4    0040153c f   x86.obj
 0001:0000055d       _NtOpenFile@24             0040155d f   x86.obj
 0001:0000057e       _RtlDosPathNameToNtPathName_U_WithStatus@16 0040157e f   x86.obj
 0001:0000059f       _NtQueryInformationFile@20 0040159f f   x86.obj
 0001:000005c0       _NtReadFile@36             004015c0 f   x86.obj
 0001:000005e1       _NtClose@4                 004015e1 f   x86.obj
 0001:00000602       _RtlInitString@8           00401602 f   x86.obj
 0001:00000623       __snwprintf                00401623 f   x86.obj
 0001:00000644       _wcschr                    00401644 f   x86.obj
 0001:00000665       _NtSetInformationThread@16 00401665 f   x86.obj
 0001:00000686       _RtlInitUnicodeString@8    00401686 f   x86.obj
 0001:000006a7       _LdrLoadDll@16             004016a7 f   x86.obj
 0001:000006c8       _LdrGetProcedureAddress@16 004016c8 f   x86.obj
 0001:000006e9       _memset                    004016e9 f   x86.obj
 0001:00000710       __alloca_probe_16          00401710 f   ntdllp:alloca16.obj
 0001:00000726       __alloca_probe_8           00401726     ntdllp:alloca16.obj
 0001:0000073c       ?ReadFromFile@@YGJPB_WPAU_CRYPTOAPI_BLOB@@@Z 0040173c f   ep.obj
 0001:00000824       ?DoLogon@@YGJPAPAXPAXK@Z   00401824 f   ep.obj
 0001:0000090e       ?CerificateLogon@@YGJPAPAXPB_W111@Z 0040190e f   ep.obj
 0001:00000a4c       ?WritePfxToKey@@YGJPB_W000@Z 00401a4c f   ep.obj
 0001:00000c9a       ?GetPublickKey@@YGJKPAPAX@Z 00401c9a f   ep.obj
 0001:00000d64       ?TestKey@@YGJHPB_W0@Z      00401d64 f   ep.obj
 0001:00000eae       ?ShowErrorBox@@YGHPAUHWND__@@JPB_W@Z 00401eae f   ep.obj
 0001:00000f38       ?ep@@YGXXZ                 00401f38 f   ep.obj
 0001:00001052       ??$HR@H@@YGHAAJH@Z         00402052 f i ep.obj
 0001:0000106c       ?GetNtBase@@YGPAXXZ        0040206c f   ScEntry:GetFuncAddr.obj
 0001:0000107f       ?get_hmod@@YIPAXPB_W@Z     0040207f f   ScEntry:GetFuncAddr.obj
 0001:000010c9       ?GetFuncAddressEx@@YIPAXPAU_IMAGE_DOS_HEADER@@PBD@Z 004020c9 f   ScEntry:GetFuncAddr.obj
 0001:00001260       ??_C@_08DEIMIBAF@Kerberos@FNODOBFM@ 00402260     ep.obj
 0001:00001270       ??_C@_08GBLIGBPF@Winlogon@FNODOBFM@ 00402270     ep.obj
 0001:00001280       ??_C@_07ENBNJNMO@1234567@FNODOBFM@ 00402280     ep.obj
 0001:00001290       ??_C@_1HI@EEGLMGDM@?$AA?$CF?$AAw?$AAs?$AA?$CF?$AAc?$AA?$CF?$AAw?$AAs?$AA?$CF?$AAc?$AA?$CF?$AAw?$AAs?$AA?$CF?$AAc@FNODOBFM@ 00402290     ep.obj
 0001:00001310       ??_C@_1BE@PFDIDPLD@?$AA?2?$AA?2?$AA?4?$AA?2?$AA?$CF?$AAs?$AA?2?$AA?$CF?$AAs@FNODOBFM@ 00402310     ep.obj
 0001:00001330       ??_C@_0BI@MPLNOBGC@1?42?4840?4113549?41?412?41?43@FNODOBFM@ 00402330     ep.obj
 0001:00001350       ??_C@_1CC@BDCMACAP@?$AAP?$AAK?$AAC?$AAS?$AA8?$AA_?$AAP?$AAR?$AAI?$AAV?$AAA?$AAT?$AAE?$AAK?$AAE@FNODOBFM@ 00402350     ep.obj
 0001:00001380       ??_C@_1FA@OAAKELHB@?$AAM?$AAi?$AAc?$AAr?$AAo?$AAs?$AAo?$AAf?$AAt?$AA?5?$AAS?$AAo?$AAf?$AAt?$AAw@FNODOBFM@ 00402380     ep.obj
 0001:000013d0       ??_C@_1DA@HMDKMDKC@?$AAS?$AAm?$AAa?$AAr?$AAt?$AAC?$AAa?$AAr?$AAd?$AAK?$AAe?$AAy?$AAC?$AAe?$AAr@FNODOBFM@ 004023d0     ep.obj
 0001:00001400       ??_C@_1O@HECGKAIN@?$AAS?$AAH?$AAA?$AA2?$AA5?$AA6@FNODOBFM@ 00402400     ep.obj
 0001:00001410       ??_C@_1M@OAIMIKLP@?$AAn?$AAt?$AAd?$AAl?$AAl@FNODOBFM@ 00402410     ep.obj
 0001:00001420       ??_C@_1O@KLFLKFOB@?$AAR?$AAe?$AAa?$AAd?$AAe?$AAr@FNODOBFM@ 00402420     ep.obj
 0001:00001430       ??_C@_1BE@FDKEOJEO@?$AAC?$AAo?$AAn?$AAt?$AAa?$AAi?$AAn?$AAe?$AAr@FNODOBFM@ 00402430     ep.obj
 0001:00001450       ??_C@_13BBDEGPLJ@?$AA?$CK@FNODOBFM@ 00402450     ep.obj
 0001:00001460       ??_C@_1CA@DGNKCCOJ@?$AAC?$AAe?$AAr?$AAi?$AAf?$AAi?$AAc?$AAa?$AAt?$AAe?$AAL?$AAo?$AAg?$AAo?$AAn@FNODOBFM@ 00402460     ep.obj
 0001:00001480       ??_C@_1BE@KDLLNMG@?$AAP?$AAF?$AAX?$AA?5?$AAL?$AAo?$AAg?$AAo?$AAn@FNODOBFM@ 00402480     ep.obj
 0001:00002520       ?sc_end@@YGPAXXZ           00403520 f   ScEntry:prepare.obj
 0001:00002526       ?ScEntry@@YGXPAU_PEB@@@Z   00403526 f   ScEntry:prepare.obj
 0002:00000000       ??_C@_0BF@EKFKPNAI@RtlInitUnicodeString@ 00404000     ScEntry:prepare.obj
 0002:00000018       ??_C@_1BI@NEOFKCPM@?$AAp?$AAr?$AAe?$AAp?$AAa?$AAr?$AAe?$AA?4?$AAd?$AAl?$AAl@ 00404018     ScEntry:prepare.obj
 0002:00000030       ??_C@_0L@HOFGLFDL@LdrLoadDll@ 00404030     ScEntry:prepare.obj
 0002:0000003c       ??_C@_0BH@GKPJJDBO@LdrGetProcedureAddress@ 0040403c     ScEntry:prepare.obj
 0002:00000054       ??_C@_0N@FIGJGHFN@LdrUnloadDll@ 00404054     ScEntry:prepare.obj
 0002:00000064       ??_C@_0BD@JDDPIELM@RtlExitUserProcess@ 00404064     ScEntry:prepare.obj
 0003:00000000       ___@@_PchSym_@00@UfhvihUsziibUwlxfnvmghUtrgsfyUhxUgnkUdrmDCUivovzhvUxvigoltlmKxwCUhgwzucOlyq@4B2008FD98C1DD4 00405000     stdafx.obj
 0003:00000004       ___@@_PchSym_@00@UfhvihUsziibUwlxfnvmghUtrgsfyUhxUgnkUdrmDCUivovzhvUhxvmgibUhgwzucOlyq@4B2008FD98C1DD4 00405004     ScEntry:stdafx.obj

 entry point at        0001:00002526

 Static symbols

 0000:ffff9000       .debug$S                   00400000     ntdllp:ntdll.dll
 0000:ffff9000       .debug$S                   00400000     ntdllp:ntdll.dll
 0002:ffffc000       .idata$6                   00400000     ntdllp:ntdll.dll
 0001:0000000a       common_imp_call            0040100a f   x86.obj
 0001:00000075       protect                    00401075 f   x86.obj
 0001:00000710       $$000000                   00401710     ntdllp:alloca16.obj
 0001:00002000       ?_ImpersonateLoggedOnUser@4 00403000     x86.obj
 0001:00002000       @imp_begin@                00403000     x86.obj
 0001:0000201c       @advapi32                  0040301c     x86.obj
 0001:0000203c       ?_CryptDecodeObjectEx@32   0040303c     x86.obj
 0001:00002054       ?_CryptImportPublicKeyInfoEx2@20 00403054     x86.obj
 0001:00002074       ?_CertFreeCertificateContext@4 00403074     x86.obj
 0001:00002094       ?_CertGetCertificateContextProperty@16 00403094     x86.obj
 0001:000020bc       ?_CertEnumCertificatesInStore@8 004030bc     x86.obj
 0001:000020dc       ?_PFXImportCertStore@12    004030dc     x86.obj
 0001:000020f4       ?_CertCloseStore@8         004030f4     x86.obj
 0001:00002108       @crypt32                   00403108     x86.obj
 0001:00002124       ?_LocalAlloc@8             00403124     x86.obj
 0001:00002134       ?_LocalFree@4              00403134     x86.obj
 0001:00002144       ?_GetLastError@0           00403144     x86.obj
 0001:00002158       ?_GetModuleHandleW@4       00403158     x86.obj
 0001:00002170       ?_FormatMessageW@28        00403170     x86.obj
 0001:00002184       ?_GetCommandLineW@0        00403184     x86.obj
 0001:00002198       ?_ExitProcess@4            00403198     x86.obj
 0001:000021a8       @kernel32                  004031a8     x86.obj
 0001:000021c8       ?_LsaConnectUntrusted@4    004031c8     x86.obj
 0001:000021e0       ?_LsaLookupAuthenticationPackage@12 004031e0     x86.obj
 0001:00002204       ?_LsaLogonUser@56          00403204     x86.obj
 0001:00002218       ?_LsaDeregisterLogonProcess@4 00403218     x86.obj
 0001:00002238       ?_LsaFreeReturnBuffer@4    00403238     x86.obj
 0001:00002250       @Secur32                   00403250     x86.obj
 0001:0000226c       ?_MessageBoxW@16           0040326c     x86.obj
 0001:0000227c       @user32                    0040327c     x86.obj
 0001:00002298       ?_NCryptDeleteKey@8        00403298     x86.obj
 0001:000022ac       ?_BCryptDestroyKey@4       004032ac     x86.obj
 0001:000022c4       ?_BCryptVerifySignature@28 004032c4     x86.obj
 0001:000022e0       ?_NCryptOpenStorageProvider@12 004032e0     x86.obj
 0001:00002300       ?_NCryptOpenKey@20         00403300     x86.obj
 0001:00002314       ?_NCryptFreeObject@4       00403314     x86.obj
 0001:0000232c       ?_NCryptExportKey@32       0040332c     x86.obj
 0001:00002340       ?_NCryptImportKey@32       00403340     x86.obj
 0001:00002354       ?_NCryptSetProperty@20     00403354     x86.obj
 0001:0000236c       ?_NCryptFinalizeKey@8      0040336c     x86.obj
 0001:00002384       ?_NCryptGetProperty@24     00403384     x86.obj
 0001:0000239c       ?_BCryptGenRandom@16       0040339c     x86.obj
 0001:000023b0       ?_NCryptSignHash@32        004033b0     x86.obj
 0001:000023c4       @ncrypt                    004033c4     x86.obj
 0001:000023e0       ?_RtlFreeUnicodeString@4   004033e0     x86.obj
 0001:000023fc       ?_NtOpenFile@24            004033fc     x86.obj
 0001:0000240c       ?_RtlDosPathNameToNtPathName_U_WithStatus@16 0040340c     x86.obj
 0001:00002438       ?_NtQueryInformationFile@20 00403438     x86.obj
 0001:00002454       ?_NtReadFile@36            00403454     x86.obj
 0001:00002464       ?_NtClose@4                00403464     x86.obj
 0001:00002470       ?_RtlInitString@8          00403470     x86.obj
 0001:00002484       ?__snwprintf               00403484     x86.obj
 0001:00002494       ?_wcschr                   00403494     x86.obj
 0001:000024a0       ?_NtSetInformationThread@16 004034a0     x86.obj
 0001:000024bc       ?_RtlInitUnicodeString@8   004034bc     x86.obj
 0001:000024d8       ?_LdrLoadDll@16            004034d8     x86.obj
 0001:000024e8       ?_LdrGetProcedureAddress@16 004034e8     x86.obj
 0001:00002504       ?_memset                   00403504     x86.obj
 0001:00002510       @ntdllp                    00403510     x86.obj
