 LFM

 Timestamp is 677b9b6d (Mon Jan  6 10:59:25 2025)

 Preferred load address is 00400000

 Start         Length     Name                   Class
 0001:00000000 00000634H .text$mn                CODE
 0001:00000634 0000095eH .text$mn$cpp            CODE
 0001:00000f92 00000006H .text$nm                CODE
 0001:00000f98 000000dbH .text$zz                CODE
 0002:00000000 00000077H .rdata                  DATA
 0002:00000077 00000000H .edata                  DATA
 0003:00000000 00000000H .data                   DATA
 0003:00000000 00000008H .bss                    DATA

  Address         Publics by Value              Rva+Base       Lib:Object

 0000:00000000       ___AbsoluteZero            00000000     <absolute>
 0000:00000000       ___arm64x_extra_rfe_table  00000000     <absolute>
 0000:00000000       ___arm64x_extra_rfe_table_size 00000000     <absolute>
 0000:00000000       ___arm64x_native_entrypoint 00000000     <absolute>
 0000:00000000       ___arm64x_redirection_metadata 00000000     <absolute>
 0000:00000000       ___arm64x_redirection_metadata_count 00000000     <absolute>
 0000:00000000       ___dynamic_value_reloc_table 00000000     <absolute>
 0000:00000000       ___enclave_config          00000000     <absolute>
 0000:00000000       ___guard_check_icall_a64n_fptr 00000000     <absolute>
 0000:00000000       ___guard_eh_cont_count     00000000     <absolute>
 0000:00000000       ___guard_eh_cont_table     00000000     <absolute>
 0000:00000000       ___guard_fids_count        00000000     <absolute>
 0000:00000000       ___guard_fids_table        00000000     <absolute>
 0000:00000000       ___guard_flags             00000000     <absolute>
 0000:00000000       ___guard_iat_count         00000000     <absolute>
 0000:00000000       ___guard_iat_table         00000000     <absolute>
 0000:00000000       ___guard_longjmp_count     00000000     <absolute>
 0000:00000000       ___guard_longjmp_table     00000000     <absolute>
 0000:00000000       ___hybrid_auxiliary_delayload_iat 00000000     <absolute>
 0000:00000000       ___hybrid_auxiliary_delayload_iat_copy 00000000     <absolute>
 0000:00000000       ___hybrid_auxiliary_iat    00000000     <absolute>
 0000:00000000       ___hybrid_auxiliary_iat_copy 00000000     <absolute>
 0000:00000000       ___hybrid_code_map         00000000     <absolute>
 0000:00000000       ___hybrid_code_map_count   00000000     <absolute>
 0000:00000000       ___hybrid_image_info_bitfield 00000000     <absolute>
 0000:00000000       ___volatile_metadata       00000000     <absolute>
 0000:00000000       ___x64_code_ranges_to_entry_points 00000000     <absolute>
 0000:00000000       ___x64_code_ranges_to_entry_points_count 00000000     <absolute>
 0000:00000000       ___ImageBase               00400000     <linker-defined>
 0001:00000000       ?epASM@@YGXPAU_PEB@@@Z     00401000 f   x86.obj
 0001:00000030       _alloca_probe              00401030 f   x86.obj
 0001:00000030       _chkstk                    00401030 f   x86.obj
 0001:0000005d       ?getDll@@YGPB_WXZ          0040105d f   x86.obj
 0001:00000071       ?getSystem32@@YGPB_WXZ     00401071 f   x86.obj
 0001:0000008e       ?GetMapViewOfSection@@YGPBDXZ 0040108e f   x86.obj
 0001:000000a8       ?retFromMapViewOfSectionAddr@@YGPAXXZ 004010a8 f   x86.obj
 0001:000000b6       ?aMyVexHandler@@YGP6GJPAU_EXCEPTION_POINTERS@@@ZXZ 004010b6 f   x86.obj
 0001:000000c6       _ZwMapViewOfSection@40     004010c6 f   x86.obj
 0001:000000f2       _ZwUnmapViewOfSection@8    004010f2 f   x86.obj
 0001:0000011e       _RtlDosPathNameToNtPathName_U_WithStatus@16 0040111e f   x86.obj
 0001:0000015e       _NtOpenFile@24             0040115e f   x86.obj
 0001:00000182       _RtlFreeUnicodeString@4    00401182 f   x86.obj
 0001:000001ae       _RtlGetCurrentPeb@0        004011ae f   x86.obj
 0001:000001d6       _RtlAllocateHeap@12        004011d6 f   x86.obj
 0001:000001fe       _RtlInitUnicodeString@8    004011fe f   x86.obj
 0001:0000022a       _NtQueryDirectoryFile@44   0040122a f   x86.obj
 0001:00000256       _LdrGetDllHandle@16        00401256 f   x86.obj
 0001:0000027e       _NtCreateSection@28        0040127e f   x86.obj
 0001:000002a6       _NtClose@4                 004012a6 f   x86.obj
 0001:000002c6       _RtlAppendUnicodeStringToString@8 004012c6 f   x86.obj
 0001:000002fe       _RtlFreeHeap@12            004012fe f   x86.obj
 0001:00000322       _RtlPushFrame@4            00401322 f   x86.obj
 0001:00000346       _RtlPopFrame@4             00401346 f   x86.obj
 0001:0000036a       _RtlGetFrame@0             0040136a f   x86.obj
 0001:0000038e       _ZwProtectVirtualMemory@20 0040138e f   x86.obj
 0001:000003be       _RtlEqualUnicodeString@12  004013be f   x86.obj
 0001:000003ea       _RtlSetProtectedPolicy@12  004013ea f   x86.obj
 0001:00000416       _RtlAddVectoredExceptionHandler@8 00401416 f   x86.obj
 0001:0000044e       _ZwSetContextThread@8      0040144e f   x86.obj
 0001:0000047a       _LdrLoadDll@16             0040147a f   x86.obj
 0001:0000049e       _LdrUnloadDll@4            0040149e f   x86.obj
 0001:000004c2       _RtlRemoveVectoredExceptionHandler@4 004014c2 f   x86.obj
 0001:000004fa       _RtlImageNtHeaderEx@20     004014fa f   x86.obj
 0001:00000526       _RtlWow64EnableFsRedirection@4 00401526 f   x86.obj
 0001:0000055a       _RtlAppendUnicodeToString@8 0040155a f   x86.obj
 0001:0000058a       _RtlGetNtSystemRoot@0      0040158a f   x86.obj
 0001:000005b6       _memcpy                    004015b6 f   x86.obj
 0001:000005d6       _LdrGetProcedureAddress@16 004015d6 f   x86.obj
 0001:00000606       _memset                    00401606 f   x86.obj
 0001:00000634       ?IsImageOk@@YGEKPAX@Z      00401634 f   ep.obj
 0001:00000742       ?FindNoCfgDll@@YGJKPAU_UNICODE_STRING@@@Z 00401742 f   ep.obj
 0001:0000092e       ?get@IMAGE_Ctx@@SGPAU1@XZ  0040192e f i ep.obj
 0001:00000954       ?OverwriteSection@@YGJPAX0PAU_IMAGE_NT_HEADERS@@@Z 00401954 f   ep.obj
 0001:00000ae6       ?retFromMapViewOfSection@@YIJJ@Z 00401ae6 f   ep.obj
 0001:00000b40       ?MyVexHandler@@YGJPAU_EXCEPTION_POINTERS@@@Z 00401b40 f   ep.obj
 0001:00000bdc       ?LoadLibraryFromMem@@YGJPAPAXPAXPAU_IMAGE_NT_HEADERS@@PBU_UNICODE_STRING@@@Z 00401bdc f   ep.obj
 0001:00000d6a       ?LoadLibraryFromMem@@YGJPAXKPAPAX@Z 00401d6a f   ep.obj
 0001:00000e0a       ?get_hmod@@YIPAXPB_W@Z     00401e0a f   ScEntry:GetFuncAddr.obj
 0001:00000e54       ?GetFuncAddressEx@@YIPAXPAU_IMAGE_DOS_HEADER@@PBD@Z 00401e54 f   ScEntry:GetFuncAddr.obj
 0001:00000f92       ?sc_end@@YGPAXXZ           00401f92 f   ScEntry:prepare.obj
 0001:00000f98       ?ScEntry@@YGXPAU_PEB@@@Z   00401f98 f   ScEntry:prepare.obj
 0002:00000000       ??_C@_0BF@EKFKPNAI@RtlInitUnicodeString@ 00403000     ScEntry:prepare.obj
 0002:00000018       ??_C@_1BI@NEOFKCPM@?$AAp?$AAr?$AAe?$AAp?$AAa?$AAr?$AAe?$AA?4?$AAd?$AAl?$AAl@ 00403018     ScEntry:prepare.obj
 0002:00000030       ??_C@_0L@HOFGLFDL@LdrLoadDll@ 00403030     ScEntry:prepare.obj
 0002:0000003c       ??_C@_0BH@GKPJJDBO@LdrGetProcedureAddress@ 0040303c     ScEntry:prepare.obj
 0002:00000054       ??_C@_0N@FIGJGHFN@LdrUnloadDll@ 00403054     ScEntry:prepare.obj
 0002:00000064       ??_C@_0BD@JDDPIELM@RtlExitUserProcess@ 00403064     ScEntry:prepare.obj
 0003:00000000       ___@@_PchSym_@00@UfhvihUsziibUwlxfnvmghUtrgsfyUhxUgnkUdrmDCUivovzhvUounUhgwzucOlyq@4B2008FD98C1DD4 00404000     stdafx.obj
 0003:00000004       ___@@_PchSym_@00@UfhvihUsziibUwlxfnvmghUtrgsfyUhxUgnkUdrmDCUivovzhvUhxvmgibUhgwzucOlyq@4B2008FD98C1DD4 00404004     ScEntry:stdafx.obj

 entry point at        0001:00000f98

 Static symbols

 0001:00000005       common_imp_call            00401005 f   x86.obj
 0001:00000627       ntdllp                     00401627 f   x86.obj
