 LFM

 Timestamp is 67104129 (Thu Oct 17 01:41:45 2024)

 Preferred load address is 00400000

 Start         Length     Name                   Class
 0001:00000000 00000604H .text$mn                CODE
 0001:00000604 00000940H .text$mn$cpp            CODE
 0001:00000f44 00000006H .text$nm                CODE
 0001:00000f4a 000000dbH .text$zz                CODE
 0002:00000000 00000077H .rdata                  DATA
 0002:00000077 00000000H .edata                  DATA
 0003:00000000 00000000H .data                   DATA
 0003:00000000 00000008H .bss                    DATA

  Address         Publics by Value              Rva+Base       Lib:Object

 0000:00000000       ___AbsoluteZero            00000000     <absolute>
 0000:00000000       ___arm64x_extra_rfe_table  00000000     <absolute>
 0000:00000000       ___arm64x_extra_rfe_table_size 00000000     <absolute>
 0000:00000000       ___arm64x_native_entrypoint 00000000     <absolute>
 0000:00000000       ___arm64x_redirection_metadata 00000000     <absolute>
 0000:00000000       ___arm64x_redirection_metadata_count 00000000     <absolute>
 0000:00000000       ___dynamic_value_reloc_table 00000000     <absolute>
 0000:00000000       ___enclave_config          00000000     <absolute>
 0000:00000000       ___guard_check_icall_a64n_fptr 00000000     <absolute>
 0000:00000000       ___guard_eh_cont_count     00000000     <absolute>
 0000:00000000       ___guard_eh_cont_table     00000000     <absolute>
 0000:00000000       ___guard_fids_count        00000000     <absolute>
 0000:00000000       ___guard_fids_table        00000000     <absolute>
 0000:00000000       ___guard_flags             00000000     <absolute>
 0000:00000000       ___guard_iat_count         00000000     <absolute>
 0000:00000000       ___guard_iat_table         00000000     <absolute>
 0000:00000000       ___guard_longjmp_count     00000000     <absolute>
 0000:00000000       ___guard_longjmp_table     00000000     <absolute>
 0000:00000000       ___hybrid_auxiliary_delayload_iat 00000000     <absolute>
 0000:00000000       ___hybrid_auxiliary_delayload_iat_copy 00000000     <absolute>
 0000:00000000       ___hybrid_auxiliary_iat    00000000     <absolute>
 0000:00000000       ___hybrid_auxiliary_iat_copy 00000000     <absolute>
 0000:00000000       ___hybrid_code_map         00000000     <absolute>
 0000:00000000       ___hybrid_code_map_count   00000000     <absolute>
 0000:00000000       ___hybrid_image_info_bitfield 00000000     <absolute>
 0000:00000000       ___volatile_metadata       00000000     <absolute>
 0000:00000000       ___x64_code_ranges_to_entry_points 00000000     <absolute>
 0000:00000000       ___x64_code_ranges_to_entry_points_count 00000000     <absolute>
 0000:00000000       ___ImageBase               00400000     <linker-defined>
 0001:00000000       ?epASM@@YGXPAU_PEB@@@Z     00401000 f   x86.obj
 0001:00000031       ?getDll@@YGPB_WXZ          00401031 f   x86.obj
 0001:00000045       ?getSystem32@@YGPB_WXZ     00401045 f   x86.obj
 0001:00000062       ?GetMapViewOfSection@@YGPBDXZ 00401062 f   x86.obj
 0001:0000007c       ?retFromMapViewOfSectionAddr@@YGPAXXZ 0040107c f   x86.obj
 0001:0000008a       ?aMyVexHandler@@YGP6GJPAU_EXCEPTION_POINTERS@@@ZXZ 0040108a f   x86.obj
 0001:0000009a       _ZwMapViewOfSection@40     0040109a f   x86.obj
 0001:000000c6       _ZwUnmapViewOfSection@8    004010c6 f   x86.obj
 0001:000000f2       _RtlDosPathNameToNtPathName_U_WithStatus@16 004010f2 f   x86.obj
 0001:00000132       _NtOpenFile@24             00401132 f   x86.obj
 0001:00000156       _RtlFreeUnicodeString@4    00401156 f   x86.obj
 0001:00000182       _RtlGetCurrentPeb@0        00401182 f   x86.obj
 0001:000001aa       _RtlAllocateHeap@12        004011aa f   x86.obj
 0001:000001d2       _RtlInitUnicodeString@8    004011d2 f   x86.obj
 0001:000001fe       _NtQueryDirectoryFile@44   004011fe f   x86.obj
 0001:0000022a       _LdrGetDllHandle@16        0040122a f   x86.obj
 0001:00000252       _NtCreateSection@28        00401252 f   x86.obj
 0001:0000027a       _NtClose@4                 0040127a f   x86.obj
 0001:0000029a       _RtlAppendUnicodeStringToString@8 0040129a f   x86.obj
 0001:000002d2       _RtlFreeHeap@12            004012d2 f   x86.obj
 0001:000002f6       _RtlPushFrame@4            004012f6 f   x86.obj
 0001:0000031a       _RtlPopFrame@4             0040131a f   x86.obj
 0001:0000033e       _RtlGetFrame@0             0040133e f   x86.obj
 0001:00000362       _ZwProtectVirtualMemory@20 00401362 f   x86.obj
 0001:00000392       _RtlEqualUnicodeString@12  00401392 f   x86.obj
 0001:000003be       _RtlSetProtectedPolicy@12  004013be f   x86.obj
 0001:000003ea       _RtlAddVectoredExceptionHandler@8 004013ea f   x86.obj
 0001:00000422       _ZwSetContextThread@8      00401422 f   x86.obj
 0001:0000044e       _LdrLoadDll@16             0040144e f   x86.obj
 0001:00000472       _LdrUnloadDll@4            00401472 f   x86.obj
 0001:00000496       _RtlRemoveVectoredExceptionHandler@4 00401496 f   x86.obj
 0001:000004ce       _RtlImageNtHeader@4        004014ce f   x86.obj
 0001:000004f6       _RtlWow64EnableFsRedirection@4 004014f6 f   x86.obj
 0001:0000052a       _RtlAppendUnicodeToString@8 0040152a f   x86.obj
 0001:0000055a       _RtlGetNtSystemRoot@0      0040155a f   x86.obj
 0001:00000586       _memcpy                    00401586 f   x86.obj
 0001:000005a6       _LdrGetProcedureAddress@16 004015a6 f   x86.obj
 0001:000005d6       _memset                    004015d6 f   x86.obj
 0001:00000604       ?IsImageOk@@YGEKPAX@Z      00401604 f   ep.obj
 0001:00000712       ?FindNoCfgDll@@YGJKPAU_UNICODE_STRING@@@Z 00401712 f   ep.obj
 0001:000008fe       ?get@IMAGE_Ctx@@SGPAU1@XZ  004018fe f i ep.obj
 0001:00000924       ?OverwriteSection@@YGJPAX0PAU_IMAGE_NT_HEADERS@@@Z 00401924 f   ep.obj
 0001:00000ab6       ?retFromMapViewOfSection@@YIJJ@Z 00401ab6 f   ep.obj
 0001:00000b10       ?MyVexHandler@@YGJPAU_EXCEPTION_POINTERS@@@Z 00401b10 f   ep.obj
 0001:00000bac       ?LoadLibraryFromMem@@YGJPAPAXPAXPAU_IMAGE_NT_HEADERS@@PBU_UNICODE_STRING@@@Z 00401bac f   ep.obj
 0001:00000d3a       ?LoadLibraryFromMem@@YGXPAX00@Z 00401d3a f   ep.obj
 0001:00000dbc       ?get_hmod@@YIPAXPB_W@Z     00401dbc f   ScEntry:GetFuncAddr.obj
 0001:00000e06       ?GetFuncAddressEx@@YIPAXPAU_IMAGE_DOS_HEADER@@PBD@Z 00401e06 f   ScEntry:GetFuncAddr.obj
 0001:00000f44       ?sc_end@@YGPAXXZ           00401f44 f   ScEntry:prepare.obj
 0001:00000f4a       ?ScEntry@@YGXPAU_PEB@@@Z   00401f4a f   ScEntry:prepare.obj
 0002:00000000       ??_C@_0BF@EKFKPNAI@RtlInitUnicodeString@ 00403000     ScEntry:prepare.obj
 0002:00000018       ??_C@_1BI@NEOFKCPM@?$AAp?$AAr?$AAe?$AAp?$AAa?$AAr?$AAe?$AA?4?$AAd?$AAl?$AAl@ 00403018     ScEntry:prepare.obj
 0002:00000030       ??_C@_0L@HOFGLFDL@LdrLoadDll@ 00403030     ScEntry:prepare.obj
 0002:0000003c       ??_C@_0BH@GKPJJDBO@LdrGetProcedureAddress@ 0040303c     ScEntry:prepare.obj
 0002:00000054       ??_C@_0N@FIGJGHFN@LdrUnloadDll@ 00403054     ScEntry:prepare.obj
 0002:00000064       ??_C@_0BD@JDDPIELM@RtlExitUserProcess@ 00403064     ScEntry:prepare.obj
 0003:00000000       ___@@_PchSym_@00@UfhvihUsziibUwlxfnvmghUtrgsfyUhxUgnkUdrmDCUivovzhvUounUhgwzucOlyq@4B2008FD98C1DD4 00404000     stdafx.obj
 0003:00000004       ___@@_PchSym_@00@UfhvihUsziibUwlxfnvmghUtrgsfyUhxUgnkUdrmDCUivovzhvUhxvmgibUhgwzucOlyq@4B2008FD98C1DD4 00404004     ScEntry:stdafx.obj

 entry point at        0001:00000f4a

 Static symbols

 0001:00000005       common_imp_call            00401005 f   x86.obj
 0001:000005f7       ntdllp                     004015f7 f   x86.obj
