 LFM

 Timestamp is 6703c33e (Mon Oct  7 14:17:18 2024)

 Preferred load address is 00400000

 Start         Length     Name                   Class
 0001:00000000 00000620H .text$mn                CODE
 0001:00000620 0000092fH .text$mn$cpp            CODE
 0001:00000f4f 00000006H .text$nm                CODE
 0001:00000f55 000000d6H .text$zz                CODE
 0002:00000000 00000077H .rdata                  DATA
 0002:00000077 00000000H .edata                  DATA
 0003:00000000 00000000H .data                   DATA
 0003:00000000 00000008H .bss                    DATA

  Address         Publics by Value              Rva+Base       Lib:Object

 0000:00000000       ___AbsoluteZero            00000000     <absolute>
 0000:00000000       ___arm64x_extra_rfe_table  00000000     <absolute>
 0000:00000000       ___arm64x_extra_rfe_table_size 00000000     <absolute>
 0000:00000000       ___arm64x_native_entrypoint 00000000     <absolute>
 0000:00000000       ___arm64x_redirection_metadata 00000000     <absolute>
 0000:00000000       ___arm64x_redirection_metadata_count 00000000     <absolute>
 0000:00000000       ___dynamic_value_reloc_table 00000000     <absolute>
 0000:00000000       ___enclave_config          00000000     <absolute>
 0000:00000000       ___guard_check_icall_a64n_fptr 00000000     <absolute>
 0000:00000000       ___guard_eh_cont_count     00000000     <absolute>
 0000:00000000       ___guard_eh_cont_table     00000000     <absolute>
 0000:00000000       ___guard_fids_count        00000000     <absolute>
 0000:00000000       ___guard_fids_table        00000000     <absolute>
 0000:00000000       ___guard_flags             00000000     <absolute>
 0000:00000000       ___guard_iat_count         00000000     <absolute>
 0000:00000000       ___guard_iat_table         00000000     <absolute>
 0000:00000000       ___guard_longjmp_count     00000000     <absolute>
 0000:00000000       ___guard_longjmp_table     00000000     <absolute>
 0000:00000000       ___hybrid_auxiliary_delayload_iat 00000000     <absolute>
 0000:00000000       ___hybrid_auxiliary_delayload_iat_copy 00000000     <absolute>
 0000:00000000       ___hybrid_auxiliary_iat    00000000     <absolute>
 0000:00000000       ___hybrid_auxiliary_iat_copy 00000000     <absolute>
 0000:00000000       ___hybrid_code_map         00000000     <absolute>
 0000:00000000       ___hybrid_code_map_count   00000000     <absolute>
 0000:00000000       ___hybrid_image_info_bitfield 00000000     <absolute>
 0000:00000000       ___volatile_metadata       00000000     <absolute>
 0000:00000000       ___x64_code_ranges_to_entry_points 00000000     <absolute>
 0000:00000000       ___x64_code_ranges_to_entry_points_count 00000000     <absolute>
 0001:00000000       ?epASM@@YGXPAU_PEB@@@Z     00401000 f   x86.obj
 0001:00000031       ?getDll@@YGPB_WXZ          00401031 f   x86.obj
 0001:00000045       ?getSystem32@@YGPB_WXZ     00401045 f   x86.obj
 0001:00000063       ?getSyswow64@@YGPB_WXZ     00401063 f   x86.obj
 0001:00000080       ?GetMapViewOfSection@@YGPBDXZ 00401080 f   x86.obj
 0001:0000009a       ?retFromMapViewOfSectionAddr@@YGPAXXZ 0040109a f   x86.obj
 0001:000000a8       ?aMyVexHandler@@YGP6GJPAU_EXCEPTION_POINTERS@@@ZXZ 004010a8 f   x86.obj
 0001:000000b6       _ZwMapViewOfSection@40     004010b6 f   x86.obj
 0001:000000e2       _ZwUnmapViewOfSection@8    004010e2 f   x86.obj
 0001:0000010e       _RtlDosPathNameToNtPathName_U_WithStatus@16 0040110e f   x86.obj
 0001:0000014e       _NtOpenFile@24             0040114e f   x86.obj
 0001:00000172       _RtlFreeUnicodeString@4    00401172 f   x86.obj
 0001:0000019e       _RtlGetCurrentPeb@0        0040119e f   x86.obj
 0001:000001c6       _RtlAllocateHeap@12        004011c6 f   x86.obj
 0001:000001ee       _RtlInitUnicodeString@8    004011ee f   x86.obj
 0001:0000021a       _NtQueryDirectoryFile@44   0040121a f   x86.obj
 0001:00000246       _LdrGetDllHandle@16        00401246 f   x86.obj
 0001:0000026e       _NtCreateSection@28        0040126e f   x86.obj
 0001:00000296       _NtClose@4                 00401296 f   x86.obj
 0001:000002b6       _RtlAppendUnicodeStringToString@8 004012b6 f   x86.obj
 0001:000002ee       _RtlFreeHeap@12            004012ee f   x86.obj
 0001:00000312       _RtlPushFrame@4            00401312 f   x86.obj
 0001:00000336       _RtlPopFrame@4             00401336 f   x86.obj
 0001:0000035a       _RtlGetFrame@0             0040135a f   x86.obj
 0001:0000037e       _ZwProtectVirtualMemory@20 0040137e f   x86.obj
 0001:000003ae       _RtlEqualUnicodeString@12  004013ae f   x86.obj
 0001:000003da       _RtlSetProtectedPolicy@12  004013da f   x86.obj
 0001:00000406       _RtlAddVectoredExceptionHandler@8 00401406 f   x86.obj
 0001:0000043e       _ZwSetContextThread@8      0040143e f   x86.obj
 0001:0000046a       _LdrLoadDll@16             0040146a f   x86.obj
 0001:0000048e       _LdrUnloadDll@4            0040148e f   x86.obj
 0001:000004b2       _RtlRemoveVectoredExceptionHandler@4 004014b2 f   x86.obj
 0001:000004ea       _RtlImageNtHeader@4        004014ea f   x86.obj
 0001:00000512       _RtlWow64EnableFsRedirection@4 00401512 f   x86.obj
 0001:00000546       _RtlAppendUnicodeToString@8 00401546 f   x86.obj
 0001:00000576       _RtlGetNtSystemRoot@0      00401576 f   x86.obj
 0001:000005a2       _memcpy                    004015a2 f   x86.obj
 0001:000005c2       _LdrGetProcedureAddress@16 004015c2 f   x86.obj
 0001:000005f2       _memset                    004015f2 f   x86.obj
 0001:00000620       ?IsImageOk@@YGEKPAX@Z      00401620 f   ep.obj
 0001:00000721       ?FindNoCfgDll@@YGJKPAU_UNICODE_STRING@@@Z 00401721 f   ep.obj
 0001:0000090d       ?get@IMAGE_Ctx@@SGPAU1@XZ  0040190d f i ep.obj
 0001:00000933       ?OverwriteSection@@YGJPAX0PAU_IMAGE_NT_HEADERS@@@Z 00401933 f   ep.obj
 0001:00000ac4       ?retFromMapViewOfSection@@YIJJ@Z 00401ac4 f   ep.obj
 0001:00000b1d       ?MyVexHandler@@YGJPAU_EXCEPTION_POINTERS@@@Z 00401b1d f   ep.obj
 0001:00000bb8       ?LoadLibraryFromMem@@YGJPAPAXPAXPAU_IMAGE_NT_HEADERS@@PBU_UNICODE_STRING@@@Z 00401bb8 f   ep.obj
 0001:00000d45       ?LoadLibraryFromMem@@YGXPAX00@Z 00401d45 f   ep.obj
 0001:00000dc7       ?get_hmod@@YIPAXPB_W@Z     00401dc7 f   ScEntry:GetFuncAddr.obj
 0001:00000e11       ?GetFuncAddressEx@@YIPAXPAU_IMAGE_DOS_HEADER@@PBD@Z 00401e11 f   ScEntry:GetFuncAddr.obj
 0001:00000f4f       ?sc_end@@YGPAXXZ           00401f4f f   ScEntry:prepare.obj
 0001:00000f55       ?ScEntry@@YGXPAU_PEB@@@Z   00401f55 f   ScEntry:prepare.obj
 0002:00000000       ??_C@_0BF@EKFKPNAI@RtlInitUnicodeString@ 00403000     ScEntry:prepare.obj
 0002:00000018       ??_C@_1BI@NEOFKCPM@?$AAp?$AAr?$AAe?$AAp?$AAa?$AAr?$AAe?$AA?4?$AAd?$AAl?$AAl@ 00403018     ScEntry:prepare.obj
 0002:00000030       ??_C@_0L@HOFGLFDL@LdrLoadDll@ 00403030     ScEntry:prepare.obj
 0002:0000003c       ??_C@_0BH@GKPJJDBO@LdrGetProcedureAddress@ 0040303c     ScEntry:prepare.obj
 0002:00000054       ??_C@_0N@FIGJGHFN@LdrUnloadDll@ 00403054     ScEntry:prepare.obj
 0002:00000064       ??_C@_0BD@JDDPIELM@RtlExitUserProcess@ 00403064     ScEntry:prepare.obj
 0003:00000000       ___@@_PchSym_@00@UfhvihUsziibUwlxfnvmghUtrgsfyUhxUgnkUdrmDCUivovzhvUounUhgwzucOlyq@4B2008FD98C1DD4 00404000     stdafx.obj
 0003:00000004       ___@@_PchSym_@00@UfhvihUsziibUwlxfnvmghUtrgsfyUhxUgnkUdrmDCUivovzhvUhxvmgibUhgwzucOlyq@4B2008FD98C1DD4 00404004     ScEntry:stdafx.obj

 entry point at        0001:00000f55

 Static symbols

 0001:00000005       common_imp_call            00401005 f   x86.obj
 0001:00000613       ntdllp                     00401613 f   x86.obj
