 ModKdc

 Timestamp is 67a527c4 (Thu Feb  6 23:21:08 2025)

 Preferred load address is 00400000

 Start         Length     Name                   Class
 0001:00000000 00000166H .text$mn                CODE
 0001:00000166 0000023aH .text$mn$cpp            CODE
 0001:000003a0 00000c60H .text$mn$cpp$s          CODE
 0001:00001000 00000070H .text$mn$cpp$u          CODE
 0001:00001070 00000000H .text$mn$cpp$v          CODE
 0001:00001070 00000006H .text$nm                CODE
 0001:00001076 000000d2H .text$zz                CODE
 0002:00000000 00000000H .idata$5                DATA
 0002:00000000 000000b0H .rdata                  DATA
 0002:000000b0 00000000H .edata                  DATA
 0002:000000b0 00000064H .rdata$zzzdbg           DATA
 0002:00000114 00000000H .idata$2                DATA
 0002:00000114 00000000H .idata$3                DATA
 0002:00000114 00000000H .idata$4                DATA
 0002:00000114 00000000H .idata$6                DATA
 0003:00000000 00000000H .data                   DATA
 0003:00000000 00000008H .bss                    DATA

  Address         Publics by Value              Rva+Base       Lib:Object

 0000:00000000       ___AbsoluteZero            00000000     <absolute>
 0000:00000000       ___arm64x_extra_rfe_table  00000000     <absolute>
 0000:00000000       ___arm64x_extra_rfe_table_size 00000000     <absolute>
 0000:00000000       ___arm64x_native_entrypoint 00000000     <absolute>
 0000:00000000       ___arm64x_redirection_metadata 00000000     <absolute>
 0000:00000000       ___arm64x_redirection_metadata_count 00000000     <absolute>
 0000:00000000       ___dynamic_value_reloc_table 00000000     <absolute>
 0000:00000000       ___enclave_config          00000000     <absolute>
 0000:00000000       ___guard_check_icall_a64n_fptr 00000000     <absolute>
 0000:00000000       ___guard_eh_cont_count     00000000     <absolute>
 0000:00000000       ___guard_eh_cont_table     00000000     <absolute>
 0000:00000000       ___guard_fids_count        00000000     <absolute>
 0000:00000000       ___guard_fids_table        00000000     <absolute>
 0000:00000000       ___guard_flags             00000000     <absolute>
 0000:00000000       ___guard_iat_count         00000000     <absolute>
 0000:00000000       ___guard_iat_table         00000000     <absolute>
 0000:00000000       ___guard_longjmp_count     00000000     <absolute>
 0000:00000000       ___guard_longjmp_table     00000000     <absolute>
 0000:00000000       ___hybrid_auxiliary_delayload_iat 00000000     <absolute>
 0000:00000000       ___hybrid_auxiliary_delayload_iat_copy 00000000     <absolute>
 0000:00000000       ___hybrid_auxiliary_iat    00000000     <absolute>
 0000:00000000       ___hybrid_auxiliary_iat_copy 00000000     <absolute>
 0000:00000000       ___hybrid_code_map         00000000     <absolute>
 0000:00000000       ___hybrid_code_map_count   00000000     <absolute>
 0000:00000000       ___hybrid_image_info_bitfield 00000000     <absolute>
 0000:00000000       ___volatile_metadata       00000000     <absolute>
 0000:00000000       ___x64_code_ranges_to_entry_points 00000000     <absolute>
 0000:00000000       ___x64_code_ranges_to_entry_points_count 00000000     <absolute>
 0000:00000000       ___ImageBase               00400000     <linker-defined>
 0001:00000000       ?epASM@@YGXXZ              00401000 f   x86.obj
 0001:00000037       ?__Address@@YIPAXPBX@Z     00401037 f   x86.obj
 0001:0000004a       __alloca_probe             0040104a f   x86.obj
 0001:0000004a       __chkstk                   0040104a f   x86.obj
 0001:000000e2       _LdrGetDllHandle@16        004010e2 f   x86.obj
 0001:00000103       _LdrLoadDll@16             00401103 f   x86.obj
 0001:00000124       _LdrGetProcedureAddress@16 00401124 f   x86.obj
 0001:00000145       _RtlInitUnicodeString@8    00401145 f   x86.obj
 0001:00000166       ?OnApc@@YGXKKPAX@Z         00401166 f   ep.obj
 0001:000001ab       ?GetNtBase@@YGPAXXZ        004011ab f   ScEntry:GetFuncAddr.obj
 0001:000001be       ?get_hmod@@YIPAXPB_W@Z     004011be f   ScEntry:GetFuncAddr.obj
 0001:00000208       ?GetFuncAddressEx@@YIPAXPAU_IMAGE_DOS_HEADER@@PBD@Z 00401208 f   ScEntry:GetFuncAddr.obj
 0001:000003a0       ??_C@_1BG@EJKECBHF@?$AAk?$AAd?$AAc?$AAs?$AAv?$AAc?$AA?4?$AAd?$AAl?$AAl@FNODOBFM@ 004013a0     ep.obj
 0001:00001070       ?sc_end@@YGPAXXZ           00402070 f   ScEntry:prepare.obj
 0001:00001076       ?ScEntry@@YGXPAU_PEB@@@Z   00402076 f   ScEntry:prepare.obj
 0002:00000000       ??_C@_0BF@EKFKPNAI@RtlInitUnicodeString@ 00403000     ScEntry:prepare.obj
 0002:00000018       ??_C@_1BI@NEOFKCPM@?$AAp?$AAr?$AAe?$AAp?$AAa?$AAr?$AAe?$AA?4?$AAd?$AAl?$AAl@ 00403018     ScEntry:prepare.obj
 0002:00000030       ??_C@_0L@HOFGLFDL@LdrLoadDll@ 00403030     ScEntry:prepare.obj
 0002:0000003c       ??_C@_0BH@GKPJJDBO@LdrGetProcedureAddress@ 0040303c     ScEntry:prepare.obj
 0002:00000054       ??_C@_0N@FIGJGHFN@LdrUnloadDll@ 00403054     ScEntry:prepare.obj
 0002:00000064       ??_C@_0BD@JDDPIELM@RtlExitUserProcess@ 00403064     ScEntry:prepare.obj
 0003:00000000       ___@@_PchSym_@00@UfhvihUsziibUwlxfnvmghUtrgsfyUhxUgnkUdrmDCUivovzhvUnlwpwxUhgwzucOlyq@4B2008FD98C1DD4 00404000     stdafx.obj
 0003:00000004       ___@@_PchSym_@00@UfhvihUsziibUwlxfnvmghUtrgsfyUhxUgnkUdrmDCUivovzhvUhxvmgibUhgwzucOlyq@4B2008FD98C1DD4 00404004     ScEntry:stdafx.obj

 entry point at        0001:00001076

 Static symbols

 0000:ffffa000       .debug$S                   00400000     ntdllp:ntdll.dll
 0000:ffffa000       .debug$S                   00400000     ntdllp:ntdll.dll
 0002:ffffd000       .idata$6                   00400000     ntdllp:ntdll.dll
 0001:0000000a       common_imp_call            0040100a f   x86.obj
 0001:00000075       protect                    00401075 f   x86.obj
 0001:00001000       ?_LdrGetDllHandle@16       00402000     x86.obj
 0001:00001000       @imp_begin@                00402000     x86.obj
 0001:00001014       ?_LdrLoadDll@16            00402014     x86.obj
 0001:00001024       ?_LdrGetProcedureAddress@16 00402024     x86.obj
 0001:00001040       ?_RtlInitUnicodeString@8   00402040     x86.obj
 0001:0000105c       @ntdllp                    0040205c     x86.obj
