 ScLfm+ACG

 Timestamp is 68272811 (Fri May 16 14:57:05 2025)

 Preferred load address is 00400000

 Start         Length     Name                   Class
 0001:00000000 0000058eH .text$mn                CODE
 0001:0000058e 00000c82H .text$mn$cpp            CODE
 0001:00001210 00000010H .text$mn$cpp$r          CODE
 0001:00001220 00000de0H .text$mn$cpp$s          CODE
 0001:00002000 00000380H .text$mn$cpp$u          CODE
 0001:00002380 00000000H .text$mn$cpp$v          CODE
 0001:00002380 00000006H .text$nm                CODE
 0001:00002386 000000cbH .text$zz                CODE
 0002:00000000 000000b0H .rdata                  DATA
 0002:000000b0 00000000H .edata                  DATA
 0002:000000b0 00000068H .rdata$zzzdbg           DATA
 0003:00000000 00000000H .data                   DATA
 0003:00000000 00000008H .bss                    DATA

  Address         Publics by Value              Rva+Base       Lib:Object

 0000:00000000       ___AbsoluteZero            00000000     <absolute>
 0000:00000000       ___arm64x_extra_rfe_table  00000000     <absolute>
 0000:00000000       ___arm64x_extra_rfe_table_size 00000000     <absolute>
 0000:00000000       ___arm64x_native_entrypoint 00000000     <absolute>
 0000:00000000       ___arm64x_redirection_metadata 00000000     <absolute>
 0000:00000000       ___arm64x_redirection_metadata_count 00000000     <absolute>
 0000:00000000       ___dynamic_value_reloc_table 00000000     <absolute>
 0000:00000000       ___enclave_config          00000000     <absolute>
 0000:00000000       ___guard_check_icall_a64n_fptr 00000000     <absolute>
 0000:00000000       ___guard_eh_cont_count     00000000     <absolute>
 0000:00000000       ___guard_eh_cont_table     00000000     <absolute>
 0000:00000000       ___guard_fids_count        00000000     <absolute>
 0000:00000000       ___guard_fids_table        00000000     <absolute>
 0000:00000000       ___guard_flags             00000000     <absolute>
 0000:00000000       ___guard_iat_count         00000000     <absolute>
 0000:00000000       ___guard_iat_table         00000000     <absolute>
 0000:00000000       ___guard_longjmp_count     00000000     <absolute>
 0000:00000000       ___guard_longjmp_table     00000000     <absolute>
 0000:00000000       ___hybrid_auxiliary_delayload_iat 00000000     <absolute>
 0000:00000000       ___hybrid_auxiliary_delayload_iat_copy 00000000     <absolute>
 0000:00000000       ___hybrid_auxiliary_iat    00000000     <absolute>
 0000:00000000       ___hybrid_auxiliary_iat_copy 00000000     <absolute>
 0000:00000000       ___hybrid_code_map         00000000     <absolute>
 0000:00000000       ___hybrid_code_map_count   00000000     <absolute>
 0000:00000000       ___hybrid_image_info_bitfield 00000000     <absolute>
 0000:00000000       ___volatile_metadata       00000000     <absolute>
 0000:00000000       ___x64_code_ranges_to_entry_points 00000000     <absolute>
 0000:00000000       ___x64_code_ranges_to_entry_points_count 00000000     <absolute>
 0000:00000000       ___ImageBase               00400000     <linker-defined>
 0001:00000000       ?epASM@@YGXXZ              00401000 f   x86.obj
 0001:00000037       ?__Address@@YIPAXPBX@Z     00401037 f   x86.obj
 0001:0000004a       __alloca_probe             0040104a f   x86.obj
 0001:0000004a       __chkstk                   0040104a f   x86.obj
 0001:000000e2       ?aretFromMapViewOfSection@@YGJXZ 004010e2 f   x86.obj
 0001:000000e9       _ZwProtectVirtualMemory@20 004010e9 f   x86.obj
 0001:0000010a       _NtWriteFile@36            0040110a f   x86.obj
 0001:0000012b       _NtReadFile@36             0040112b f   x86.obj
 0001:0000014c       _ZwMapViewOfSection@40     0040114c f   x86.obj
 0001:0000016d       _ZwUnmapViewOfSection@8    0040116d f   x86.obj
 0001:0000018e       _RtlDosPathNameToNtPathName_U_WithStatus@16 0040118e f   x86.obj
 0001:000001af       _NtOpenFile@24             004011af f   x86.obj
 0001:000001d0       _RtlFreeUnicodeString@4    004011d0 f   x86.obj
 0001:000001f1       _RtlGetCurrentPeb@0        004011f1 f   x86.obj
 0001:00000212       _RtlAllocateHeap@12        00401212 f   x86.obj
 0001:00000233       _RtlInitUnicodeString@8    00401233 f   x86.obj
 0001:00000254       _NtQueryDirectoryFile@44   00401254 f   x86.obj
 0001:00000275       _LdrGetDllHandle@16        00401275 f   x86.obj
 0001:00000296       _NtCreateSection@28        00401296 f   x86.obj
 0001:000002b7       _NtClose@4                 004012b7 f   x86.obj
 0001:000002d8       _RtlAppendUnicodeStringToString@8 004012d8 f   x86.obj
 0001:000002f9       _RtlFreeHeap@12            004012f9 f   x86.obj
 0001:0000031a       _RtlPushFrame@4            0040131a f   x86.obj
 0001:0000033b       _RtlPopFrame@4             0040133b f   x86.obj
 0001:0000035c       _RtlGetFrame@0             0040135c f   x86.obj
 0001:0000037d       _RtlImageDirectoryEntryToData@16 0040137d f   x86.obj
 0001:0000039e       _LdrProcessRelocationBlock@16 0040139e f   x86.obj
 0001:000003bf       _RtlEqualUnicodeString@12  004013bf f   x86.obj
 0001:000003e0       _RtlAddVectoredExceptionHandler@8 004013e0 f   x86.obj
 0001:00000401       _ZwSetContextThread@8      00401401 f   x86.obj
 0001:00000422       _LdrLoadDll@16             00401422 f   x86.obj
 0001:00000443       _LdrUnloadDll@4            00401443 f   x86.obj
 0001:00000464       _RtlRemoveVectoredExceptionHandler@4 00401464 f   x86.obj
 0001:00000485       _LdrAddRefDll@8            00401485 f   x86.obj
 0001:000004a6       _RtlImageNtHeaderEx@20     004014a6 f   x86.obj
 0001:000004c7       _LdrEnumerateLoadedModules@12 004014c7 f   x86.obj
 0001:000004e8       _RtlWow64EnableFsRedirection@4 004014e8 f   x86.obj
 0001:00000509       _RtlAppendUnicodeToString@8 00401509 f   x86.obj
 0001:0000052a       _memcpy                    0040152a f   x86.obj
 0001:0000054b       _LdrGetProcedureAddress@16 0040154b f   x86.obj
 0001:0000056c       _memset                    0040156c f   x86.obj
 0001:0000058e       ?ProtectEx@@YGJPAXKK0PAH@Z 0040158e f   ep.obj
 0001:00000630       ?IsImageOk@@YGEKPAX@Z      00401630 f   ep.obj
 0001:0000073e       ?FindNoCfgDll@@YGJKPAU_UNICODE_STRING@@@Z 0040173e f   ep.obj
 0001:00000930       ?get@IMAGE_Ctx@@SGPAU1@XZ  00401930 f i ep.obj
 0001:00000984       ?OverwriteSection@@YGJPAX0PAU_IMAGE_NT_HEADERS@@0@Z 00401984 f   ep.obj
 0001:00000bdc       ?retFromMapViewOfSection@@YIJJ@Z 00401bdc f   ep.obj
 0001:00000c3c       ?MyVexHandler@@YGJPAU_EXCEPTION_POINTERS@@@Z 00401c3c f   ep.obj
 0001:00000ce0       ?LoadLibraryFromMem@@YGJPAPAXPAX1PAU_IMAGE_NT_HEADERS@@PBU_UNICODE_STRING@@@Z 00401ce0 f   ep.obj
 0001:00000ea2       ?CheckModule@@YGXPAU_LDR_DATA_TABLE_ENTRY@@PAUDSC@@PAE@Z 00401ea2 f   ep.obj
 0001:00000ed4       ?LoadLibraryFromMem@@YGJPAXK0@Z 00401ed4 f   ep.obj
 0001:0000101e       ?GetNtBase@@YGPAXXZ        0040201e f   ScEntry:GetFuncAddr.obj
 0001:00001031       ?get_hmod@@YIPAXPB_W@Z     00402031 f   ScEntry:GetFuncAddr.obj
 0001:0000107b       ?GetFuncAddressEx@@YIPAXPAU_IMAGE_DOS_HEADER@@PBD@Z 0040207b f   ScEntry:GetFuncAddr.obj
 0001:00001210       __GUID_1fc98bca_1ba9_4397_93f9_349ead41e057 00402210     ep.obj
 0001:00001220       ??_C@_1M@HNNPBALB@?$AA?$CK?$AA?4?$AAd?$AAl?$AAl@FNODOBFM@ 00402220     ep.obj
 0001:00001230       ??_C@_0BD@PPCCBCGB@ZwMapViewOfSection@FNODOBFM@ 00402230     ep.obj
 0001:00001250       ??_C@_0BG@EDOIKHNH@RtlSetProtectedPolicy@FNODOBFM@ 00402250     ep.obj
 0001:00001270       ??_C@_1BG@NCCDOFIB@?$AA?2?$AAs?$AAy?$AAs?$AAt?$AAe?$AAm?$AA3?$AA2?$AA?2@FNODOBFM@ 00402270     ep.obj
 0001:00002380       ?sc_end@@YGPAXXZ           00403380 f   ScEntry:prepare.obj
 0001:00002386       ?ScEntry@@YGXPAU_PEB@@@Z   00403386 f   ScEntry:prepare.obj
 0002:00000000       ??_C@_0BF@EKFKPNAI@RtlInitUnicodeString@ 00404000     ScEntry:prepare.obj
 0002:00000018       ??_C@_1BI@NEOFKCPM@?$AAp?$AAr?$AAe?$AAp?$AAa?$AAr?$AAe?$AA?4?$AAd?$AAl?$AAl@ 00404018     ScEntry:prepare.obj
 0002:00000030       ??_C@_0L@HOFGLFDL@LdrLoadDll@ 00404030     ScEntry:prepare.obj
 0002:0000003c       ??_C@_0BH@GKPJJDBO@LdrGetProcedureAddress@ 0040403c     ScEntry:prepare.obj
 0002:00000054       ??_C@_0N@FIGJGHFN@LdrUnloadDll@ 00404054     ScEntry:prepare.obj
 0002:00000064       ??_C@_0BD@JDDPIELM@RtlExitUserProcess@ 00404064     ScEntry:prepare.obj
 0003:00000000       ___@@_PchSym_@00@UfhvihUsziibUwlxfnvmghUtrgsfyUhxUgnkUdrmDCUivovzhvUhxounQzxtUhgwzucOlyq@4B2008FD98C1DD4 00405000     stdafx.obj
 0003:00000004       ___@@_PchSym_@00@UfhvihUsziibUwlxfnvmghUtrgsfyUhxUgnkUdrmDCUivovzhvUhxvmgibUhgwzucOlyq@4B2008FD98C1DD4 00405004     ScEntry:stdafx.obj

 entry point at        0001:00002386

 Static symbols

 0001:0000000a       common_imp_call            0040100a f   x86.obj
 0001:00000075       protect                    00401075 f   x86.obj
 0001:00002000       ?_ZwProtectVirtualMemory@20 00403000     x86.obj
 0001:00002000       @imp_begin@                00403000     x86.obj
 0001:0000201c       ?_NtWriteFile@36           0040301c     x86.obj
 0001:0000202c       ?_NtReadFile@36            0040302c     x86.obj
 0001:0000203c       ?_ZwMapViewOfSection@40    0040303c     x86.obj
 0001:00002054       ?_ZwUnmapViewOfSection@8   00403054     x86.obj
 0001:00002070       ?_RtlDosPathNameToNtPathName_U_WithStatus@16 00403070     x86.obj
 0001:0000209c       ?_NtOpenFile@24            0040309c     x86.obj
 0001:000020ac       ?_RtlFreeUnicodeString@4   004030ac     x86.obj
 0001:000020c8       ?_RtlGetCurrentPeb@0       004030c8     x86.obj
 0001:000020e0       ?_RtlAllocateHeap@12       004030e0     x86.obj
 0001:000020f4       ?_RtlInitUnicodeString@8   004030f4     x86.obj
 0001:00002110       ?_NtQueryDirectoryFile@44  00403110     x86.obj
 0001:0000212c       ?_LdrGetDllHandle@16       0040312c     x86.obj
 0001:00002140       ?_NtCreateSection@28       00403140     x86.obj
 0001:00002154       ?_NtClose@4                00403154     x86.obj
 0001:00002160       ?_RtlAppendUnicodeStringToString@8 00403160     x86.obj
 0001:00002184       ?_RtlFreeHeap@12           00403184     x86.obj
 0001:00002194       ?_RtlPushFrame@4           00403194     x86.obj
 0001:000021a8       ?_RtlPopFrame@4            004031a8     x86.obj
 0001:000021b8       ?_RtlGetFrame@0            004031b8     x86.obj
 0001:000021c8       ?_RtlImageDirectoryEntryToData@16 004031c8     x86.obj
 0001:000021ec       ?_LdrProcessRelocationBlock@16 004031ec     x86.obj
 0001:0000220c       ?_RtlEqualUnicodeString@12 0040320c     x86.obj
 0001:00002228       ?_RtlAddVectoredExceptionHandler@8 00403228     x86.obj
 0001:0000224c       ?_ZwSetContextThread@8     0040324c     x86.obj
 0001:00002264       ?_LdrLoadDll@16            00403264     x86.obj
 0001:00002274       ?_LdrUnloadDll@4           00403274     x86.obj
 0001:00002288       ?_RtlRemoveVectoredExceptionHandler@4 00403288     x86.obj
 0001:000022b0       ?_LdrAddRefDll@8           004032b0     x86.obj
 0001:000022c4       ?_RtlImageNtHeaderEx@20    004032c4     x86.obj
 0001:000022dc       ?_LdrEnumerateLoadedModules@12 004032dc     x86.obj
 0001:000022fc       ?_RtlWow64EnableFsRedirection@4 004032fc     x86.obj
 0001:0000231c       ?_RtlAppendUnicodeToString@8 0040331c     x86.obj
 0001:0000233c       ?_memcpy                   0040333c     x86.obj
 0001:00002348       ?_LdrGetProcedureAddress@16 00403348     x86.obj
 0001:00002364       ?_memset                   00403364     x86.obj
 0001:00002370       @ntdllp                    00403370     x86.obj
