 ScLfm

 Timestamp is 67a0c400 (Mon Feb  3 15:26:24 2025)

 Preferred load address is 00400000

 Start         Length     Name                   Class
 0001:00000000 00000610H .text$mn                CODE
 0001:00000610 00000a78H .text$mn$cpp            CODE
 0001:00001088 00000018H .text$mn$cpp$r          CODE
 0001:000010a0 00000046H .text$mn$cpp$s          CODE
 0001:000010e6 00000006H .text$nm                CODE
 0001:000010ec 000000daH .text$zz                CODE
 0002:00000000 000000b0H .rdata                  DATA
 0002:000000b0 00000000H .edata                  DATA
 0002:000000b0 00000064H .rdata$zzzdbg           DATA
 0003:00000000 00000000H .data                   DATA
 0003:00000000 00000008H .bss                    DATA

  Address         Publics by Value              Rva+Base       Lib:Object

 0000:00000000       ___AbsoluteZero            00000000     <absolute>
 0000:00000000       ___arm64x_extra_rfe_table  00000000     <absolute>
 0000:00000000       ___arm64x_extra_rfe_table_size 00000000     <absolute>
 0000:00000000       ___arm64x_native_entrypoint 00000000     <absolute>
 0000:00000000       ___arm64x_redirection_metadata 00000000     <absolute>
 0000:00000000       ___arm64x_redirection_metadata_count 00000000     <absolute>
 0000:00000000       ___dynamic_value_reloc_table 00000000     <absolute>
 0000:00000000       ___enclave_config          00000000     <absolute>
 0000:00000000       ___guard_check_icall_a64n_fptr 00000000     <absolute>
 0000:00000000       ___guard_eh_cont_count     00000000     <absolute>
 0000:00000000       ___guard_eh_cont_table     00000000     <absolute>
 0000:00000000       ___guard_fids_count        00000000     <absolute>
 0000:00000000       ___guard_fids_table        00000000     <absolute>
 0000:00000000       ___guard_flags             00000000     <absolute>
 0000:00000000       ___guard_iat_count         00000000     <absolute>
 0000:00000000       ___guard_iat_table         00000000     <absolute>
 0000:00000000       ___guard_longjmp_count     00000000     <absolute>
 0000:00000000       ___guard_longjmp_table     00000000     <absolute>
 0000:00000000       ___hybrid_auxiliary_delayload_iat 00000000     <absolute>
 0000:00000000       ___hybrid_auxiliary_delayload_iat_copy 00000000     <absolute>
 0000:00000000       ___hybrid_auxiliary_iat    00000000     <absolute>
 0000:00000000       ___hybrid_auxiliary_iat_copy 00000000     <absolute>
 0000:00000000       ___hybrid_code_map         00000000     <absolute>
 0000:00000000       ___hybrid_code_map_count   00000000     <absolute>
 0000:00000000       ___hybrid_image_info_bitfield 00000000     <absolute>
 0000:00000000       ___volatile_metadata       00000000     <absolute>
 0000:00000000       ___x64_code_ranges_to_entry_points 00000000     <absolute>
 0000:00000000       ___x64_code_ranges_to_entry_points_count 00000000     <absolute>
 0000:00000000       ___ImageBase               00400000     <linker-defined>
 0001:00000000       ?epASM@@YGXXZ              00401000 f   x86.obj
 0001:00000030       ?__Address@@YIPAXPBX@Z     00401030 f   x86.obj
 0001:00000043       __alloca_probe             00401043 f   x86.obj
 0001:00000043       __chkstk                   00401043 f   x86.obj
 0001:0000006e       ?aretFromMapViewOfSection@@YGJXZ 0040106e f   x86.obj
 0001:0000007a       _ZwMapViewOfSection@40     0040107a f   x86.obj
 0001:000000a6       _ZwUnmapViewOfSection@8    004010a6 f   x86.obj
 0001:000000d2       _RtlDosPathNameToNtPathName_U_WithStatus@16 004010d2 f   x86.obj
 0001:00000112       _NtOpenFile@24             00401112 f   x86.obj
 0001:00000136       _RtlFreeUnicodeString@4    00401136 f   x86.obj
 0001:00000162       _RtlGetCurrentPeb@0        00401162 f   x86.obj
 0001:0000018a       _RtlAllocateHeap@12        0040118a f   x86.obj
 0001:000001b2       _RtlInitUnicodeString@8    004011b2 f   x86.obj
 0001:000001de       _NtQueryDirectoryFile@44   004011de f   x86.obj
 0001:0000020a       _LdrGetDllHandle@16        0040120a f   x86.obj
 0001:00000232       _NtCreateSection@28        00401232 f   x86.obj
 0001:0000025a       _NtClose@4                 0040125a f   x86.obj
 0001:0000027a       _RtlAppendUnicodeStringToString@8 0040127a f   x86.obj
 0001:000002b2       _RtlFreeHeap@12            004012b2 f   x86.obj
 0001:000002d6       _RtlPushFrame@4            004012d6 f   x86.obj
 0001:000002fa       _RtlPopFrame@4             004012fa f   x86.obj
 0001:0000031e       _RtlGetFrame@0             0040131e f   x86.obj
 0001:00000342       _ZwProtectVirtualMemory@20 00401342 f   x86.obj
 0001:00000372       _RtlEqualUnicodeString@12  00401372 f   x86.obj
 0001:0000039e       _RtlSetProtectedPolicy@12  0040139e f   x86.obj
 0001:000003ca       _RtlAddVectoredExceptionHandler@8 004013ca f   x86.obj
 0001:00000402       _ZwSetContextThread@8      00401402 f   x86.obj
 0001:0000042e       _LdrLoadDll@16             0040142e f   x86.obj
 0001:00000452       _LdrUnloadDll@4            00401452 f   x86.obj
 0001:00000476       _RtlRemoveVectoredExceptionHandler@4 00401476 f   x86.obj
 0001:000004ae       _LdrAddRefDll@8            004014ae f   x86.obj
 0001:000004d2       _RtlImageNtHeaderEx@20     004014d2 f   x86.obj
 0001:000004fe       _RtlWow64EnableFsRedirection@4 004014fe f   x86.obj
 0001:00000532       _LdrEnumerateLoadedModules@12 00401532 f   x86.obj
 0001:00000562       _RtlAppendUnicodeToString@8 00401562 f   x86.obj
 0001:00000592       _memcpy                    00401592 f   x86.obj
 0001:000005b2       _LdrGetProcedureAddress@16 004015b2 f   x86.obj
 0001:000005e2       _memset                    004015e2 f   x86.obj
 0001:00000610       ?IsImageOk@@YGEKPAX@Z      00401610 f   ep.obj
 0001:0000071e       ?FindNoCfgDll@@YGJKPAU_UNICODE_STRING@@@Z 0040171e f   ep.obj
 0001:00000910       ?get@IMAGE_Ctx@@SGPAU1@XZ  00401910 f i ep.obj
 0001:00000964       ?OverwriteSection@@YGJPAX0PAU_IMAGE_NT_HEADERS@@@Z 00401964 f   ep.obj
 0001:00000af6       ?retFromMapViewOfSection@@YIJJ@Z 00401af6 f   ep.obj
 0001:00000b50       ?MyVexHandler@@YGJPAU_EXCEPTION_POINTERS@@@Z 00401b50 f   ep.obj
 0001:00000bf4       ?LoadLibraryFromMem@@YGJPAPAXPAXPAU_IMAGE_NT_HEADERS@@PBU_UNICODE_STRING@@@Z 00401bf4 f   ep.obj
 0001:00000d7a       ?CheckModule@@YGXPAU_LDR_DATA_TABLE_ENTRY@@PAUDSC@@PAE@Z 00401d7a f   ep.obj
 0001:00000dac       ?LoadLibraryFromMem@@YGJPAXKPAPAX@Z 00401dac f   ep.obj
 0001:00000ea9       ?get_hmod@@YIPAXPB_W@Z     00401ea9 f   ScEntry:GetFuncAddr.obj
 0001:00000ef3       ?GetFuncAddressEx@@YIPAXPAU_IMAGE_DOS_HEADER@@PBD@Z 00401ef3 f   ScEntry:GetFuncAddr.obj
 0001:00001088       __GUID_1fc98bca_1ba9_4397_93f9_349ead41e057 00402088     ep.obj
 0001:000010a0       ??_C@_1M@HNNPBALB@?$AA?$CK?$AA?4?$AAd?$AAl?$AAl@FNODOBFM@ 004020a0     ep.obj
 0001:000010b0       ??_C@_0BD@PPCCBCGB@ZwMapViewOfSection@FNODOBFM@ 004020b0     ep.obj
 0001:000010d0       ??_C@_1BG@NCCDOFIB@?$AA?2?$AAs?$AAy?$AAs?$AAt?$AAe?$AAm?$AA3?$AA2?$AA?2@FNODOBFM@ 004020d0     ep.obj
 0001:000010e6       ?sc_end@@YGPAXXZ           004020e6 f   ScEntry:prepare.obj
 0001:000010ec       ?ScEntry@@YGXPAU_PEB@@@Z   004020ec f   ScEntry:prepare.obj
 0002:00000000       ??_C@_0BF@EKFKPNAI@RtlInitUnicodeString@ 00403000     ScEntry:prepare.obj
 0002:00000018       ??_C@_1BI@NEOFKCPM@?$AAp?$AAr?$AAe?$AAp?$AAa?$AAr?$AAe?$AA?4?$AAd?$AAl?$AAl@ 00403018     ScEntry:prepare.obj
 0002:00000030       ??_C@_0L@HOFGLFDL@LdrLoadDll@ 00403030     ScEntry:prepare.obj
 0002:0000003c       ??_C@_0BH@GKPJJDBO@LdrGetProcedureAddress@ 0040303c     ScEntry:prepare.obj
 0002:00000054       ??_C@_0N@FIGJGHFN@LdrUnloadDll@ 00403054     ScEntry:prepare.obj
 0002:00000064       ??_C@_0BD@JDDPIELM@RtlExitUserProcess@ 00403064     ScEntry:prepare.obj
 0003:00000000       ___@@_PchSym_@00@UfhvihUsziibUwlxfnvmghUtrgsfyUhxUgnkUdrmDCUivovzhvUhxounUhgwzucOlyq@4B2008FD98C1DD4 00404000     stdafx.obj
 0003:00000004       ___@@_PchSym_@00@UfhvihUsziibUwlxfnvmghUtrgsfyUhxUgnkUdrmDCUivovzhvUhxvmgibUhgwzucOlyq@4B2008FD98C1DD4 00404004     ScEntry:stdafx.obj

 entry point at        0001:000010ec

 Static symbols

 0001:00000005       common_imp_call            00401005 f   x86.obj
 0001:00000603       ntdllp                     00401603 f   x86.obj
